Archive member included to satisfy reference by file (symbol)

C:/devkitPro/libctru/lib\libctru.a(console.o)
                              main.o (consoleSelect)
C:/devkitPro/libctru/lib\libctru.a(gfx.o)
                              C:/devkitPro/libctru/lib\libctru.a(console.o) (gfxIsWide)
C:/devkitPro/libctru/lib\libctru.a(gspgpu.o)
                              C:/devkitPro/libctru/lib\libctru.a(gfx.o) (gspInit)
C:/devkitPro/libctru/lib\libctru.a(apt.o)
                              main.o (aptMainLoop)
C:/devkitPro/libctru/lib\libctru.a(hid.o)
                              main.o (hidScanInput)
C:/devkitPro/libctru/lib\libctru.a(swkbd.o)
                              main.o (swkbdInit)
C:/devkitPro/libctru/lib\libctru.a(utf16_to_utf8.o)
                              C:/devkitPro/libctru/lib\libctru.a(swkbd.o) (utf16_to_utf8)
C:/devkitPro/libctru/lib\libctru.a(decode_utf16.o)
                              C:/devkitPro/libctru/lib\libctru.a(utf16_to_utf8.o) (decode_utf16)
C:/devkitPro/libctru/lib\libctru.a(utf8_to_utf16.o)
                              C:/devkitPro/libctru/lib\libctru.a(swkbd.o) (utf8_to_utf16)
C:/devkitPro/libctru/lib\libctru.a(ctru_init.o)
                              C:/devkitPro/libctru/lib\libctru.a(apt.o) (__system_retAddr)
C:/devkitPro/libctru/lib\libctru.a(initArgv.o)
                              C:/devkitPro/libctru/lib\libctru.a(ctru_init.o) (__system_initArgv)
C:/devkitPro/libctru/lib\libctru.a(svc.o)
                              C:/devkitPro/libctru/lib\libctru.a(apt.o) (svcSleepThread)
C:/devkitPro/libctru/lib\libctru.a(stack_adjust.o)
                              c:/devkitpro/devkitarm/bin/../lib/gcc/arm-none-eabi/11.2.0/../../../../arm-none-eabi/lib/armv6k/fpu/3dsx_crt0.o (initSystem)
C:/devkitPro/libctru/lib\libctru.a(default_font.bin.o)
                              C:/devkitPro/libctru/lib\libctru.a(console.o) (default_font_bin)
C:/devkitPro/libctru/lib\libctru.a(vram.o)
                              C:/devkitPro/libctru/lib\libctru.a(gfx.o) (vramAlloc)
C:/devkitPro/libctru/lib\libctru.a(linear.o)
                              C:/devkitPro/libctru/lib\libctru.a(gfx.o) (linearAlloc)
C:/devkitPro/libctru/lib\libctru.a(mem_pool.o)
                              C:/devkitPro/libctru/lib\libctru.a(vram.o) (MemPool::Allocate(MemChunk&, unsigned long, int))
C:/devkitPro/libctru/lib\libctru.a(synchronization.o)
                              C:/devkitPro/libctru/lib\libctru.a(ctru_init.o) (__sync_init)
C:/devkitPro/libctru/lib\libctru.a(os.o)
                              C:/devkitPro/libctru/lib\libctru.a(apt.o) (__ctru_speedup_config)
C:/devkitPro/libctru/lib\libctru.a(3dslink.o)
                              C:/devkitPro/libctru/lib\libctru.a(initArgv.o) (__3dslink_host)
C:/devkitPro/libctru/lib\libctru.a(srv.o)
                              C:/devkitPro/libctru/lib\libctru.a(apt.o) (srvInit)
C:/devkitPro/libctru/lib\libctru.a(thread.o)
                              C:/devkitPro/libctru/lib\libctru.a(gspgpu.o) (threadCreate)
C:/devkitPro/libctru/lib\libctru.a(mappable.o)
                              C:/devkitPro/libctru/lib\libctru.a(gspgpu.o) (mappableAlloc)
C:/devkitPro/libctru/lib\libctru.a(irrst.o)
                              C:/devkitPro/libctru/lib\libctru.a(hid.o) (irrstInit)
C:/devkitPro/libctru/lib\libctru.a(srvpm.o)
                              C:/devkitPro/libctru/lib\libctru.a(srv.o) (srvPmGetSessionHandle)
C:/devkitPro/libctru/lib\libctru.a(ptmsysm.o)
                              C:/devkitPro/libctru/lib\libctru.a(os.o) (ptmSysmInit)
C:/devkitPro/libctru/lib\libctru.a(soc_socket.o)
                              C:/devkitPro/libctru/lib\libctru.a(3dslink.o) (socket)
C:/devkitPro/libctru/lib\libctru.a(soc_connect.o)
                              C:/devkitPro/libctru/lib\libctru.a(3dslink.o) (connect)
C:/devkitPro/libctru/lib\libctru.a(soc_common.o)
                              C:/devkitPro/libctru/lib\libctru.a(soc_socket.o) (_net_convert_error)
C:/devkitPro/libctru/lib\libctru.a(rbtree_init.o)
                              C:/devkitPro/libctru/lib\libctru.a(vram.o) (rbtree_init)
C:/devkitPro/libctru/lib\libctru.a(rbtree_insert.o)
                              C:/devkitPro/libctru/lib\libctru.a(vram.o) (rbtree_insert)
C:/devkitPro/libctru/lib\libctru.a(rbtree_rotate.o)
                              C:/devkitPro/libctru/lib\libctru.a(rbtree_insert.o) (rbtree_rotate)
C:/devkitPro/libctru/lib\libctru.a(rbtree_remove.o)
                              C:/devkitPro/libctru/lib\libctru.a(vram.o) (rbtree_remove)
C:/devkitPro/libctru/lib\libctru.a(rbtree_find.o)
                              C:/devkitPro/libctru/lib\libctru.a(vram.o) (rbtree_find)
C:/devkitPro/libctru/lib\libctru.a(encode_utf16.o)
                              C:/devkitPro/libctru/lib\libctru.a(utf8_to_utf16.o) (encode_utf16)
C:/devkitPro/libctru/lib\libctru.a(encode_utf8.o)
[...]
Memory Configuration

Name             Origin             Length             Attributes
*default*        0x0000000000000000 0xffffffffffffffff

Linker script and memory map

                0x0000000000100000                PROVIDE (__start__ = 0x100000)
                0x0000000000100000                . = __start__

.text           0x0000000000100000    0x238d4
 *(.crt0)
 .crt0          0x0000000000100000       0x94 c:/devkitpro/devkitarm/bin/../lib/gcc/arm-none-eabi/11.2.0/../../../../arm-none-eabi/lib/armv6k/fpu/3dsx_crt0.o
                0x0000000000100000                _start
                0x0000000000100008                __service_ptr
                0x000000000010000c                __apt_appid
                0x0000000000100010                __heap_size
                0x0000000000100014                __linear_heap_size
                0x0000000000100018                __system_arglist
                0x000000000010001c                __system_runflags
 *(.init)
 .init          0x0000000000100094        0xc c:/devkitpro/devkitarm/bin/../lib/gcc/arm-none-eabi/11.2.0/armv6k/fpu/crti.o
                0x0000000000100094                _init
 .init          0x00000000001000a0        0xc c:/devkitpro/devkitarm/bin/../lib/gcc/arm-none-eabi/11.2.0/armv6k/fpu/crtn.o
                0x00000000001000ac                . = ALIGN (0x4)
 *(.text)
 .text          0x00000000001000ac      0x240 c:/devkitpro/devkitarm/bin/../lib/gcc/arm-none-eabi/11.2.0/armv6k/fpu\libgcc.a(_divsi3.o)
                0x00000000001000ac                __divsi3
                0x00000000001000ac                __aeabi_idiv
                0x00000000001002cc                __aeabi_idivmod
 .text          0x00000000001002ec        0x4 c:/devkitpro/devkitarm/bin/../lib/gcc/arm-none-eabi/11.2.0/armv6k/fpu\libgcc.a(_dvmd_tls.o)
                0x00000000001002ec                __aeabi_idiv0
                0x00000000001002ec                __aeabi_ldiv0
 .text          0x00000000001002f0       0x3c c:/devkitpro/devkitarm/bin/../lib/gcc/arm-none-eabi/11.2.0/armv6k/fpu\libgcc.a(_aeabi_uldivmod.o)
                0x00000000001002f0                __aeabi_uldivmod
 *fill*         0x000000000010032c       0x14 
 .text          0x0000000000100340      0x390 c:/devkitpro/devkitarm/bin/../lib/gcc/arm-none-eabi/11.2.0/../../../../arm-none-eabi/lib/armv6k/fpu\libg.a(lib_a-strcmp.o)
                0x0000000000100348                strcmp
 .text          0x00000000001006d0      0x20c c:/devkitpro/devkitarm/bin/../lib/gcc/arm-none-eabi/11.2.0/armv6k/fpu\libgcc.a(_udivsi3.o)
                0x00000000001006d0                __aeabi_uidiv
                0x00000000001006d0                __udivsi3
                0x00000000001008bc                __aeabi_uidivmod
 .text          0x00000000001008dc      0x3c0 c:/devkitpro/devkitarm/bin/../lib/gcc/arm-none-eabi/11.2.0/armv6k/fpu\libgcc.a(_arm_addsubdf3.o)
                0x00000000001008dc                __aeabi_drsub
                0x00000000001008e4                __aeabi_dsub
                0x00000000001008e4                __subdf3
                0x00000000001008e8                __aeabi_dadd
                0x00000000001008e8                __adddf3
                0x0000000000100b94                __floatunsidf
                0x0000000000100b94                __aeabi_ui2d
                0x0000000000100bb8                __floatsidf
                0x0000000000100bb8                __aeabi_i2d
                0x0000000000100be0                __aeabi_f2d
                0x0000000000100be0                __extendsfdf2
                0x0000000000100c28                __floatundidf
                0x0000000000100c28                __aeabi_ul2d
                0x0000000000100c3c                __floatdidf
                0x0000000000100c3c                __aeabi_l2d
 *(.text.*)
 .text.__do_global_dtors_aux
                0x0000000000100c9c       0x40 c:/devkitpro/devkitarm/bin/../lib/gcc/arm-none-eabi/11.2.0/armv6k/fpu/crtbegin.o
 .text.frame_dummy
                0x0000000000100cdc       0x2c c:/devkitpro/devkitarm/bin/../lib/gcc/arm-none-eabi/11.2.0/armv6k/fpu/crtbegin.o
 .text.refresh  0x0000000000100d08       0xb4 main.o
                0x0000000000100d08                refresh
 .text.setString
                0x0000000000100dbc      0x8e4 main.o
                0x0000000000100dbc                setString
 .text.startup.main
                0x00000000001016a0      0x414 main.o
                0x00000000001016a0                main
 .text.parseColor
                0x0000000000101ab4      0x204 C:/devkitPro/libctru/lib\libctru.a(console.o)
 .text.consoleSelect
                0x0000000000101cb8       0x18 C:/devkitPro/libctru/lib\libctru.a(console.o)
                0x0000000000101cb8                consoleSelect
 .text.consoleDrawChar
                0x0000000000101cd0      0x1ac C:/devkitPro/libctru/lib\libctru.a(console.o)
                0x0000000000101cd0                consoleDrawChar
 .text.consolePrintChar
                0x0000000000101e7c      0x124 C:/devkitPro/libctru/lib\libctru.a(console.o)
                0x0000000000101e7c                consolePrintChar
 .text.con_write
                0x0000000000101fa0      0xb00 C:/devkitPro/libctru/lib\libctru.a(console.o)
                0x0000000000101fa0                con_write
 .text.newRow   0x0000000000102aa0       0xf4 C:/devkitPro/libctru/lib\libctru.a(console.o)
 .text.consoleInit
                0x0000000000102b94      0x168 C:/devkitPro/libctru/lib\libctru.a(console.o)
                0x0000000000102b94                consoleInit
 .text.gfxPresentFramebuffer
                0x0000000000102cfc       0xd0 C:/devkitPro/libctru/lib\libctru.a(gfx.o)
 .text.gfxIsWide
                0x0000000000102dcc       0x1c C:/devkitPro/libctru/lib\libctru.a(gfx.o)
                0x0000000000102dcc                gfxIsWide
 .text.gfxSetScreenFormat
                0x0000000000102de8       0xec C:/devkitPro/libctru/lib\libctru.a(gfx.o)
                0x0000000000102de8                gfxSetScreenFormat
 .text.gfxSetDoubleBuffering
                0x0000000000102ed4       0x10 C:/devkitPro/libctru/lib\libctru.a(gfx.o)
                0x0000000000102ed4                gfxSetDoubleBuffering
 .text.gfxInit  0x0000000000102ee4       0xe8 C:/devkitPro/libctru/lib\libctru.a(gfx.o)
                0x0000000000102ee4                gfxInit
 .text.gfxInitDefault
                0x0000000000102fcc       0x10 C:/devkitPro/libctru/lib\libctru.a(gfx.o)
                0x0000000000102fcc                gfxInitDefault
 .text.gfxExit  0x0000000000102fdc       0xb4 C:/devkitPro/libctru/lib\libctru.a(gfx.o)
                0x0000000000102fdc                gfxExit
 .text.gfxGetFramebuffer
                0x0000000000103090       0xa0 C:/devkitPro/libctru/lib\libctru.a(gfx.o)
                0x0000000000103090                gfxGetFramebuffer
 .text.gfxFlushBuffers
                0x0000000000103130      0x10c C:/devkitPro/libctru/lib\libctru.a(gfx.o)
                0x0000000000103130                gfxFlushBuffers
 .text.gfxSwapBuffers
                0x000000000010323c       0x50 C:/devkitPro/libctru/lib\libctru.a(gfx.o)
                0x000000000010323c                gfxSwapBuffers
 .text.gfxSwapBuffersGpu
                0x000000000010328c       0x50 C:/devkitPro/libctru/lib\libctru.a(gfx.o)
                0x000000000010328c                gfxSwapBuffersGpu
 .text.gspHardwareInit
                0x00000000001032dc      0xc58 C:/devkitPro/libctru/lib\libctru.a(gspgpu.o)
 .text.gspInit  0x0000000000103f34      0x24c C:/devkitPro/libctru/lib\libctru.a(gspgpu.o)
                0x0000000000103f34                gspInit
 .text.gspExit  0x0000000000104180       0xf0 C:/devkitPro/libctru/lib\libctru.a(gspgpu.o)
                0x0000000000104180                gspExit
 .text.gspHasGpuRight
                0x0000000000104270       0x10 C:/devkitPro/libctru/lib\libctru.a(gspgpu.o)
                0x0000000000104270                gspHasGpuRight
 .text.gspPresentBuffer
                0x0000000000104280       0xa0 C:/devkitPro/libctru/lib\libctru.a(gspgpu.o)
                0x0000000000104280                gspPresentBuffer
 .text.gspWaitForEvent
                0x0000000000104320       0x50 C:/devkitPro/libctru/lib\libctru.a(gspgpu.o)
                0x0000000000104320                gspWaitForEvent
 .text.gxCmdQueueInterrupt
                0x0000000000104370        0x4 C:/devkitPro/libctru/lib\libctru.a(gspgpu.o)
                0x0000000000104370                gxCmdQueueInterrupt
 .text.gspEventThreadMain
                0x0000000000104374      0x160 C:/devkitPro/libctru/lib\libctru.a(gspgpu.o)
 .text.GSPGPU_FlushDataCache
                0x00000000001044d4       0x50 C:/devkitPro/libctru/lib\libctru.a(gspgpu.o)
                0x00000000001044d4                GSPGPU_FlushDataCache
 .text.GSPGPU_SetLcdForceBlack
                0x0000000000104524       0x34 C:/devkitPro/libctru/lib\libctru.a(gspgpu.o)
                0x0000000000104524                GSPGPU_SetLcdForceBlack
 .text.GSPGPU_AcquireRight
                0x0000000000104558       0x68 C:/devkitPro/libctru/lib\libctru.a(gspgpu.o)
                0x0000000000104558                GSPGPU_AcquireRight
 .text.GSPGPU_ReleaseRight
                0x00000000001045c0       0x48 C:/devkitPro/libctru/lib\libctru.a(gspgpu.o)
                0x00000000001045c0                GSPGPU_ReleaseRight
 .text.GSPGPU_ImportDisplayCaptureInfo
                0x0000000000104608       0x7c C:/devkitPro/libctru/lib\libctru.a(gspgpu.o)
                0x0000000000104608                GSPGPU_ImportDisplayCaptureInfo
 .text.GSPGPU_SaveVramSysArea
                0x0000000000104684       0x2c C:/devkitPro/libctru/lib\libctru.a(gspgpu.o)
                0x0000000000104684                GSPGPU_SaveVramSysArea
 .text.GSPGPU_RestoreVramSysArea
                0x00000000001046b0       0x2c C:/devkitPro/libctru/lib\libctru.a(gspgpu.o)
                0x00000000001046b0                GSPGPU_RestoreVramSysArea
 .text.aptConvertScreenForCapture
                0x00000000001046dc      0x1b0 C:/devkitPro/libctru/lib\libctru.a(apt.o)
 .text.aptDspSleep
                0x000000000010488c        0x8 C:/devkitPro/libctru/lib\libctru.a(apt.o)
                0x000000000010488c                aptDspSleep
 .text.aptDspWakeup
                0x0000000000104894        0x4 C:/devkitPro/libctru/lib\libctru.a(apt.o)
                0x0000000000104894                aptDspWakeup
 .text.aptDspCancel
                0x0000000000104898        0x4 C:/devkitPro/libctru/lib\libctru.a(apt.o)
                0x0000000000104898                aptDspCancel
 .text.aptSendCommand
                0x000000000010489c      0x15c C:/devkitPro/libctru/lib\libctru.a(apt.o)
                0x000000000010489c                aptSendCommand
 .text.aptExitProcess
                0x00000000001049f8       0x38 C:/devkitPro/libctru/lib\libctru.a(apt.o)
 .text.aptExit  0x0000000000104a30      0x2f0 C:/devkitPro/libctru/lib\libctru.a(apt.o)
                0x0000000000104a30                aptExit
 .text.aptHandleSleep
                0x0000000000104d20       0xd8 C:/devkitPro/libctru/lib\libctru.a(apt.o)
                0x0000000000104d20                aptHandleSleep
 .text.aptSetMessageCallback
                0x0000000000104df8       0x1c C:/devkitPro/libctru/lib\libctru.a(apt.o)
                0x0000000000104df8                aptSetMessageCallback
 .text.APT_SleepIfShellClosed
                0x0000000000104e14       0x84 C:/devkitPro/libctru/lib\libctru.a(apt.o)
                0x0000000000104e14                APT_SleepIfShellClosed
 .text.aptSetSleepAllowed
                0x0000000000104e98       0x84 C:/devkitPro/libctru/lib\libctru.a(apt.o)
                0x0000000000104e98                aptSetSleepAllowed
 .text.APT_UnlockTransition
                0x0000000000104f1c       0x84 C:/devkitPro/libctru/lib\libctru.a(apt.o)
                0x0000000000104f1c                APT_UnlockTransition
 .text.aptEventHandler
                0x0000000000104fa0      0x484 C:/devkitPro/libctru/lib\libctru.a(apt.o)
 .text.APT_ReceiveParameter
                0x0000000000105424       0xb0 C:/devkitPro/libctru/lib\libctru.a(apt.o)
                0x0000000000105424                APT_ReceiveParameter
 .text.aptReceiveParameter.constprop.0
                0x00000000001054d4       0xb0 C:/devkitPro/libctru/lib\libctru.a(apt.o)
 *fill*         0x0000000000105584        0x4 
 .text.aptScreenTransfer
                0x0000000000105588      0x2bc C:/devkitPro/libctru/lib\libctru.a(apt.o)
 .text.aptWaitForWakeUp.isra.0
                0x0000000000105844      0x374 C:/devkitPro/libctru/lib\libctru.a(apt.o)
 .text.aptLaunchLibraryApplet
                0x0000000000105bb8      0x118 C:/devkitPro/libctru/lib\libctru.a(apt.o)
                0x0000000000105bb8                aptLaunchLibraryApplet
 .text.aptJumpToHomeMenu
                0x0000000000105cd0       0xf8 C:/devkitPro/libctru/lib\libctru.a(apt.o)
                0x0000000000105cd0                aptJumpToHomeMenu
 .text.aptMainLoop
                0x0000000000105dc8       0x4c C:/devkitPro/libctru/lib\libctru.a(apt.o)
                0x0000000000105dc8                aptMainLoop
 .text.aptInit  0x0000000000105e14      0x234 C:/devkitPro/libctru/lib\libctru.a(apt.o)
                0x0000000000105e14                aptInit
 .text.APT_SendParameter
                0x0000000000106048       0x5c C:/devkitPro/libctru/lib\libctru.a(apt.o)
                0x0000000000106048                APT_SendParameter
 .text.APT_CheckNew3DS
                0x00000000001060a4       0x7c C:/devkitPro/libctru/lib\libctru.a(apt.o)
                0x00000000001060a4                APT_CheckNew3DS
 .text.hidShouldUseIrrst
                0x0000000000106120       0x24 C:/devkitPro/libctru/lib\libctru.a(hid.o)
                0x0000000000106120                hidShouldUseIrrst
 .text.hidInit  0x0000000000106144      0x18c C:/devkitPro/libctru/lib\libctru.a(hid.o)
                0x0000000000106144                hidInit
 .text.hidExit  0x00000000001062d0       0xe8 C:/devkitPro/libctru/lib\libctru.a(hid.o)
                0x00000000001062d0                hidExit
 .text.hidScanInput
                0x00000000001063b8      0x2a4 C:/devkitPro/libctru/lib\libctru.a(hid.o)
                0x00000000001063b8                hidScanInput
 .text.hidKeysHeld
                0x000000000010665c       0x10 C:/devkitPro/libctru/lib\libctru.a(hid.o)
                0x000000000010665c                hidKeysHeld
 .text.hidKeysDown
                0x000000000010666c       0x10 C:/devkitPro/libctru/lib\libctru.a(hid.o)
                0x000000000010666c                hidKeysDown
 .text.swkbdMessageCallback
                0x000000000010667c      0x178 C:/devkitPro/libctru/lib\libctru.a(swkbd.o)
 .text.swkbdInit
                0x00000000001067f4       0x78 C:/devkitPro/libctru/lib\libctru.a(swkbd.o)
                0x00000000001067f4                swkbdInit
 .text.swkbdSetFeatures
                0x000000000010686c       0x3c C:/devkitPro/libctru/lib\libctru.a(swkbd.o)
                0x000000000010686c                swkbdSetFeatures
 .text.swkbdSetHintText
                0x00000000001068a8       0x50 C:/devkitPro/libctru/lib\libctru.a(swkbd.o)
                0x00000000001068a8                swkbdSetHintText
 .text.swkbdSetButton
                0x00000000001068f8       0x6c C:/devkitPro/libctru/lib\libctru.a(swkbd.o)
                0x00000000001068f8                swkbdSetButton
 .text.swkbdSetDictWord
                0x0000000000106964       0x9c C:/devkitPro/libctru/lib\libctru.a(swkbd.o)
                0x0000000000106964                swkbdSetDictWord
 .text.swkbdSetDictionary
                0x0000000000106a00       0x14 C:/devkitPro/libctru/lib\libctru.a(swkbd.o)
                0x0000000000106a00                swkbdSetDictionary
 .text.swkbdInputText
                0x0000000000106a14      0x3a8 C:/devkitPro/libctru/lib\libctru.a(swkbd.o)
                0x0000000000106a14                swkbdInputText
 .text.utf16_to_utf8
                0x0000000000106dbc       0xe8 C:/devkitPro/libctru/lib\libctru.a(utf16_to_utf8.o)
                0x0000000000106dbc                utf16_to_utf8
 .text.decode_utf16
                0x0000000000106ea4       0x64 C:/devkitPro/libctru/lib\libctru.a(decode_utf16.o)
                0x0000000000106ea4                decode_utf16
 .text.utf8_to_utf16
                0x0000000000106f08       0xc0 C:/devkitPro/libctru/lib\libctru.a(utf8_to_utf16.o)
                0x0000000000106f08                utf8_to_utf16
 .text.__libctru_init
                0x0000000000106fc8       0x38 C:/devkitPro/libctru/lib\libctru.a(ctru_init.o)
                0x0000000000106fc8                __libctru_init
 .text.__system_initArgv
                0x0000000000107000      0x168 C:/devkitPro/libctru/lib\libctru.a(initArgv.o)
                0x0000000000107000                __system_initArgv
 .text.svcControlMemory
                0x0000000000107168       0x20 C:/devkitPro/libctru/lib\libctru.a(svc.o)
                0x0000000000107168                svcControlMemory
 .text.svcQueryMemory
                0x0000000000107188       0x30 C:/devkitPro/libctru/lib\libctru.a(svc.o)
                0x0000000000107188                svcQueryMemory
 .text.svcExitProcess
                0x00000000001071b8        0x8 C:/devkitPro/libctru/lib\libctru.a(svc.o)
                0x00000000001071b8                svcExitProcess
 .text.svcCreateThread
                0x00000000001071c0       0x20 C:/devkitPro/libctru/lib\libctru.a(svc.o)
                0x00000000001071c0                svcCreateThread
 .text.svcExitThread
                0x00000000001071e0        0x8 C:/devkitPro/libctru/lib\libctru.a(svc.o)
                0x00000000001071e0                svcExitThread
 .text.svcSleepThread
                0x00000000001071e8        0x8 C:/devkitPro/libctru/lib\libctru.a(svc.o)
                0x00000000001071e8                svcSleepThread
 .text.svcReleaseMutex
                0x00000000001071f0        0x8 C:/devkitPro/libctru/lib\libctru.a(svc.o)
                0x00000000001071f0                svcReleaseMutex
 .text.svcCreateEvent
                0x00000000001071f8       0x14 C:/devkitPro/libctru/lib\libctru.a(svc.o)
                0x00000000001071f8                svcCreateEvent
 .text.svcSignalEvent
                0x000000000010720c        0x8 C:/devkitPro/libctru/lib\libctru.a(svc.o)
                0x000000000010720c                svcSignalEvent
 .text.svcClearEvent
                0x0000000000107214        0x8 C:/devkitPro/libctru/lib\libctru.a(svc.o)
                0x0000000000107214                svcClearEvent
 .text.svcCreateMemoryBlock
                0x000000000010721c       0x18 C:/devkitPro/libctru/lib\libctru.a(svc.o)
                0x000000000010721c                svcCreateMemoryBlock
 .text.svcMapMemoryBlock
                0x0000000000107234        0x8 C:/devkitPro/libctru/lib\libctru.a(svc.o)
                0x0000000000107234                svcMapMemoryBlock
 .text.svcUnmapMemoryBlock
                0x000000000010723c        0x8 C:/devkitPro/libctru/lib\libctru.a(svc.o)
                0x000000000010723c                svcUnmapMemoryBlock
 .text.svcCreateAddressArbiter
                0x0000000000107244       0x14 C:/devkitPro/libctru/lib\libctru.a(svc.o)
                0x0000000000107244                svcCreateAddressArbiter
 .text.svcArbitrateAddressNoTimeout
                0x0000000000107258        0x8 C:/devkitPro/libctru/lib\libctru.a(svc.o)
                0x0000000000107258                svcArbitrateAddressNoTimeout
 .text.svcCloseHandle
                0x0000000000107260        0x8 C:/devkitPro/libctru/lib\libctru.a(svc.o)
                0x0000000000107260                svcCloseHandle
 .text.svcWaitSynchronization
                0x0000000000107268        0x8 C:/devkitPro/libctru/lib\libctru.a(svc.o)
                0x0000000000107268                svcWaitSynchronization
 .text.svcWaitSynchronizationN
                0x0000000000107270       0x28 C:/devkitPro/libctru/lib\libctru.a(svc.o)
                0x0000000000107270                svcWaitSynchronizationN
 .text.svcDuplicateHandle
                0x0000000000107298       0x14 C:/devkitPro/libctru/lib\libctru.a(svc.o)
                0x0000000000107298                svcDuplicateHandle
 .text.svcConnectToPort
                0x00000000001072ac       0x14 C:/devkitPro/libctru/lib\libctru.a(svc.o)
                0x00000000001072ac                svcConnectToPort
 .text.svcSendSyncRequest
                0x00000000001072c0        0x8 C:/devkitPro/libctru/lib\libctru.a(svc.o)
                0x00000000001072c0                svcSendSyncRequest
 .text.svcGetResourceLimit
                0x00000000001072c8       0x14 C:/devkitPro/libctru/lib\libctru.a(svc.o)
                0x00000000001072c8                svcGetResourceLimit
 .text.svcGetResourceLimitLimitValues
                0x00000000001072dc        0x8 C:/devkitPro/libctru/lib\libctru.a(svc.o)
                0x00000000001072dc                svcGetResourceLimitLimitValues
 .text.svcGetResourceLimitCurrentValues
                0x00000000001072e4        0x8 C:/devkitPro/libctru/lib\libctru.a(svc.o)
                0x00000000001072e4                svcGetResourceLimitCurrentValues
 .text.svcBreak
                0x00000000001072ec        0x8 C:/devkitPro/libctru/lib\libctru.a(svc.o)
                0x00000000001072ec                svcBreak
 .text.initSystem
                0x00000000001072f4       0x50 C:/devkitPro/libctru/lib\libctru.a(stack_adjust.o)
                0x00000000001072f4                initSystem
 .text.__ctru_exit
                0x0000000000107344       0x18 C:/devkitPro/libctru/lib\libctru.a(stack_adjust.o)
                0x0000000000107344                __ctru_exit
 .text._ZL21addrMapNodeComparatorPK11rbtree_nodeS1_
                0x000000000010735c       0x24 C:/devkitPro/libctru/lib\libctru.a(vram.o)
 .text._ZL21addrMapNodeDestructorP11rbtree_node
                0x0000000000107380        0x4 C:/devkitPro/libctru/lib\libctru.a(vram.o)
 .text.vramMemAlignAt
                0x0000000000107384      0x258 C:/devkitPro/libctru/lib\libctru.a(vram.o)
                0x0000000000107384                vramMemAlignAt
 .text.vramAlloc
                0x00000000001075dc        0xc C:/devkitPro/libctru/lib\libctru.a(vram.o)
                0x00000000001075dc                vramAlloc
 .text.vramFree
                0x00000000001075e8       0x90 C:/devkitPro/libctru/lib\libctru.a(vram.o)
                0x00000000001075e8                vramFree
 .text._ZL21addrMapNodeComparatorPK11rbtree_nodeS1_
                0x0000000000107678       0x24 C:/devkitPro/libctru/lib\libctru.a(linear.o)
 .text._ZL21addrMapNodeDestructorP11rbtree_node
                0x000000000010769c        0x4 C:/devkitPro/libctru/lib\libctru.a(linear.o)
 .text.linearMemAlign
                0x00000000001076a0      0x130 C:/devkitPro/libctru/lib\libctru.a(linear.o)
                0x00000000001076a0                linearMemAlign
 .text.linearAlloc
                0x00000000001077d0        0x8 C:/devkitPro/libctru/lib\libctru.a(linear.o)
                0x00000000001077d0                linearAlloc
 .text.linearFree
                0x00000000001077d8       0x5c C:/devkitPro/libctru/lib\libctru.a(linear.o)
                0x00000000001077d8                linearFree
 .text._ZN7MemPool13CoalesceRightEP8MemBlock
                0x0000000000107834       0x80 C:/devkitPro/libctru/lib\libctru.a(mem_pool.o)
                0x0000000000107834                MemPool::CoalesceRight(MemBlock*)
 .text._ZN7MemPool8AllocateER8MemChunkmi
                0x00000000001078b4      0x174 C:/devkitPro/libctru/lib\libctru.a(mem_pool.o)
                0x00000000001078b4                MemPool::Allocate(MemChunk&, unsigned long, int)
 .text._ZN7MemPool10DeallocateERK8MemChunk
                0x0000000000107a28       0xfc C:/devkitPro/libctru/lib\libctru.a(mem_pool.o)
                0x0000000000107a28                MemPool::Deallocate(MemChunk const&)
 .text._ZN7MemPool12GetFreeSpaceEv
                0x0000000000107b24       0x30 C:/devkitPro/libctru/lib\libctru.a(mem_pool.o)
                0x0000000000107b24                MemPool::GetFreeSpace()
 .text.__sync_init
                0x0000000000107b54        0xc C:/devkitPro/libctru/lib\libctru.a(synchronization.o)
                0x0000000000107b54                __sync_init
 .text.__sync_fini
                0x0000000000107b60       0x18 C:/devkitPro/libctru/lib\libctru.a(synchronization.o)
                0x0000000000107b60                __sync_fini
 .text.syncArbitrateAddress
                0x0000000000107b78       0x2c C:/devkitPro/libctru/lib\libctru.a(synchronization.o)
                0x0000000000107b78                syncArbitrateAddress
 .text.LightLock_Lock
                0x0000000000107ba4       0x94 C:/devkitPro/libctru/lib\libctru.a(synchronization.o)
                0x0000000000107ba4                LightLock_Lock
 .text.LightLock_Unlock
                0x0000000000107c38       0x40 C:/devkitPro/libctru/lib\libctru.a(synchronization.o)
                0x0000000000107c38                LightLock_Unlock
 .text.RecursiveLock_Init
                0x0000000000107c78       0x24 C:/devkitPro/libctru/lib\libctru.a(synchronization.o)
                0x0000000000107c78                RecursiveLock_Init
 .text.RecursiveLock_Lock
                0x0000000000107c9c       0x30 C:/devkitPro/libctru/lib\libctru.a(synchronization.o)
                0x0000000000107c9c                RecursiveLock_Lock
 .text.RecursiveLock_Unlock
                0x0000000000107ccc       0x54 C:/devkitPro/libctru/lib\libctru.a(synchronization.o)
                0x0000000000107ccc                RecursiveLock_Unlock
 .text.LightEvent_Init
                0x0000000000107d20       0x40 C:/devkitPro/libctru/lib\libctru.a(synchronization.o)
                0x0000000000107d20                LightEvent_Init
 .text.LightEvent_Clear
                0x0000000000107d60       0xa4 C:/devkitPro/libctru/lib\libctru.a(synchronization.o)
                0x0000000000107d60                LightEvent_Clear
 .text.LightEvent_Signal
                0x0000000000107e04       0xc8 C:/devkitPro/libctru/lib\libctru.a(synchronization.o)
                0x0000000000107e04                LightEvent_Signal
 .text.LightEvent_TryWait
                0x0000000000107ecc       0x58 C:/devkitPro/libctru/lib\libctru.a(synchronization.o)
                0x0000000000107ecc                LightEvent_TryWait
 .text.LightEvent_Wait
                0x0000000000107f24       0xb0 C:/devkitPro/libctru/lib\libctru.a(synchronization.o)
                0x0000000000107f24                LightEvent_Wait
 .text.__ctru_speedup_config
                0x0000000000107fd4       0x34 C:/devkitPro/libctru/lib\libctru.a(os.o)
                0x0000000000107fd4                __ctru_speedup_config
 .text.srvInit  0x0000000000108008      0x124 C:/devkitPro/libctru/lib\libctru.a(srv.o)
                0x0000000000108008                srvInit
 .text.srvExit  0x000000000010812c       0x58 C:/devkitPro/libctru/lib\libctru.a(srv.o)
                0x000000000010812c                srvExit
 .text.srvGetServiceHandleDirect
                0x0000000000108184       0x80 C:/devkitPro/libctru/lib\libctru.a(srv.o)
                0x0000000000108184                srvGetServiceHandleDirect
 .text.srvGetServiceHandle
                0x0000000000108204       0x48 C:/devkitPro/libctru/lib\libctru.a(srv.o)
                0x0000000000108204                srvGetServiceHandle
 .text.srvPublishToSubscriber
                0x000000000010824c       0x38 C:/devkitPro/libctru/lib\libctru.a(srv.o)
                0x000000000010824c                srvPublishToSubscriber
 .text.threadCreate
                0x0000000000108284      0x188 C:/devkitPro/libctru/lib\libctru.a(thread.o)
                0x0000000000108284                threadCreate
 .text.threadFree
                0x000000000010840c       0x2c C:/devkitPro/libctru/lib\libctru.a(thread.o)
                0x000000000010840c                threadFree
 .text.threadJoin
                0x0000000000108438       0x24 C:/devkitPro/libctru/lib\libctru.a(thread.o)
                0x0000000000108438                threadJoin
 .text.threadGetCurrent
                0x000000000010845c       0x30 C:/devkitPro/libctru/lib\libctru.a(thread.o)
                0x000000000010845c                threadGetCurrent
 .text.threadExit
                0x000000000010848c       0x40 C:/devkitPro/libctru/lib\libctru.a(thread.o)
                0x000000000010848c                threadExit
 .text._thread_begin
                0x00000000001084cc       0x44 C:/devkitPro/libctru/lib\libctru.a(thread.o)
 .text.mappableFindAddressWithin
                0x0000000000108510       0x94 C:/devkitPro/libctru/lib\libctru.a(mappable.o)
 .text.mappableInit
                0x00000000001085a4       0x28 C:/devkitPro/libctru/lib\libctru.a(mappable.o)
                0x00000000001085a4                mappableInit
 .text.mappableAlloc
                0x00000000001085cc       0x80 C:/devkitPro/libctru/lib\libctru.a(mappable.o)
                0x00000000001085cc                mappableAlloc
 .text.mappableFree
                0x000000000010864c        0x4 C:/devkitPro/libctru/lib\libctru.a(mappable.o)
                0x000000000010864c                mappableFree
 .text.irrstInit
                0x0000000000108650      0x160 C:/devkitPro/libctru/lib\libctru.a(irrst.o)
                0x0000000000108650                irrstInit
 .text.irrstExit
                0x00000000001087b0       0xcc C:/devkitPro/libctru/lib\libctru.a(irrst.o)
                0x00000000001087b0                irrstExit
 .text.irrstScanInput
                0x000000000010887c       0xb4 C:/devkitPro/libctru/lib\libctru.a(irrst.o)
                0x000000000010887c                irrstScanInput
 .text.irrstKeysHeld
                0x0000000000108930       0x24 C:/devkitPro/libctru/lib\libctru.a(irrst.o)
                0x0000000000108930                irrstKeysHeld
 .text.srvPmGetSessionHandle
                0x0000000000108954        0xc C:/devkitPro/libctru/lib\libctru.a(srvpm.o)
                0x0000000000108954                srvPmGetSessionHandle
 .text.ptmSysmInit
                0x0000000000108960       0x74 C:/devkitPro/libctru/lib\libctru.a(ptmsysm.o)
                0x0000000000108960                ptmSysmInit
 .text.ptmSysmExit
                0x00000000001089d4       0x3c C:/devkitPro/libctru/lib\libctru.a(ptmsysm.o)
                0x00000000001089d4                ptmSysmExit
 .text.PTMSYSM_ConfigureNew3DSCPU
                0x0000000000108a10       0x34 C:/devkitPro/libctru/lib\libctru.a(ptmsysm.o)
                0x0000000000108a10                PTMSYSM_ConfigureNew3DSCPU
 .text.rbtree_init
                0x0000000000108a44       0x10 C:/devkitPro/libctru/lib\libctru.a(rbtree_init.o)
                0x0000000000108a44                rbtree_init
 .text.do_insert
                0x0000000000108a54      0x1a8 C:/devkitPro/libctru/lib\libctru.a(rbtree_insert.o)
 .text.rbtree_insert
                0x0000000000108bfc        0x8 C:/devkitPro/libctru/lib\libctru.a(rbtree_insert.o)
                0x0000000000108bfc                rbtree_insert
 .text.rbtree_rotate
                0x0000000000108c04       0x90 C:/devkitPro/libctru/lib\libctru.a(rbtree_rotate.o)
                0x0000000000108c04                rbtree_rotate
 .text.rbtree_remove
                0x0000000000108c94      0x338 C:/devkitPro/libctru/lib\libctru.a(rbtree_remove.o)
                0x0000000000108c94                rbtree_remove
 .text.rbtree_find
                0x0000000000108fcc       0x74 C:/devkitPro/libctru/lib\libctru.a(rbtree_find.o)
                0x0000000000108fcc                rbtree_find
 .text.encode_utf16
                0x0000000000109040       0x60 C:/devkitPro/libctru/lib\libctru.a(encode_utf16.o)
                0x0000000000109040                encode_utf16
 .text.encode_utf8
                0x00000000001090a0       0xfc C:/devkitPro/libctru/lib\libctru.a(encode_utf8.o)
                0x00000000001090a0                encode_utf8
 .text.decode_utf8
                0x000000000010919c      0x13c C:/devkitPro/libctru/lib\libctru.a(decode_utf8.o)
                0x000000000010919c                decode_utf8
 .text.__appInit
                0x00000000001092d8       0x30 C:/devkitPro/libctru/lib\libctru.a(appInit.o)
                0x00000000001092d8                __appInit
 .text.__syscall_getreent
                0x0000000000109308       0x30 C:/devkitPro/libctru/lib\libctru.a(syscalls.o)
                0x0000000000109308                __syscall_getreent
 .text.__syscall_lock_acquire
                0x0000000000109338        0x4 C:/devkitPro/libctru/lib\libctru.a(syscalls.o)
                0x0000000000109338                __syscall_lock_acquire
 .text.__syscall_lock_release
                0x000000000010933c        0x4 C:/devkitPro/libctru/lib\libctru.a(syscalls.o)
                0x000000000010933c                __syscall_lock_release
 .text.__syscall_lock_init_recursive
                0x0000000000109340        0x4 C:/devkitPro/libctru/lib\libctru.a(syscalls.o)
                0x0000000000109340                __syscall_lock_init_recursive
 .text.__syscall_lock_acquire_recursive
                0x0000000000109344        0x4 C:/devkitPro/libctru/lib\libctru.a(syscalls.o)
                0x0000000000109344                __syscall_lock_acquire_recursive
 .text.__syscall_lock_release_recursive
                0x0000000000109348        0x4 C:/devkitPro/libctru/lib\libctru.a(syscalls.o)
                0x0000000000109348                __syscall_lock_release_recursive
 .text.__syscall_exit
                0x000000000010934c        0x4 C:/devkitPro/libctru/lib\libctru.a(syscalls.o)
                0x000000000010934c                __syscall_exit
 .text.__system_initSyscalls
                0x0000000000109350       0x60 C:/devkitPro/libctru/lib\libctru.a(syscalls.o)
                0x0000000000109350                __system_initSyscalls
 .text.__system_allocateHeaps
                0x00000000001093b0      0x1e0 C:/devkitPro/libctru/lib\libctru.a(allocateHeaps.o)
                0x00000000001093b0                __system_allocateHeaps
 .text.__appExit
                0x0000000000109590       0x30 C:/devkitPro/libctru/lib\libctru.a(appExit.o)
                0x0000000000109590                __appExit
 .text.__libctru_exit
                0x00000000001095c0       0x90 C:/devkitPro/libctru/lib\libctru.a(ctru_exit.o)
                0x00000000001095c0                __libctru_exit
 .text.envGetHandle
                0x0000000000109650       0x84 C:/devkitPro/libctru/lib\libctru.a(env.o)
                0x0000000000109650                envGetHandle
 .text.envDestroyHandles
                0x00000000001096d4       0x50 C:/devkitPro/libctru/lib\libctru.a(env.o)
                0x00000000001096d4                envDestroyHandles
 .text.archive_link
                0x0000000000109724       0x14 C:/devkitPro/libctru/lib\libctru.a(archive_dev.o)
 .text.archive_dirreset
                0x0000000000109738       0x14 C:/devkitPro/libctru/lib\libctru.a(archive_dev.o)
 .text.archive_chmod
                0x000000000010974c       0x14 C:/devkitPro/libctru/lib\libctru.a(archive_dev.o)
 .text.error_cmp
                0x0000000000109760       0x24 C:/devkitPro/libctru/lib\libctru.a(archive_dev.o)
 .text.archive_translate_error
                0x0000000000109784       0x50 C:/devkitPro/libctru/lib\libctru.a(archive_dev.o)
 .text.archive_seek
                0x00000000001097d4       0xd4 C:/devkitPro/libctru/lib\libctru.a(archive_dev.o)
 .text._archiveInit.part.0
                0x00000000001098a8       0x7c C:/devkitPro/libctru/lib\libctru.a(archive_dev.o)
 .text.archiveFindDevice.part.0
                0x0000000000109924       0x8c C:/devkitPro/libctru/lib\libctru.a(archive_dev.o)
 .text.archive_utf16path
                0x00000000001099b0      0x260 C:/devkitPro/libctru/lib\libctru.a(archive_dev.o)
 .text._archiveUnmountDeviceStruct.part.0
                0x0000000000109c10       0xa0 C:/devkitPro/libctru/lib\libctru.a(archive_dev.o)
 .text.archive_fchmod
                0x0000000000109cb0       0x14 C:/devkitPro/libctru/lib\libctru.a(archive_dev.o)
 .text.archive_statvfs
                0x0000000000109cc4       0x14 C:/devkitPro/libctru/lib\libctru.a(archive_dev.o)
 .text._archiveMountDevice
                0x0000000000109cd8      0x158 C:/devkitPro/libctru/lib\libctru.a(archive_dev.o)
 .text.archive_diropen
                0x0000000000109e30       0xe8 C:/devkitPro/libctru/lib\libctru.a(archive_dev.o)
 .text.archive_fstat
                0x0000000000109f18       0xa4 C:/devkitPro/libctru/lib\libctru.a(archive_dev.o)
 .text.archive_close
                0x0000000000109fbc       0x6c C:/devkitPro/libctru/lib\libctru.a(archive_dev.o)
 .text.archive_fsync
                0x000000000010a028       0x6c C:/devkitPro/libctru/lib\libctru.a(archive_dev.o)
 .text.archive_dirclose
                0x000000000010a094       0x70 C:/devkitPro/libctru/lib\libctru.a(archive_dev.o)
 .text.sdmc_statvfs
                0x000000000010a104       0xe8 C:/devkitPro/libctru/lib\libctru.a(archive_dev.o)
 .text.archive_ftruncate
                0x000000000010a1ec       0x80 C:/devkitPro/libctru/lib\libctru.a(archive_dev.o)
 .text.archive_chdir
                0x000000000010a26c       0xfc C:/devkitPro/libctru/lib\libctru.a(archive_dev.o)
 .text.archive_read
                0x000000000010a368       0xb0 C:/devkitPro/libctru/lib\libctru.a(archive_dev.o)
 .text.archive_unlink
                0x000000000010a418       0xac C:/devkitPro/libctru/lib\libctru.a(archive_dev.o)
 .text.archive_rmdir
                0x000000000010a4c4       0xc8 C:/devkitPro/libctru/lib\libctru.a(archive_dev.o)
 .text.archive_mkdir
                0x000000000010a58c       0xec C:/devkitPro/libctru/lib\libctru.a(archive_dev.o)
 .text.archive_stat
                0x000000000010a678      0x1a8 C:/devkitPro/libctru/lib\libctru.a(archive_dev.o)
 .text.archive_rename
                0x000000000010a820      0x26c C:/devkitPro/libctru/lib\libctru.a(archive_dev.o)
 .text.archive_dirnext
                0x000000000010aa8c      0x168 C:/devkitPro/libctru/lib\libctru.a(archive_dev.o)
 .text.archive_write
                0x000000000010abf4      0x12c C:/devkitPro/libctru/lib\libctru.a(archive_dev.o)
 .text.archive_open
                0x000000000010ad20      0x1e8 C:/devkitPro/libctru/lib\libctru.a(archive_dev.o)
 .text.archiveMountSdmc
                0x000000000010af08      0x1a4 C:/devkitPro/libctru/lib\libctru.a(archive_dev.o)
                0x000000000010af08                archiveMountSdmc
 .text.archiveUnmountAll
                0x000000000010b0ac       0x54 C:/devkitPro/libctru/lib\libctru.a(archive_dev.o)
                0x000000000010b0ac                archiveUnmountAll
 .text.fsInit   0x000000000010b100       0xc8 C:/devkitPro/libctru/lib\libctru.a(fs.o)
                0x000000000010b100                fsInit
 .text.fsExit   0x000000000010b1c8       0x3c C:/devkitPro/libctru/lib\libctru.a(fs.o)
                0x000000000010b1c8                fsExit
 .text.fsExemptFromSession
                0x000000000010b204       0x60 C:/devkitPro/libctru/lib\libctru.a(fs.o)
                0x000000000010b204                fsExemptFromSession
 .text.fsUnexemptFromSession
                0x000000000010b264       0x50 C:/devkitPro/libctru/lib\libctru.a(fs.o)
                0x000000000010b264                fsUnexemptFromSession
 .text.FSUSER_OpenFile
                0x000000000010b2b4       0xcc C:/devkitPro/libctru/lib\libctru.a(fs.o)
                0x000000000010b2b4                FSUSER_OpenFile
 .text.FSUSER_DeleteFile
                0x000000000010b380       0xbc C:/devkitPro/libctru/lib\libctru.a(fs.o)
                0x000000000010b380                FSUSER_DeleteFile
 .text.FSUSER_RenameFile
                0x000000000010b43c       0xf8 C:/devkitPro/libctru/lib\libctru.a(fs.o)
                0x000000000010b43c                FSUSER_RenameFile
 .text.FSUSER_DeleteDirectory
                0x000000000010b534       0xbc C:/devkitPro/libctru/lib\libctru.a(fs.o)
                0x000000000010b534                FSUSER_DeleteDirectory
 .text.FSUSER_CreateFile
                0x000000000010b5f0       0xd4 C:/devkitPro/libctru/lib\libctru.a(fs.o)
                0x000000000010b5f0                FSUSER_CreateFile
 .text.FSUSER_CreateDirectory
                0x000000000010b6c4       0xc4 C:/devkitPro/libctru/lib\libctru.a(fs.o)
                0x000000000010b6c4                FSUSER_CreateDirectory
 .text.FSUSER_RenameDirectory
                0x000000000010b788       0xf8 C:/devkitPro/libctru/lib\libctru.a(fs.o)
                0x000000000010b788                FSUSER_RenameDirectory
 .text.FSUSER_OpenDirectory
                0x000000000010b880       0xb4 C:/devkitPro/libctru/lib\libctru.a(fs.o)
                0x000000000010b880                FSUSER_OpenDirectory
 .text.FSUSER_OpenArchive
                0x000000000010b934       0x94 C:/devkitPro/libctru/lib\libctru.a(fs.o)
                0x000000000010b934                FSUSER_OpenArchive
 .text.FSUSER_CloseArchive
                0x000000000010b9c8       0x8c C:/devkitPro/libctru/lib\libctru.a(fs.o)
                0x000000000010b9c8                FSUSER_CloseArchive
 .text.FSUSER_GetSdmcArchiveResource
                0x000000000010ba54       0x74 C:/devkitPro/libctru/lib\libctru.a(fs.o)
                0x000000000010ba54                FSUSER_GetSdmcArchiveResource
 .text.FSUSER_IsSdmcWritable
                0x000000000010bac8       0x64 C:/devkitPro/libctru/lib\libctru.a(fs.o)
                0x000000000010bac8                FSUSER_IsSdmcWritable
 .text.FSFILE_Read
                0x000000000010bb2c       0x58 C:/devkitPro/libctru/lib\libctru.a(fs.o)
                0x000000000010bb2c                FSFILE_Read
 .text.FSFILE_Write
                0x000000000010bb84       0x60 C:/devkitPro/libctru/lib\libctru.a(fs.o)
                0x000000000010bb84                FSFILE_Write
 .text.FSFILE_GetSize
                0x000000000010bbe4       0x38 C:/devkitPro/libctru/lib\libctru.a(fs.o)
                0x000000000010bbe4                FSFILE_GetSize
 .text.FSFILE_SetSize
                0x000000000010bc1c       0x28 C:/devkitPro/libctru/lib\libctru.a(fs.o)
                0x000000000010bc1c                FSFILE_SetSize
 .text.FSFILE_Close
                0x000000000010bc44       0x3c C:/devkitPro/libctru/lib\libctru.a(fs.o)
                0x000000000010bc44                FSFILE_Close
 .text.FSFILE_Flush
                0x000000000010bc80       0x24 C:/devkitPro/libctru/lib\libctru.a(fs.o)
                0x000000000010bc80                FSFILE_Flush
 .text.FSDIR_Read
                0x000000000010bca4       0x50 C:/devkitPro/libctru/lib\libctru.a(fs.o)
                0x000000000010bca4                FSDIR_Read
 .text.FSDIR_Close
                0x000000000010bcf4       0x3c C:/devkitPro/libctru/lib\libctru.a(fs.o)
                0x000000000010bcf4                FSDIR_Close
 .text.rbtree_node_next
                0x000000000010bd30       0x58 C:/devkitPro/libctru/lib\libctru.a(rbtree_iterator.o)
                0x000000000010bd30                rbtree_node_next
 .text.__aeabi_read_tp
                0x000000000010bd88        0xc C:/devkitPro/libctru/lib\libctru.a(readtp.o)
                0x000000000010bd88                __aeabi_read_tp
 .text.__udivmoddi4
                0x000000000010bd94      0x120 c:/devkitpro/devkitarm/bin/../lib/gcc/arm-none-eabi/11.2.0/armv6k/fpu\libgcc.a(_udivmoddi4.o)
                0x000000000010bd94                __udivmoddi4
 .text.bsearch  0x000000000010beb4       0x78 c:/devkitpro/devkitarm/bin/../lib/gcc/arm-none-eabi/11.2.0/../../../../arm-none-eabi/lib/armv6k/fpu\libg.a(lib_a-bsearch.o)
                0x000000000010beb4                bsearch
 .text.__errno  0x000000000010bf2c        0xc c:/devkitpro/devkitarm/bin/../lib/gcc/arm-none-eabi/11.2.0/../../../../arm-none-eabi/lib/armv6k/fpu\libg.a(lib_a-errno.o)
                0x000000000010bf2c                __errno
 .text.exit     0x000000000010bf38       0x34 c:/devkitpro/devkitarm/bin/../lib/gcc/arm-none-eabi/11.2.0/../../../../arm-none-eabi/lib/armv6k/fpu\libg.a(lib_a-exit.o)
                0x000000000010bf38                exit
 .text._fclose_r
                0x000000000010bf6c      0x160 c:/devkitpro/devkitarm/bin/../lib/gcc/arm-none-eabi/11.2.0/../../../../arm-none-eabi/lib/armv6k/fpu\libg.a(lib_a-fclose.o)
                0x000000000010bf6c                _fclose_r
 .text.fclose   0x000000000010c0cc       0x20 c:/devkitpro/devkitarm/bin/../lib/gcc/arm-none-eabi/11.2.0/../../../../arm-none-eabi/lib/armv6k/fpu\libg.a(lib_a-fclose.o)
                0x000000000010c0cc                fclose
 .text.__sflush_r
                0x000000000010c0ec      0x258 c:/devkitpro/devkitarm/bin/../lib/gcc/arm-none-eabi/11.2.0/../../../../arm-none-eabi/lib/armv6k/fpu\libg.a(lib_a-fflush.o)
                0x000000000010c0ec                __sflush_r
 .text._fflush_r
                0x000000000010c344       0x94 c:/devkitpro/devkitarm/bin/../lib/gcc/arm-none-eabi/11.2.0/../../../../arm-none-eabi/lib/armv6k/fpu\libg.a(lib_a-fflush.o)
                0x000000000010c344                _fflush_r
 .text.fflush   0x000000000010c3d8       0x38 c:/devkitpro/devkitarm/bin/../lib/gcc/arm-none-eabi/11.2.0/../../../../arm-none-eabi/lib/armv6k/fpu\libg.a(lib_a-fflush.o)
                0x000000000010c3d8                fflush
 .text._cleanup_r
                0x000000000010c410        0xc c:/devkitpro/devkitarm/bin/../lib/gcc/arm-none-eabi/11.2.0/../../../../arm-none-eabi/lib/armv6k/fpu\libg.a(lib_a-findfp.o)
                0x000000000010c410                _cleanup_r
 .text.__sinit  0x000000000010c41c      0x184 c:/devkitpro/devkitarm/bin/../lib/gcc/arm-none-eabi/11.2.0/../../../../arm-none-eabi/lib/armv6k/fpu\libg.a(lib_a-findfp.o)
                0x000000000010c41c                __sinit
 .text.__sfp    0x000000000010c5a0      0x134 c:/devkitpro/devkitarm/bin/../lib/gcc/arm-none-eabi/11.2.0/../../../../arm-none-eabi/lib/armv6k/fpu\libg.a(lib_a-findfp.o)
                0x000000000010c5a0                __sfp
 .text.__sfp_lock_acquire
                0x000000000010c6d4        0xc c:/devkitpro/devkitarm/bin/../lib/gcc/arm-none-eabi/11.2.0/../../../../arm-none-eabi/lib/armv6k/fpu\libg.a(lib_a-findfp.o)
                0x000000000010c6d4                __sfp_lock_acquire
 .text.__sfp_lock_release
                0x000000000010c6e0        0xc c:/devkitpro/devkitarm/bin/../lib/gcc/arm-none-eabi/11.2.0/../../../../arm-none-eabi/lib/armv6k/fpu\libg.a(lib_a-findfp.o)
                0x000000000010c6e0                __sfp_lock_release
 .text.__libc_fini_array
                0x000000000010c6ec       0x3c c:/devkitpro/devkitarm/bin/../lib/gcc/arm-none-eabi/11.2.0/../../../../arm-none-eabi/lib/armv6k/fpu\libg.a(lib_a-fini.o)
                0x000000000010c6ec                __libc_fini_array
 .text._fopen_r
                0x000000000010c728      0x140 c:/devkitpro/devkitarm/bin/../lib/gcc/arm-none-eabi/11.2.0/../../../../arm-none-eabi/lib/armv6k/fpu\libg.a(lib_a-fopen.o)
                0x000000000010c728                _fopen_r
 .text.fopen    0x000000000010c868       0x28 c:/devkitpro/devkitarm/bin/../lib/gcc/arm-none-eabi/11.2.0/../../../../arm-none-eabi/lib/armv6k/fpu\libg.a(lib_a-fopen.o)
                0x000000000010c868                fopen
 .text._malloc_trim_r
                0x000000000010c890       0xf8 c:/devkitpro/devkitarm/bin/../lib/gcc/arm-none-eabi/11.2.0/../../../../arm-none-eabi/lib/armv6k/fpu\libg.a(lib_a-freer.o)
                0x000000000010c890                _malloc_trim_r
 .text._free_r  0x000000000010c988      0x2e4 c:/devkitpro/devkitarm/bin/../lib/gcc/arm-none-eabi/11.2.0/../../../../arm-none-eabi/lib/armv6k/fpu\libg.a(lib_a-freer.o)
                0x000000000010c988                _free_r
 .text._fseek_r
                0x000000000010cc6c       0x1c c:/devkitpro/devkitarm/bin/../lib/gcc/arm-none-eabi/11.2.0/../../../../arm-none-eabi/lib/armv6k/fpu\libg.a(lib_a-fseek.o)
                0x000000000010cc6c                _fseek_r
 .text._fseeko_r
                0x000000000010cc88      0x598 c:/devkitpro/devkitarm/bin/../lib/gcc/arm-none-eabi/11.2.0/../../../../arm-none-eabi/lib/armv6k/fpu\libg.a(lib_a-fseeko.o)
                0x000000000010cc88                _fseeko_r
 .text._fwalk   0x000000000010d220       0x68 c:/devkitpro/devkitarm/bin/../lib/gcc/arm-none-eabi/11.2.0/../../../../arm-none-eabi/lib/armv6k/fpu\libg.a(lib_a-fwalk.o)
                0x000000000010d220                _fwalk
 .text._fwalk_reent
                0x000000000010d288       0x70 c:/devkitpro/devkitarm/bin/../lib/gcc/arm-none-eabi/11.2.0/../../../../arm-none-eabi/lib/armv6k/fpu\libg.a(lib_a-fwalk.o)
                0x000000000010d288                _fwalk_reent
 .text._fwrite_r
                0x000000000010d2f8       0xf8 c:/devkitpro/devkitarm/bin/../lib/gcc/arm-none-eabi/11.2.0/../../../../arm-none-eabi/lib/armv6k/fpu\libg.a(lib_a-fwrite.o)
                0x000000000010d2f8                _fwrite_r
 .text.fwrite   0x000000000010d3f0       0x38 c:/devkitpro/devkitarm/bin/../lib/gcc/arm-none-eabi/11.2.0/../../../../arm-none-eabi/lib/armv6k/fpu\libg.a(lib_a-fwrite.o)
                0x000000000010d3f0                fwrite
 .text.__libc_init_array
                0x000000000010d428       0x7c c:/devkitpro/devkitarm/bin/../lib/gcc/arm-none-eabi/11.2.0/../../../../arm-none-eabi/lib/armv6k/fpu\libg.a(lib_a-init.o)
                0x000000000010d428                __libc_init_array
 .text.__smakebuf_r
                0x000000000010d4a4      0x138 c:/devkitpro/devkitarm/bin/../lib/gcc/arm-none-eabi/11.2.0/../../../../arm-none-eabi/lib/armv6k/fpu\libg.a(lib_a-makebuf.o)
                0x000000000010d4a4                __smakebuf_r
 .text.__swhatbuf_r
                0x000000000010d5dc       0x8c c:/devkitpro/devkitarm/bin/../lib/gcc/arm-none-eabi/11.2.0/../../../../arm-none-eabi/lib/armv6k/fpu\libg.a(lib_a-makebuf.o)
                0x000000000010d5dc                __swhatbuf_r
 .text.memalign
                0x000000000010d668       0x28 c:/devkitpro/devkitarm/bin/../lib/gcc/arm-none-eabi/11.2.0/../../../../arm-none-eabi/lib/armv6k/fpu\libg.a(lib_a-malign.o)
                0x000000000010d668                memalign
 .text._memalign_r
                0x000000000010d690      0x150 c:/devkitpro/devkitarm/bin/../lib/gcc/arm-none-eabi/11.2.0/../../../../arm-none-eabi/lib/armv6k/fpu\libg.a(lib_a-malignr.o)
                0x000000000010d690                _memalign_r
 .text.malloc   0x000000000010d7e0       0x20 c:/devkitpro/devkitarm/bin/../lib/gcc/arm-none-eabi/11.2.0/../../../../arm-none-eabi/lib/armv6k/fpu\libg.a(lib_a-malloc.o)
                0x000000000010d7e0                malloc
 .text.free     0x000000000010d800       0x20 c:/devkitpro/devkitarm/bin/../lib/gcc/arm-none-eabi/11.2.0/../../../../arm-none-eabi/lib/armv6k/fpu\libg.a(lib_a-malloc.o)
                0x000000000010d800                free
 .text._malloc_r
                0x000000000010d820      0x7e0 c:/devkitpro/devkitarm/bin/../lib/gcc/arm-none-eabi/11.2.0/../../../../arm-none-eabi/lib/armv6k/fpu\libg.a(lib_a-mallocr.o)
                0x000000000010d820                _malloc_r
 .text.memchr   0x000000000010e000       0xe0 c:/devkitpro/devkitarm/bin/../lib/gcc/arm-none-eabi/11.2.0/../../../../arm-none-eabi/lib/armv6k/fpu\libg.a(lib_a-memchr-stub.o)
                0x000000000010e000                memchr
 .text.memcpy   0x000000000010e0e0      0x11c c:/devkitpro/devkitarm/bin/../lib/gcc/arm-none-eabi/11.2.0/../../../../arm-none-eabi/lib/armv6k/fpu\libg.a(lib_a-memcpy-stub.o)
                0x000000000010e0e0                memcpy
 .text.memset   0x000000000010e1fc      0x118 c:/devkitpro/devkitarm/bin/../lib/gcc/arm-none-eabi/11.2.0/../../../../arm-none-eabi/lib/armv6k/fpu\libg.a(lib_a-memset.o)
                0x000000000010e1fc                memset
 .text.__malloc_lock
                0x000000000010e314        0xc c:/devkitpro/devkitarm/bin/../lib/gcc/arm-none-eabi/11.2.0/../../../../arm-none-eabi/lib/armv6k/fpu\libg.a(lib_a-mlock.o)
                0x000000000010e314                __malloc_lock
 .text.__malloc_unlock
                0x000000000010e320        0xc c:/devkitpro/devkitarm/bin/../lib/gcc/arm-none-eabi/11.2.0/../../../../arm-none-eabi/lib/armv6k/fpu\libg.a(lib_a-mlock.o)
                0x000000000010e320                __malloc_unlock
 .text.printf   0x000000000010e32c       0x34 c:/devkitpro/devkitarm/bin/../lib/gcc/arm-none-eabi/11.2.0/../../../../arm-none-eabi/lib/armv6k/fpu\libg.a(lib_a-printf.o)
                0x000000000010e32c                printf
 .text.lflush   0x000000000010e360       0x1c c:/devkitpro/devkitarm/bin/../lib/gcc/arm-none-eabi/11.2.0/../../../../arm-none-eabi/lib/armv6k/fpu\libg.a(lib_a-refill.o)
 .text.__srefill_r
                0x000000000010e37c      0x1ac c:/devkitpro/devkitarm/bin/../lib/gcc/arm-none-eabi/11.2.0/../../../../arm-none-eabi/lib/armv6k/fpu\libg.a(lib_a-refill.o)
                0x000000000010e37c                __srefill_r
 .text.remove   0x000000000010e528       0x58 c:/devkitpro/devkitarm/bin/../lib/gcc/arm-none-eabi/11.2.0/../../../../arm-none-eabi/lib/armv6k/fpu\libg.a(lib_a-remove.o)
                0x000000000010e528                remove
 .text.setvbuf  0x000000000010e580      0x260 c:/devkitpro/devkitarm/bin/../lib/gcc/arm-none-eabi/11.2.0/../../../../arm-none-eabi/lib/armv6k/fpu\libg.a(lib_a-setvbuf.o)
                0x000000000010e580                setvbuf
 .text.sscanf   0x000000000010e7e0       0x74 c:/devkitpro/devkitarm/bin/../lib/gcc/arm-none-eabi/11.2.0/../../../../arm-none-eabi/lib/armv6k/fpu\libg.a(lib_a-sscanf.o)
                0x000000000010e7e0                sscanf
 .text.__sread  0x000000000010e854       0x44 c:/devkitpro/devkitarm/bin/../lib/gcc/arm-none-eabi/11.2.0/../../../../arm-none-eabi/lib/armv6k/fpu\libg.a(lib_a-stdio.o)
                0x000000000010e854                __sread
 .text.__seofread
                0x000000000010e898        0x8 c:/devkitpro/devkitarm/bin/../lib/gcc/arm-none-eabi/11.2.0/../../../../arm-none-eabi/lib/armv6k/fpu\libg.a(lib_a-stdio.o)
                0x000000000010e898                __seofread
 .text.__swrite
                0x000000000010e8a0       0x68 c:/devkitpro/devkitarm/bin/../lib/gcc/arm-none-eabi/11.2.0/../../../../arm-none-eabi/lib/armv6k/fpu\libg.a(lib_a-stdio.o)
                0x000000000010e8a0                __swrite
 .text.__sseek  0x000000000010e908       0x48 c:/devkitpro/devkitarm/bin/../lib/gcc/arm-none-eabi/11.2.0/../../../../arm-none-eabi/lib/armv6k/fpu\libg.a(lib_a-stdio.o)
                0x000000000010e908                __sseek
 .text.__sclose
                0x000000000010e950        0x8 c:/devkitpro/devkitarm/bin/../lib/gcc/arm-none-eabi/11.2.0/../../../../arm-none-eabi/lib/armv6k/fpu\libg.a(lib_a-stdio.o)
                0x000000000010e950                __sclose
 .text.strlen   0x000000000010e958       0x5c c:/devkitpro/devkitarm/bin/../lib/gcc/arm-none-eabi/11.2.0/../../../../arm-none-eabi/lib/armv6k/fpu\libg.a(lib_a-strlen-stub.o)
                0x000000000010e958                strlen
 .text.strncat  0x000000000010e9b4       0xec c:/devkitpro/devkitarm/bin/../lib/gcc/arm-none-eabi/11.2.0/../../../../arm-none-eabi/lib/armv6k/fpu\libg.a(lib_a-strncat.o)
                0x000000000010e9b4                strncat
 .text.strncmp  0x000000000010eaa0       0xdc c:/devkitpro/devkitarm/bin/../lib/gcc/arm-none-eabi/11.2.0/../../../../arm-none-eabi/lib/armv6k/fpu\libg.a(lib_a-strncmp.o)
                0x000000000010eaa0                strncmp
 .text.strncpy  0x000000000010eb7c       0xc0 c:/devkitpro/devkitarm/bin/../lib/gcc/arm-none-eabi/11.2.0/../../../../arm-none-eabi/lib/armv6k/fpu\libg.a(lib_a-strncpy.o)
                0x000000000010eb7c                strncpy
 .text.strnlen  0x000000000010ec3c       0x48 c:/devkitpro/devkitarm/bin/../lib/gcc/arm-none-eabi/11.2.0/../../../../arm-none-eabi/lib/armv6k/fpu\libg.a(lib_a-strnlen.o)
                0x000000000010ec3c                strnlen
 .text._strtoul_l.constprop.0
                0x000000000010ec84      0x1c4 c:/devkitpro/devkitarm/bin/../lib/gcc/arm-none-eabi/11.2.0/../../../../arm-none-eabi/lib/armv6k/fpu\libg.a(lib_a-strtoul.o)
 .text._strtoul_r
                0x000000000010ee48        0x4 c:/devkitpro/devkitarm/bin/../lib/gcc/arm-none-eabi/11.2.0/../../../../arm-none-eabi/lib/armv6k/fpu\libg.a(lib_a-strtoul.o)
                0x000000000010ee48                _strtoul_r
 .text.strtoul  0x000000000010ee4c       0x30 c:/devkitpro/devkitarm/bin/../lib/gcc/arm-none-eabi/11.2.0/../../../../arm-none-eabi/lib/armv6k/fpu\libg.a(lib_a-strtoul.o)
                0x000000000010ee4c                strtoul
 .text.get_arg  0x000000000010ee7c       0x50 c:/devkitpro/devkitarm/bin/../lib/gcc/arm-none-eabi/11.2.0/../../../../arm-none-eabi/lib/armv6k/fpu\libg.a(lib_a-svfscanf.o)
 .text.__ssvfscanf_r
                0x000000000010eecc     0x2bbc c:/devkitpro/devkitarm/bin/../lib/gcc/arm-none-eabi/11.2.0/../../../../arm-none-eabi/lib/armv6k/fpu\libg.a(lib_a-svfscanf.o)
                0x000000000010eecc                __ssvfscanf_r
 .text.get_arg  0x0000000000111a88      0x628 c:/devkitpro/devkitarm/bin/../lib/gcc/arm-none-eabi/11.2.0/../../../../arm-none-eabi/lib/armv6k/fpu\libg.a(lib_a-vfprintf.o)
 .text._vfprintf_r
                0x00000000001120b0     0x3684 c:/devkitpro/devkitarm/bin/../lib/gcc/arm-none-eabi/11.2.0/../../../../arm-none-eabi/lib/armv6k/fpu\libg.a(lib_a-vfprintf.o)
                0x00000000001120b0                _vfprintf_r
 .text.__sbprintf
                0x0000000000115734       0xd4 c:/devkitpro/devkitarm/bin/../lib/gcc/arm-none-eabi/11.2.0/../../../../arm-none-eabi/lib/armv6k/fpu\libg.a(lib_a-vfprintf.o)
 .text._wcrtomb_r
                0x0000000000115808       0x54 c:/devkitpro/devkitarm/bin/../lib/gcc/arm-none-eabi/11.2.0/../../../../arm-none-eabi/lib/armv6k/fpu\libg.a(lib_a-wcrtomb.o)
                0x0000000000115808                _wcrtomb_r
 .text._wcsrtombs_r
                0x000000000011585c       0x28 c:/devkitpro/devkitarm/bin/../lib/gcc/arm-none-eabi/11.2.0/../../../../arm-none-eabi/lib/armv6k/fpu\libg.a(lib_a-wcsrtombs.o)
                0x000000000011585c                _wcsrtombs_r
 .text.__swsetup_r
                0x0000000000115884      0x154 c:/devkitpro/devkitarm/bin/../lib/gcc/arm-none-eabi/11.2.0/../../../../arm-none-eabi/lib/armv6k/fpu\libg.a(lib_a-wsetup.o)
                0x0000000000115884                __swsetup_r
 .text.__call_exitprocs
                0x00000000001159d8      0x114 c:/devkitpro/devkitarm/bin/../lib/gcc/arm-none-eabi/11.2.0/../../../../arm-none-eabi/lib/armv6k/fpu\libg.a(lib_a-__call_atexit.o)
                0x00000000001159d8                __call_exitprocs
 .text.quorem   0x0000000000115aec      0x1ac c:/devkitpro/devkitarm/bin/../lib/gcc/arm-none-eabi/11.2.0/../../../../arm-none-eabi/lib/armv6k/fpu\libg.a(lib_a-dtoa.o)
 .text._dtoa_r  0x0000000000115c98     0x12cc c:/devkitpro/devkitarm/bin/../lib/gcc/arm-none-eabi/11.2.0/../../../../arm-none-eabi/lib/armv6k/fpu\libg.a(lib_a-dtoa.o)
                0x0000000000115c98                _dtoa_r
 .text.__sflags
                0x0000000000116f64       0xcc c:/devkitpro/devkitarm/bin/../lib/gcc/arm-none-eabi/11.2.0/../../../../arm-none-eabi/lib/armv6k/fpu\libg.a(lib_a-flags.o)
                0x0000000000116f64                __sflags
 .text.__sfvwrite_r
                0x0000000000117030      0x4c0 c:/devkitpro/devkitarm/bin/../lib/gcc/arm-none-eabi/11.2.0/../../../../arm-none-eabi/lib/armv6k/fpu\libg.a(lib_a-fvwrite.o)
                0x0000000000117030                __sfvwrite_r
 .text.iswspace
                0x00000000001174f0        0x8 c:/devkitpro/devkitarm/bin/../lib/gcc/arm-none-eabi/11.2.0/../../../../arm-none-eabi/lib/armv6k/fpu\libg.a(lib_a-iswspace.o)
                0x00000000001174f0                iswspace
 .text._localeconv_r
                0x00000000001174f8        0xc c:/devkitpro/devkitarm/bin/../lib/gcc/arm-none-eabi/11.2.0/../../../../arm-none-eabi/lib/armv6k/fpu\libg.a(lib_a-localeconv.o)
                0x00000000001174f8                _localeconv_r
 .text.__locale_mb_cur_max
                0x0000000000117504       0x10 c:/devkitpro/devkitarm/bin/../lib/gcc/arm-none-eabi/11.2.0/../../../../arm-none-eabi/lib/armv6k/fpu\libg.a(lib_a-locale.o)
                0x0000000000117504                __locale_mb_cur_max
 .text._mbrtowc_r
                0x0000000000117514       0x68 c:/devkitpro/devkitarm/bin/../lib/gcc/arm-none-eabi/11.2.0/../../../../arm-none-eabi/lib/armv6k/fpu\libg.a(lib_a-mbrtowc.o)
                0x0000000000117514                _mbrtowc_r
 .text.__utf8_mbtowc
                0x000000000011757c      0x2e4 c:/devkitpro/devkitarm/bin/../lib/gcc/arm-none-eabi/11.2.0/../../../../arm-none-eabi/lib/armv6k/fpu\libg.a(lib_a-mbtowc_r.o)
                0x000000000011757c                __utf8_mbtowc
 .text.memmove  0x0000000000117860      0x154 c:/devkitpro/devkitarm/bin/../lib/gcc/arm-none-eabi/11.2.0/../../../../arm-none-eabi/lib/armv6k/fpu\libg.a(lib_a-memmove.o)
                0x0000000000117860                memmove
 .text._Balloc  0x00000000001179b4       0x88 c:/devkitpro/devkitarm/bin/../lib/gcc/arm-none-eabi/11.2.0/../../../../arm-none-eabi/lib/armv6k/fpu\libg.a(lib_a-mprec.o)
                0x00000000001179b4                _Balloc
 .text._Bfree   0x0000000000117a3c       0x1c c:/devkitpro/devkitarm/bin/../lib/gcc/arm-none-eabi/11.2.0/../../../../arm-none-eabi/lib/armv6k/fpu\libg.a(lib_a-mprec.o)
                0x0000000000117a3c                _Bfree
 .text.__multadd
                0x0000000000117a58       0xf4 c:/devkitpro/devkitarm/bin/../lib/gcc/arm-none-eabi/11.2.0/../../../../arm-none-eabi/lib/armv6k/fpu\libg.a(lib_a-mprec.o)
                0x0000000000117a58                __multadd
 .text.__s2b    0x0000000000117b4c      0x110 c:/devkitpro/devkitarm/bin/../lib/gcc/arm-none-eabi/11.2.0/../../../../arm-none-eabi/lib/armv6k/fpu\libg.a(lib_a-mprec.o)
                0x0000000000117b4c                __s2b
 .text.__hi0bits
                0x0000000000117c5c       0x58 c:/devkitpro/devkitarm/bin/../lib/gcc/arm-none-eabi/11.2.0/../../../../arm-none-eabi/lib/armv6k/fpu\libg.a(lib_a-mprec.o)
                0x0000000000117c5c                __hi0bits
 .text.__lo0bits
                0x0000000000117cb4       0x94 c:/devkitpro/devkitarm/bin/../lib/gcc/arm-none-eabi/11.2.0/../../../../arm-none-eabi/lib/armv6k/fpu\libg.a(lib_a-mprec.o)
                0x0000000000117cb4                __lo0bits
 .text.__i2b    0x0000000000117d48       0xa4 c:/devkitpro/devkitarm/bin/../lib/gcc/arm-none-eabi/11.2.0/../../../../arm-none-eabi/lib/armv6k/fpu\libg.a(lib_a-mprec.o)
                0x0000000000117d48                __i2b
 .text.__multiply
                0x0000000000117dec      0x204 c:/devkitpro/devkitarm/bin/../lib/gcc/arm-none-eabi/11.2.0/../../../../arm-none-eabi/lib/armv6k/fpu\libg.a(lib_a-mprec.o)
                0x0000000000117dec                __multiply
 .text.__pow5mult
                0x0000000000117ff0      0x120 c:/devkitpro/devkitarm/bin/../lib/gcc/arm-none-eabi/11.2.0/../../../../arm-none-eabi/lib/armv6k/fpu\libg.a(lib_a-mprec.o)
                0x0000000000117ff0                __pow5mult
 .text.__lshift
                0x0000000000118110      0x13c c:/devkitpro/devkitarm/bin/../lib/gcc/arm-none-eabi/11.2.0/../../../../arm-none-eabi/lib/armv6k/fpu\libg.a(lib_a-mprec.o)
                0x0000000000118110                __lshift
 .text.__mcmp   0x000000000011824c       0x58 c:/devkitpro/devkitarm/bin/../lib/gcc/arm-none-eabi/11.2.0/../../../../arm-none-eabi/lib/armv6k/fpu\libg.a(lib_a-mprec.o)
                0x000000000011824c                __mcmp
 .text.__mdiff  0x00000000001182a4      0x1cc c:/devkitpro/devkitarm/bin/../lib/gcc/arm-none-eabi/11.2.0/../../../../arm-none-eabi/lib/armv6k/fpu\libg.a(lib_a-mprec.o)
                0x00000000001182a4                __mdiff
 .text.__ulp    0x0000000000118470       0x74 c:/devkitpro/devkitarm/bin/../lib/gcc/arm-none-eabi/11.2.0/../../../../arm-none-eabi/lib/armv6k/fpu\libg.a(lib_a-mprec.o)
                0x0000000000118470                __ulp
 .text.__b2d    0x00000000001184e4       0xd0 c:/devkitpro/devkitarm/bin/../lib/gcc/arm-none-eabi/11.2.0/../../../../arm-none-eabi/lib/armv6k/fpu\libg.a(lib_a-mprec.o)
                0x00000000001184e4                __b2d
 .text.__d2b    0x00000000001185b4      0x124 c:/devkitpro/devkitarm/bin/../lib/gcc/arm-none-eabi/11.2.0/../../../../arm-none-eabi/lib/armv6k/fpu\libg.a(lib_a-mprec.o)
                0x00000000001185b4                __d2b
 .text.__ratio  0x00000000001186d8       0x78 c:/devkitpro/devkitarm/bin/../lib/gcc/arm-none-eabi/11.2.0/../../../../arm-none-eabi/lib/armv6k/fpu\libg.a(lib_a-mprec.o)
                0x00000000001186d8                __ratio
 .text.__copybits
                0x0000000000118750       0x88 c:/devkitpro/devkitarm/bin/../lib/gcc/arm-none-eabi/11.2.0/../../../../arm-none-eabi/lib/armv6k/fpu\libg.a(lib_a-mprec.o)
                0x0000000000118750                __copybits
 .text.__any_on
                0x00000000001187d8       0x5c c:/devkitpro/devkitarm/bin/../lib/gcc/arm-none-eabi/11.2.0/../../../../arm-none-eabi/lib/armv6k/fpu\libg.a(lib_a-mprec.o)
                0x00000000001187d8                __any_on
 .text.realloc  0x0000000000118834       0x28 c:/devkitpro/devkitarm/bin/../lib/gcc/arm-none-eabi/11.2.0/../../../../arm-none-eabi/lib/armv6k/fpu\libg.a(lib_a-realloc.o)
                0x0000000000118834                realloc
 .text._realloc_r
                0x000000000011885c      0x558 c:/devkitpro/devkitarm/bin/../lib/gcc/arm-none-eabi/11.2.0/../../../../arm-none-eabi/lib/armv6k/fpu\libg.a(lib_a-reallocr.o)
                0x000000000011885c                _realloc_r
 .text.__sccl   0x0000000000118db4       0xe4 c:/devkitpro/devkitarm/bin/../lib/gcc/arm-none-eabi/11.2.0/../../../../arm-none-eabi/lib/armv6k/fpu\libg.a(lib_a-sccl.o)
                0x0000000000118db4                __sccl
 .text.nanf     0x0000000000118e98        0xc c:/devkitpro/devkitarm/bin/../lib/gcc/arm-none-eabi/11.2.0/../../../../arm-none-eabi/lib/armv6k/fpu\libg.a(lib_a-sf_nan.o)
                0x0000000000118e98                nanf
 *fill*         0x0000000000118ea4        0x4 
 .text.frexp    0x0000000000118ea8       0xa8 c:/devkitpro/devkitarm/bin/../lib/gcc/arm-none-eabi/11.2.0/../../../../arm-none-eabi/lib/armv6k/fpu\libg.a(lib_a-s_frexp.o)
                0x0000000000118ea8                frexp
 .text.sprintf  0x0000000000118f50       0x64 c:/devkitpro/devkitarm/bin/../lib/gcc/arm-none-eabi/11.2.0/../../../../arm-none-eabi/lib/armv6k/fpu\libg.a(lib_a-sprintf.o)
                0x0000000000118f50                sprintf
 .text.stpncpy  0x0000000000118fb4       0xb8 c:/devkitpro/devkitarm/bin/../lib/gcc/arm-none-eabi/11.2.0/../../../../arm-none-eabi/lib/armv6k/fpu\libg.a(lib_a-stpncpy.o)
                0x0000000000118fb4                stpncpy
 .text.strchr   0x000000000011906c      0x12c c:/devkitpro/devkitarm/bin/../lib/gcc/arm-none-eabi/11.2.0/../../../../arm-none-eabi/lib/armv6k/fpu\libg.a(lib_a-strchr.o)
                0x000000000011906c                strchr
 .text._strtod_l
                0x0000000000119198     0x1368 c:/devkitpro/devkitarm/bin/../lib/gcc/arm-none-eabi/11.2.0/../../../../arm-none-eabi/lib/armv6k/fpu\libg.a(lib_a-strtod.o)
                0x0000000000119198                _strtod_l
 .text._strtod_r
                0x000000000011a500        0xc c:/devkitpro/devkitarm/bin/../lib/gcc/arm-none-eabi/11.2.0/../../../../arm-none-eabi/lib/armv6k/fpu\libg.a(lib_a-strtod.o)
                0x000000000011a500                _strtod_r
 .text._strtoll_l.constprop.0
                0x000000000011a50c      0x22c c:/devkitpro/devkitarm/bin/../lib/gcc/arm-none-eabi/11.2.0/../../../../arm-none-eabi/lib/armv6k/fpu\libg.a(lib_a-strtoll.o)
 .text._strtoll_r
                0x000000000011a738        0x4 c:/devkitpro/devkitarm/bin/../lib/gcc/arm-none-eabi/11.2.0/../../../../arm-none-eabi/lib/armv6k/fpu\libg.a(lib_a-strtoll.o)
                0x000000000011a738                _strtoll_r
 .text._strtol_l.part.0
                0x000000000011a73c      0x1a4 c:/devkitpro/devkitarm/bin/../lib/gcc/arm-none-eabi/11.2.0/../../../../arm-none-eabi/lib/armv6k/fpu\libg.a(lib_a-strtol.o)
 .text._strtol_r
                0x000000000011a8e0       0x3c c:/devkitpro/devkitarm/bin/../lib/gcc/arm-none-eabi/11.2.0/../../../../arm-none-eabi/lib/armv6k/fpu\libg.a(lib_a-strtol.o)
                0x000000000011a8e0                _strtol_r
 .text._strtoull_l.constprop.0
                0x000000000011a91c      0x244 c:/devkitpro/devkitarm/bin/../lib/gcc/arm-none-eabi/11.2.0/../../../../arm-none-eabi/lib/armv6k/fpu\libg.a(lib_a-strtoull.o)
 .text._strtoull_r
                0x000000000011ab60        0x4 c:/devkitpro/devkitarm/bin/../lib/gcc/arm-none-eabi/11.2.0/../../../../arm-none-eabi/lib/armv6k/fpu\libg.a(lib_a-strtoull.o)
                0x000000000011ab60                _strtoull_r
 .text.__ssprint_r
                0x000000000011ab64      0x190 c:/devkitpro/devkitarm/bin/../lib/gcc/arm-none-eabi/11.2.0/../../../../arm-none-eabi/lib/armv6k/fpu\libg.a(lib_a-svfiprintf.o)
                0x000000000011ab64                __ssprint_r
 .text._sungetc_r
                0x000000000011acf4       0xe0 c:/devkitpro/devkitarm/bin/../lib/gcc/arm-none-eabi/11.2.0/../../../../arm-none-eabi/lib/armv6k/fpu\libg.a(lib_a-svfiscanf.o)
                0x000000000011acf4                _sungetc_r
 .text.__ssrefill_r
                0x000000000011add4       0x6c c:/devkitpro/devkitarm/bin/../lib/gcc/arm-none-eabi/11.2.0/../../../../arm-none-eabi/lib/armv6k/fpu\libg.a(lib_a-svfiscanf.o)
                0x000000000011add4                __ssrefill_r
 .text._sfread_r
                0x000000000011ae40       0xc8 c:/devkitpro/devkitarm/bin/../lib/gcc/arm-none-eabi/11.2.0/../../../../arm-none-eabi/lib/armv6k/fpu\libg.a(lib_a-svfiscanf.o)
                0x000000000011ae40                _sfread_r
 .text.get_arg  0x000000000011af08      0x628 c:/devkitpro/devkitarm/bin/../lib/gcc/arm-none-eabi/11.2.0/../../../../arm-none-eabi/lib/armv6k/fpu\libg.a(lib_a-svfprintf.o)
 .text._svfprintf_r
                0x000000000011b530     0x35b8 c:/devkitpro/devkitarm/bin/../lib/gcc/arm-none-eabi/11.2.0/../../../../arm-none-eabi/lib/armv6k/fpu\libg.a(lib_a-svfprintf.o)
                0x000000000011b530                _svfprintf_r
 .text.__submore
                0x000000000011eae8       0xa8 c:/devkitpro/devkitarm/bin/../lib/gcc/arm-none-eabi/11.2.0/../../../../arm-none-eabi/lib/armv6k/fpu\libg.a(lib_a-ungetc.o)
                0x000000000011eae8                __submore
 .text.get_arg  0x000000000011eb90      0x628 c:/devkitpro/devkitarm/bin/../lib/gcc/arm-none-eabi/11.2.0/../../../../arm-none-eabi/lib/armv6k/fpu\libg.a(lib_a-vfiprintf.o)
 .text.__sprint_r
                0x000000000011f1b8       0x30 c:/devkitpro/devkitarm/bin/../lib/gcc/arm-none-eabi/11.2.0/../../../../arm-none-eabi/lib/armv6k/fpu\libg.a(lib_a-vfiprintf.o)
                0x000000000011f1b8                __sprint_r
 .text._vfiprintf_r
                0x000000000011f1e8     0x233c c:/devkitpro/devkitarm/bin/../lib/gcc/arm-none-eabi/11.2.0/../../../../arm-none-eabi/lib/armv6k/fpu\libg.a(lib_a-vfiprintf.o)
                0x000000000011f1e8                _vfiprintf_r
 .text.__sbprintf
                0x0000000000121524       0xd4 c:/devkitpro/devkitarm/bin/../lib/gcc/arm-none-eabi/11.2.0/../../../../arm-none-eabi/lib/armv6k/fpu\libg.a(lib_a-vfiprintf.o)
 .text._wcsnrtombs_l
                0x00000000001215f8      0x190 c:/devkitpro/devkitarm/bin/../lib/gcc/arm-none-eabi/11.2.0/../../../../arm-none-eabi/lib/armv6k/fpu\libg.a(lib_a-wcsnrtombs.o)
                0x00000000001215f8                _wcsnrtombs_l
 .text._wcsnrtombs_r
                0x0000000000121788       0x4c c:/devkitpro/devkitarm/bin/../lib/gcc/arm-none-eabi/11.2.0/../../../../arm-none-eabi/lib/armv6k/fpu\libg.a(lib_a-wcsnrtombs.o)
                0x0000000000121788                _wcsnrtombs_r
 .text.__utf8_wctomb
                0x00000000001217d4       0xf0 c:/devkitpro/devkitarm/bin/../lib/gcc/arm-none-eabi/11.2.0/../../../../arm-none-eabi/lib/armv6k/fpu\libg.a(lib_a-wctomb_r.o)
                0x00000000001217d4                __utf8_wctomb
 .text.__assert_func
                0x00000000001218c4       0x54 c:/devkitpro/devkitarm/bin/../lib/gcc/arm-none-eabi/11.2.0/../../../../arm-none-eabi/lib/armv6k/fpu\libg.a(lib_a-assert.o)
                0x00000000001218c4                __assert_func
 .text._calloc_r
                0x0000000000121918       0xbc c:/devkitpro/devkitarm/bin/../lib/gcc/arm-none-eabi/11.2.0/../../../../arm-none-eabi/lib/armv6k/fpu\libg.a(lib_a-callocr.o)
                0x0000000000121918                _calloc_r
 .text.fiprintf
                0x00000000001219d4       0x3c c:/devkitpro/devkitarm/bin/../lib/gcc/arm-none-eabi/11.2.0/../../../../arm-none-eabi/lib/armv6k/fpu\libg.a(lib_a-fiprintf.o)
                0x00000000001219d4                fiprintf
 .text.rshift   0x0000000000121a10       0xec c:/devkitpro/devkitarm/bin/../lib/gcc/arm-none-eabi/11.2.0/../../../../arm-none-eabi/lib/armv6k/fpu\libg.a(lib_a-gdtoa-gethex.o)
 .text.__gethex
                0x0000000000121afc      0x904 c:/devkitpro/devkitarm/bin/../lib/gcc/arm-none-eabi/11.2.0/../../../../arm-none-eabi/lib/armv6k/fpu\libg.a(lib_a-gdtoa-gethex.o)
                0x0000000000121afc                __gethex
 .text.__match  0x0000000000122400       0x4c c:/devkitpro/devkitarm/bin/../lib/gcc/arm-none-eabi/11.2.0/../../../../arm-none-eabi/lib/armv6k/fpu\libg.a(lib_a-gdtoa-hexnan.o)
                0x0000000000122400                __match
 .text.__hexnan
                0x000000000012244c      0x29c c:/devkitpro/devkitarm/bin/../lib/gcc/arm-none-eabi/11.2.0/../../../../arm-none-eabi/lib/armv6k/fpu\libg.a(lib_a-gdtoa-hexnan.o)
                0x000000000012244c                __hexnan
 .text.iswspace_l
                0x00000000001226e8       0x3c c:/devkitpro/devkitarm/bin/../lib/gcc/arm-none-eabi/11.2.0/../../../../arm-none-eabi/lib/armv6k/fpu\libg.a(lib_a-iswspace_l.o)
                0x00000000001226e8                iswspace_l
 .text.__jp2uc  0x0000000000122724      0x1d4 c:/devkitpro/devkitarm/bin/../lib/gcc/arm-none-eabi/11.2.0/../../../../arm-none-eabi/lib/armv6k/fpu\libg.a(lib_a-jp2uc.o)
 .text._jp2uc_l
                0x00000000001228f8       0x9c c:/devkitpro/devkitarm/bin/../lib/gcc/arm-none-eabi/11.2.0/../../../../arm-none-eabi/lib/armv6k/fpu\libg.a(lib_a-jp2uc.o)
                0x00000000001228f8                _jp2uc_l
 *fill*         0x0000000000122994        0x4 
 .text.nan      0x0000000000122998       0x10 c:/devkitpro/devkitarm/bin/../lib/gcc/arm-none-eabi/11.2.0/../../../../arm-none-eabi/lib/armv6k/fpu\libg.a(lib_a-s_nan.o)
                0x0000000000122998                nan
 .text.abort    0x00000000001229a8       0x14 c:/devkitpro/devkitarm/bin/../lib/gcc/arm-none-eabi/11.2.0/../../../../arm-none-eabi/lib/armv6k/fpu\libg.a(lib_a-abort.o)
                0x00000000001229a8                abort
 .text.category
                0x00000000001229bc       0x84 c:/devkitpro/devkitarm/bin/../lib/gcc/arm-none-eabi/11.2.0/../../../../arm-none-eabi/lib/armv6k/fpu\libg.a(lib_a-categories.o)
                0x00000000001229bc                category
 .text._raise_r
                0x0000000000122a40       0x98 c:/devkitpro/devkitarm/bin/../lib/gcc/arm-none-eabi/11.2.0/../../../../arm-none-eabi/lib/armv6k/fpu\libg.a(lib_a-signal.o)
                0x0000000000122a40                _raise_r
 .text.raise    0x0000000000122ad8       0x20 c:/devkitpro/devkitarm/bin/../lib/gcc/arm-none-eabi/11.2.0/../../../../arm-none-eabi/lib/armv6k/fpu\libg.a(lib_a-signal.o)
                0x0000000000122ad8                raise
 .text.null_write
                0x0000000000122af8        0x8 c:/devkitpro/devkitarm/bin/../lib/gcc/arm-none-eabi/11.2.0/../../../../arm-none-eabi/lib/armv6k/fpu\libsysbase.a(iosupport.o)
 .text.setDefaultDevice
                0x0000000000122b00       0x18 c:/devkitpro/devkitarm/bin/../lib/gcc/arm-none-eabi/11.2.0/../../../../arm-none-eabi/lib/armv6k/fpu\libsysbase.a(iosupport.o)
                0x0000000000122b00                setDefaultDevice
 .text.FindDevice
                0x0000000000122b18       0xc8 c:/devkitpro/devkitarm/bin/../lib/gcc/arm-none-eabi/11.2.0/../../../../arm-none-eabi/lib/armv6k/fpu\libsysbase.a(iosupport.o)
                0x0000000000122b18                FindDevice
 .text.RemoveDevice
                0x0000000000122be0       0x28 c:/devkitpro/devkitarm/bin/../lib/gcc/arm-none-eabi/11.2.0/../../../../arm-none-eabi/lib/armv6k/fpu\libsysbase.a(iosupport.o)
                0x0000000000122be0                RemoveDevice
 .text.AddDevice
                0x0000000000122c08       0x9c c:/devkitpro/devkitarm/bin/../lib/gcc/arm-none-eabi/11.2.0/../../../../arm-none-eabi/lib/armv6k/fpu\libsysbase.a(iosupport.o)
                0x0000000000122c08                AddDevice
 .text.GetDeviceOpTab
                0x0000000000122ca4       0x20 c:/devkitpro/devkitarm/bin/../lib/gcc/arm-none-eabi/11.2.0/../../../../arm-none-eabi/lib/armv6k/fpu\libsysbase.a(iosupport.o)
                0x0000000000122ca4                GetDeviceOpTab
 .text._fstat_r
                0x0000000000122cc4       0x78 c:/devkitpro/devkitarm/bin/../lib/gcc/arm-none-eabi/11.2.0/../../../../arm-none-eabi/lib/armv6k/fpu\libsysbase.a(fstat.o)
                0x0000000000122cc4                _fstat_r
 .text._getpid_r
                0x0000000000122d3c       0x14 c:/devkitpro/devkitarm/bin/../lib/gcc/arm-none-eabi/11.2.0/../../../../arm-none-eabi/lib/armv6k/fpu\libsysbase.a(getpid.o)
                0x0000000000122d3c                _getpid_r
 .text._isatty_r
                0x0000000000122d50        0x8 c:/devkitpro/devkitarm/bin/../lib/gcc/arm-none-eabi/11.2.0/../../../../arm-none-eabi/lib/armv6k/fpu\libsysbase.a(isatty.o)
                0x0000000000122d50                _isatty_r
 .text._kill_r  0x0000000000122d58       0x14 c:/devkitpro/devkitarm/bin/../lib/gcc/arm-none-eabi/11.2.0/../../../../arm-none-eabi/lib/armv6k/fpu\libsysbase.a(kill.o)
                0x0000000000122d58                _kill_r
 .text._lseek_r
                0x0000000000122d6c       0x84 c:/devkitpro/devkitarm/bin/../lib/gcc/arm-none-eabi/11.2.0/../../../../arm-none-eabi/lib/armv6k/fpu\libsysbase.a(lseek.o)
                0x0000000000122d6c                _lseek_r
 .text._open_r  0x0000000000122df0       0xc8 c:/devkitpro/devkitarm/bin/../lib/gcc/arm-none-eabi/11.2.0/../../../../arm-none-eabi/lib/armv6k/fpu\libsysbase.a(open.o)
                0x0000000000122df0                _open_r
 .text._read_r  0x0000000000122eb8       0x80 c:/devkitpro/devkitarm/bin/../lib/gcc/arm-none-eabi/11.2.0/../../../../arm-none-eabi/lib/armv6k/fpu\libsysbase.a(read.o)
                0x0000000000122eb8                _read_r
 .text._sbrk_r  0x0000000000122f38       0x78 c:/devkitpro/devkitarm/bin/../lib/gcc/arm-none-eabi/11.2.0/../../../../arm-none-eabi/lib/armv6k/fpu\libsysbase.a(sbrk.o)
                0x0000000000122f38                _sbrk_r
 .text._unlink_r
                0x0000000000122fb0       0x70 c:/devkitpro/devkitarm/bin/../lib/gcc/arm-none-eabi/11.2.0/../../../../arm-none-eabi/lib/armv6k/fpu\libsysbase.a(unlink.o)
                0x0000000000122fb0                _unlink_r
 .text._write_r
                0x0000000000123020       0x80 c:/devkitpro/devkitarm/bin/../lib/gcc/arm-none-eabi/11.2.0/../../../../arm-none-eabi/lib/armv6k/fpu\libsysbase.a(write.o)
                0x0000000000123020                _write_r
 .text._exit    0x00000000001230a0       0x20 c:/devkitpro/devkitarm/bin/../lib/gcc/arm-none-eabi/11.2.0/../../../../arm-none-eabi/lib/armv6k/fpu\libsysbase.a(_exit.o)
                0x00000000001230a0                _exit
 .text._concatenate_path
                0x00000000001230c0      0x1b8 c:/devkitpro/devkitarm/bin/../lib/gcc/arm-none-eabi/11.2.0/../../../../arm-none-eabi/lib/armv6k/fpu\libsysbase.a(chdir.o)
                0x00000000001230c0                _concatenate_path
 .text.chdir    0x0000000000123278      0x160 c:/devkitpro/devkitarm/bin/../lib/gcc/arm-none-eabi/11.2.0/../../../../arm-none-eabi/lib/armv6k/fpu\libsysbase.a(chdir.o)
                0x0000000000123278                chdir
 .text.mkdir    0x00000000001233d8       0x60 c:/devkitpro/devkitarm/bin/../lib/gcc/arm-none-eabi/11.2.0/../../../../arm-none-eabi/lib/armv6k/fpu\libsysbase.a(mkdir.o)
                0x00000000001233d8                mkdir
 .text.__flockfile
                0x0000000000123438        0x8 c:/devkitpro/devkitarm/bin/../lib/gcc/arm-none-eabi/11.2.0/../../../../arm-none-eabi/lib/armv6k/fpu\libsysbase.a(flock.o)
                0x0000000000123438                __flockfile
 .text.__funlockfile
                0x0000000000123440        0x8 c:/devkitpro/devkitarm/bin/../lib/gcc/arm-none-eabi/11.2.0/../../../../arm-none-eabi/lib/armv6k/fpu\libsysbase.a(flock.o)
                0x0000000000123440                __funlockfile
 .text.__release_handle
                0x0000000000123448       0x8c c:/devkitpro/devkitarm/bin/../lib/gcc/arm-none-eabi/11.2.0/../../../../arm-none-eabi/lib/armv6k/fpu\libsysbase.a(handle_manager.o)
                0x0000000000123448                __release_handle
 .text.__alloc_handle
                0x00000000001234d4       0xb4 c:/devkitpro/devkitarm/bin/../lib/gcc/arm-none-eabi/11.2.0/../../../../arm-none-eabi/lib/armv6k/fpu\libsysbase.a(handle_manager.o)
                0x00000000001234d4                __alloc_handle
 .text.__get_handle
                0x0000000000123588       0x3c c:/devkitpro/devkitarm/bin/../lib/gcc/arm-none-eabi/11.2.0/../../../../arm-none-eabi/lib/armv6k/fpu\libsysbase.a(handle_manager.o)
                0x0000000000123588                __get_handle
 .text._close_r
                0x00000000001235c4       0xf4 c:/devkitpro/devkitarm/bin/../lib/gcc/arm-none-eabi/11.2.0/../../../../arm-none-eabi/lib/armv6k/fpu\libsysbase.a(handle_manager.o)
                0x00000000001235c4                _close_r
 .text.__getreent
                0x00000000001236b8       0x2c c:/devkitpro/devkitarm/bin/../lib/gcc/arm-none-eabi/11.2.0/../../../../arm-none-eabi/lib/armv6k/fpu\libsysbase.a(getreent.o)
                0x00000000001236b8                __getreent
 .text._rmdir_r
                0x00000000001236e4       0x74 c:/devkitpro/devkitarm/bin/../lib/gcc/arm-none-eabi/11.2.0/../../../../arm-none-eabi/lib/armv6k/fpu\libsysbase.a(rmdir.o)
                0x00000000001236e4                _rmdir_r
 .text.__libc_lock_acquire
                0x0000000000123758       0x1c c:/devkitpro/devkitarm/bin/../lib/gcc/arm-none-eabi/11.2.0/../../../../arm-none-eabi/lib/armv6k/fpu\libsysbase.a(syscall_support.o)
                0x0000000000123758                __libc_lock_acquire
 .text.__libc_lock_release
                0x0000000000123774       0x1c c:/devkitpro/devkitarm/bin/../lib/gcc/arm-none-eabi/11.2.0/../../../../arm-none-eabi/lib/armv6k/fpu\libsysbase.a(syscall_support.o)
                0x0000000000123774                __libc_lock_release
 .text.__libc_lock_init_recursive
                0x0000000000123790       0x1c c:/devkitpro/devkitarm/bin/../lib/gcc/arm-none-eabi/11.2.0/../../../../arm-none-eabi/lib/armv6k/fpu\libsysbase.a(syscall_support.o)
                0x0000000000123790                __libc_lock_init_recursive
 .text.__libc_lock_acquire_recursive
                0x00000000001237ac       0x1c c:/devkitpro/devkitarm/bin/../lib/gcc/arm-none-eabi/11.2.0/../../../../arm-none-eabi/lib/armv6k/fpu\libsysbase.a(syscall_support.o)
                0x00000000001237ac                __libc_lock_acquire_recursive
 .text.__libc_lock_release_recursive
                0x00000000001237c8       0x1c c:/devkitpro/devkitarm/bin/../lib/gcc/arm-none-eabi/11.2.0/../../../../arm-none-eabi/lib/armv6k/fpu\libsysbase.a(syscall_support.o)
                0x00000000001237c8                __libc_lock_release_recursive
 .text.__libc_lock_close_recursive
                0x00000000001237e4       0x1c c:/devkitpro/devkitarm/bin/../lib/gcc/arm-none-eabi/11.2.0/../../../../arm-none-eabi/lib/armv6k/fpu\libsysbase.a(syscall_support.o)
                0x00000000001237e4                __libc_lock_close_recursive
 .text.__fixdfdi
                0x0000000000123800       0x38 c:/devkitpro/devkitarm/bin/../lib/gcc/arm-none-eabi/11.2.0/armv6k/fpu\libgcc.a(_fixdfdi.o)
                0x0000000000123800                __fixdfdi
                0x0000000000123800                __aeabi_d2lz
 .text.__fixunsdfdi
                0x0000000000123838       0x40 c:/devkitpro/devkitarm/bin/../lib/gcc/arm-none-eabi/11.2.0/armv6k/fpu\libgcc.a(_fixunsdfdi.o)
                0x0000000000123838                __fixunsdfdi
                0x0000000000123838                __aeabi_d2ulz
 .text.strrchr  0x0000000000123878       0x44 c:/devkitpro/devkitarm/bin/../lib/gcc/arm-none-eabi/11.2.0/../../../../arm-none-eabi/lib/armv6k/fpu\libg.a(lib_a-strrchr.o)
                0x0000000000123878                strrchr
 *(.glue_7)
 .glue_7        0x00000000001238bc        0x0 linker stubs
 *(.glue_7t)
 .glue_7t       0x00000000001238bc        0x0 linker stubs
 *(.stub)
 *(.gnu.warning)
 *(.gnu.linkonce.t*)
                0x00000000001238bc                . = ALIGN (0x4)
 *(.fini)
 .fini          0x00000000001238bc        0xc c:/devkitpro/devkitarm/bin/../lib/gcc/arm-none-eabi/11.2.0/armv6k/fpu/crti.o
                0x00000000001238bc                _fini
 .fini          0x00000000001238c8        0xc c:/devkitpro/devkitarm/bin/../lib/gcc/arm-none-eabi/11.2.0/armv6k/fpu/crtn.o
                0x00000000001238d4                . = ALIGN (0x4)

.vfp11_veneer   0x00000000001238d4        0x0
 .vfp11_veneer  0x00000000001238d4        0x0 linker stubs

.v4_bx          0x00000000001238d4        0x0
 .v4_bx         0x00000000001238d4        0x0 linker stubs

.iplt           0x00000000001238d4        0x0
 .iplt          0x00000000001238d4        0x0 c:/devkitpro/devkitarm/bin/../lib/gcc/arm-none-eabi/11.2.0/../../../../arm-none-eabi/lib/armv6k/fpu/3dsx_crt0.o
                0x0000000000124000                . = ALIGN (0x1000)

.rodata         0x0000000000124000     0x8068
 *(.rodata)
 .rodata        0x0000000000124000       0x18 main.o
 .rodata        0x0000000000124018        0x3 C:/devkitPro/libctru/lib\libctru.a(apt.o)
 *fill*         0x000000000012401b        0x1 
 .rodata        0x000000000012401c        0xc C:/devkitPro/libctru/lib\libctru.a(archive_dev.o)
 *(.roda)
 *(.rodata.*)
 .rodata.str1.4
                0x0000000000124028      0x6e8 main.o
                                        0x6ec (size before relaxing)
 .rodata.parseColor.str1.4
                0x0000000000124710       0x1b C:/devkitPro/libctru/lib\libctru.a(console.o)
 *fill*         0x000000000012472b        0x1 
 .rodata.con_write.str1.4
                0x000000000012472c       0x4a C:/devkitPro/libctru/lib\libctru.a(console.o)
 *fill*         0x0000000000124776        0x2 
 .rodata.str1.4
                0x0000000000124778       0x10 C:/devkitPro/libctru/lib\libctru.a(console.o)
 .rodata.colorCube
                0x0000000000124788        0x6 C:/devkitPro/libctru/lib\libctru.a(console.o)
 *fill*         0x000000000012478e        0x2 
 .rodata.colorTable
                0x0000000000124790       0x30 C:/devkitPro/libctru/lib\libctru.a(console.o)
 .rodata.dotab_stdout
                0x00000000001247c0       0x70 C:/devkitPro/libctru/lib\libctru.a(console.o)
 .rodata.grayScale
                0x0000000000124830       0x18 C:/devkitPro/libctru/lib\libctru.a(console.o)
 .rodata.gspInit.str1.4
                0x0000000000124848        0x9 C:/devkitPro/libctru/lib\libctru.a(gspgpu.o)
 *fill*         0x0000000000124851        0x3 
 .rodata.aptSendCommand.str1.4
                0x0000000000124854       0x16 C:/devkitPro/libctru/lib\libctru.a(apt.o)
 *fill*         0x000000000012486a        0x2 
 .rodata.morton_x.3
                0x000000000012486c        0x8 C:/devkitPro/libctru/lib\libctru.a(apt.o)
 .rodata.morton_y.2
                0x0000000000124874        0x8 C:/devkitPro/libctru/lib\libctru.a(apt.o)
 .rodata.s_sleepWakeEvents.4
                0x000000000012487c        0x8 C:/devkitPro/libctru/lib\libctru.a(apt.o)
 .rodata.hidInit.str1.4
                0x0000000000124884       0x15 C:/devkitPro/libctru/lib\libctru.a(hid.o)
 *fill*         0x0000000000124899        0x3 
 .rodata.swkbdFeatures
                0x000000000012489c       0x14 C:/devkitPro/libctru/lib\libctru.a(swkbd.o)
 .rodata.__system_initArgv.str1.4
                0x00000000001248b0        0xa C:/devkitPro/libctru/lib\libctru.a(initArgv.o)
 *fill*         0x00000000001248ba        0x2 
 .rodata.default_font_bin
                0x00000000001248bc      0x800 C:/devkitPro/libctru/lib\libctru.a(default_font.bin.o)
                0x00000000001248bc                default_font_bin
                0x00000000001250bc                default_font_bin_end
 .rodata.srvInit.str1.4
                0x00000000001250bc        0x5 C:/devkitPro/libctru/lib\libctru.a(srv.o)
 *fill*         0x00000000001250c1        0x3 
 .rodata.irrstInit.str1.4
                0x00000000001250c4        0x7 C:/devkitPro/libctru/lib\libctru.a(irrst.o)
 *fill*         0x00000000001250cb        0x1 
 .rodata.ptmSysmInit.str1.4
                0x00000000001250cc        0x9 C:/devkitPro/libctru/lib\libctru.a(ptmsysm.o)
 *fill*         0x00000000001250d5        0x3 
 .rodata._archiveUnmountDeviceStruct.part.0.str1.4
                0x00000000001250d8        0x2 C:/devkitPro/libctru/lib\libctru.a(archive_dev.o)
 *fill*         0x00000000001250da        0x2 
 .rodata._archiveMountDevice.str1.4
                0x00000000001250dc        0x8 C:/devkitPro/libctru/lib\libctru.a(archive_dev.o)
                                          0xc (size before relaxing)
 .rodata.archiveMountSdmc.str1.4
                0x00000000001250e4        0x5 C:/devkitPro/libctru/lib\libctru.a(archive_dev.o)
 *fill*         0x00000000001250e9        0x3 
 .rodata.str1.4
                0x00000000001250ec        0x8 C:/devkitPro/libctru/lib\libctru.a(archive_dev.o)
 .rodata.archive_devoptab
                0x00000000001250f4       0x70 C:/devkitPro/libctru/lib\libctru.a(archive_dev.o)
 .rodata.error_table
                0x0000000000125164       0x30 C:/devkitPro/libctru/lib\libctru.a(archive_dev.o)
 .rodata.fsInit.str1.4
                0x0000000000125194        0x8 C:/devkitPro/libctru/lib\libctru.a(fs.o)
 .rodata._global_impure_ptr
                0x000000000012519c        0x4 c:/devkitpro/devkitarm/bin/../lib/gcc/arm-none-eabi/11.2.0/../../../../arm-none-eabi/lib/armv6k/fpu\libg.a(lib_a-impure.o)
                0x000000000012519c                _global_impure_ptr
 .rodata.__ssvfscanf_r.str1.1
                0x00000000001251a0        0x5 c:/devkitpro/devkitarm/bin/../lib/gcc/arm-none-eabi/11.2.0/../../../../arm-none-eabi/lib/armv6k/fpu\libg.a(lib_a-svfscanf.o)
                                          0x6 (size before relaxing)
 *fill*         0x00000000001251a5        0x3 
 .rodata.basefix.0
                0x00000000001251a8       0x22 c:/devkitpro/devkitarm/bin/../lib/gcc/arm-none-eabi/11.2.0/../../../../arm-none-eabi/lib/armv6k/fpu\libg.a(lib_a-svfscanf.o)
 .rodata._vfprintf_r.str1.1
                0x00000000001251ca       0x3b c:/devkitpro/devkitarm/bin/../lib/gcc/arm-none-eabi/11.2.0/../../../../arm-none-eabi/lib/armv6k/fpu\libg.a(lib_a-vfprintf.o)
 *fill*         0x0000000000125205        0x3 
 .rodata.blanks.1
                0x0000000000125208       0x10 c:/devkitpro/devkitarm/bin/../lib/gcc/arm-none-eabi/11.2.0/../../../../arm-none-eabi/lib/armv6k/fpu\libg.a(lib_a-vfprintf.o)
 .rodata.zeroes.0
                0x0000000000125218       0x10 c:/devkitpro/devkitarm/bin/../lib/gcc/arm-none-eabi/11.2.0/../../../../arm-none-eabi/lib/armv6k/fpu\libg.a(lib_a-vfprintf.o)
 .rodata._ctype_
                0x0000000000125228      0x101 c:/devkitpro/devkitarm/bin/../lib/gcc/arm-none-eabi/11.2.0/../../../../arm-none-eabi/lib/armv6k/fpu\libg.a(lib_a-ctype_.o)
                0x0000000000125228                _ctype_
 *fill*         0x0000000000125329        0x3 
 .rodata._dtoa_r.str1.4
                0x000000000012532c       0x67 c:/devkitpro/devkitarm/bin/../lib/gcc/arm-none-eabi/11.2.0/../../../../arm-none-eabi/lib/armv6k/fpu\libg.a(lib_a-dtoa.o)
 *fill*         0x0000000000125393        0x1 
 .rodata.str1.4
                0x0000000000125394       0x48 c:/devkitpro/devkitarm/bin/../lib/gcc/arm-none-eabi/11.2.0/../../../../arm-none-eabi/lib/armv6k/fpu\libg.a(lib_a-locale.o)
                                         0x4c (size before relaxing)
 .rodata._mbrtowc_r.str1.4
                0x00000000001253dc        0x1 c:/devkitpro/devkitarm/bin/../lib/gcc/arm-none-eabi/11.2.0/../../../../arm-none-eabi/lib/armv6k/fpu\libg.a(lib_a-mbrtowc.o)