Archive member included to satisfy reference by file (symbol)

c:/devkitPro/libctru/lib\libctru.a(console.o)
                              main.o (consoleSelect)
c:/devkitPro/libctru/lib\libctru.a(gfx.o)
                              c:/devkitPro/libctru/lib\libctru.a(console.o) (gfxSetScreenFormat)
c:/devkitPro/libctru/lib\libctru.a(gx.o)
                              c:/devkitPro/libctru/lib\libctru.a(gfx.o) (gxCmdBuf)
c:/devkitPro/libctru/lib\libctru.a(apt.o)
                              main.o (aptMainLoop)
c:/devkitPro/libctru/lib\libctru.a(gspgpu.o)
                              c:/devkitPro/libctru/lib\libctru.a(gfx.o) (gspInit)
c:/devkitPro/libctru/lib\libctru.a(hid.o)
                              main.o (hidScanInput)
c:/devkitPro/libctru/lib\libctru.a(irrst.o)
                              c:/devkitPro/libctru/lib\libctru.a(hid.o) (irrstScanInput)
c:/devkitPro/libctru/lib\libctru.a(swkbd.o)
                              main.o (swkbdInit)
c:/devkitPro/libctru/lib\libctru.a(utf16_to_utf8.o)
                              c:/devkitPro/libctru/lib\libctru.a(swkbd.o) (utf16_to_utf8)
c:/devkitPro/libctru/lib\libctru.a(utf8_to_utf16.o)
                              c:/devkitPro/libctru/lib\libctru.a(swkbd.o) (utf8_to_utf16)
c:/devkitPro/libctru/lib\libctru.a(initArgv.o)
                              c:/devkitpro/devkitarm/bin/../lib/gcc/arm-none-eabi/6.3.0/../../../../arm-none-eabi/lib/armv6k/fpu/3dsx_crt0.o (__system_argc)
c:/devkitPro/libctru/lib\libctru.a(initSystem.o)
                              c:/devkitPro/libctru/lib\libctru.a(apt.o) (__system_retAddr)
c:/devkitPro/libctru/lib\libctru.a(syscalls.o)
                              c:/devkitPro/libctru/lib\libctru.a(initSystem.o) (__system_initSyscalls)
c:/devkitPro/libctru/lib\libctru.a(svc.o)
                              c:/devkitPro/libctru/lib\libctru.a(apt.o) (svcExitProcess)
c:/devkitPro/libctru/lib\libctru.a(stack_adjust.o)
                              c:/devkitpro/devkitarm/bin/../lib/gcc/arm-none-eabi/6.3.0/../../../../arm-none-eabi/lib/armv6k/fpu/3dsx_crt0.o (initSystem)
c:/devkitPro/libctru/lib\libctru.a(default_font.bin.o)
                              c:/devkitPro/libctru/lib\libctru.a(console.o) (default_font_bin)
c:/devkitPro/libctru/lib\libctru.a(linear.o)
                              c:/devkitPro/libctru/lib\libctru.a(gfx.o) (linearAlloc)
c:/devkitPro/libctru/lib\libctru.a(mappable.o)
                              c:/devkitPro/libctru/lib\libctru.a(gfx.o) (mappableAlloc)
c:/devkitPro/libctru/lib\libctru.a(mem_pool.o)
                              c:/devkitPro/libctru/lib\libctru.a(linear.o) (MemPool::Allocate(MemChunk&, unsigned long, int))
c:/devkitPro/libctru/lib\libctru.a(vram.o)
                              c:/devkitPro/libctru/lib\libctru.a(gfx.o) (vramAlloc)
c:/devkitPro/libctru/lib\libctru.a(env.o)
                              c:/devkitPro/libctru/lib\libctru.a(irrst.o) (envGetHandle)
c:/devkitPro/libctru/lib\libctru.a(os.o)
                              c:/devkitPro/libctru/lib\libctru.a(syscalls.o) (__libctru_gtod)
c:/devkitPro/libctru/lib\libctru.a(srv.o)
                              c:/devkitPro/libctru/lib\libctru.a(apt.o) (srvInit)
c:/devkitPro/libctru/lib\libctru.a(synchronization.o)
                              c:/devkitPro/libctru/lib\libctru.a(initSystem.o) (__sync_init)
c:/devkitPro/libctru/lib\libctru.a(thread.o)
                              c:/devkitPro/libctru/lib\libctru.a(apt.o) (threadCreate)
c:/devkitPro/libctru/lib\libctru.a(ptmsysm.o)
                              c:/devkitPro/libctru/lib\libctru.a(os.o) (ptmSysmInit)
c:/devkitPro/libctru/lib\libctru.a(rbtree_find.o)
                              c:/devkitPro/libctru/lib\libctru.a(linear.o) (rbtree_find)
c:/devkitPro/libctru/lib\libctru.a(rbtree_init.o)
                              c:/devkitPro/libctru/lib\libctru.a(linear.o) (rbtree_init)
c:/devkitPro/libctru/lib\libctru.a(rbtree_insert.o)
                              c:/devkitPro/libctru/lib\libctru.a(linear.o) (rbtree_insert)
c:/devkitPro/libctru/lib\libctru.a(rbtree_remove.o)
                              c:/devkitPro/libctru/lib\libctru.a(linear.o) (rbtree_remove)
c:/devkitPro/libctru/lib\libctru.a(rbtree_rotate.o)
                              c:/devkitPro/libctru/lib\libctru.a(rbtree_insert.o) (rbtree_rotate)
c:/devkitPro/libctru/lib\libctru.a(decode_utf16.o)
                              c:/devkitPro/libctru/lib\libctru.a(utf16_to_utf8.o) (decode_utf16)
c:/devkitPro/libctru/lib\libctru.a(decode_utf8.o)
                              c:/devkitPro/libctru/lib\libctru.a(utf8_to_utf16.o) (decode_utf8)
c:/devkitPro/libctru/lib\libctru.a(encode_utf16.o)
                              c:/devkitPro/libctru/lib\libctru.a(utf8_to_utf16.o) (encode_utf16)
c:/devkitPro/libctru/lib\libctru.a(encode_utf8.o)
                              c:/devkitPro/libctru/lib\libctru.a(utf16_to_utf8.o) (encode_utf8)
[...]
Memory Configuration

Name             Origin             Length             Attributes
*default*        0x00000000         0xffffffff

Linker script and memory map

                0x00100000                PROVIDE (__start__, 0x100000)
                0x00100000                . = __start__

.text           0x00100000    0x21c30
 *(.crt0)
 .crt0          0x00100000       0x94 c:/devkitpro/devkitarm/bin/../lib/gcc/arm-none-eabi/6.3.0/../../../../arm-none-eabi/lib/armv6k/fpu/3dsx_crt0.o
                0x00100000                _start
                0x00100008                __service_ptr
                0x0010000c                __apt_appid
                0x00100010                __heap_size
                0x00100014                __linear_heap_size
                0x00100018                __system_arglist
                0x0010001c                __system_runflags
 *(.init)
 .init          0x00100094        0xc c:/devkitpro/devkitarm/bin/../lib/gcc/arm-none-eabi/6.3.0/armv6k/fpu/crti.o
                0x00100094                _init
 .init          0x001000a0        0xc c:/devkitpro/devkitarm/bin/../lib/gcc/arm-none-eabi/6.3.0/armv6k/fpu/crtn.o
                0x001000ac                . = ALIGN (0x4)
 *(.text)
 .text          0x001000ac       0x64 c:/devkitPro/libctru/lib\libctru.a(stack_adjust.o)
                0x001000ac                initSystem
                0x001000f0                __ctru_exit
 .text          0x00100110      0x240 c:/devkitpro/devkitarm/bin/../lib/gcc/arm-none-eabi/6.3.0/armv6k/fpu\libgcc.a(_divsi3.o)
                0x00100110                __divsi3
                0x00100110                __aeabi_idiv
                0x00100330                __aeabi_idivmod
 .text          0x00100350        0x4 c:/devkitpro/devkitarm/bin/../lib/gcc/arm-none-eabi/6.3.0/armv6k/fpu\libgcc.a(_dvmd_tls.o)
                0x00100350                __aeabi_idiv0
                0x00100350                __aeabi_ldiv0
 .text          0x00100354       0x3c c:/devkitpro/devkitarm/bin/../lib/gcc/arm-none-eabi/6.3.0/armv6k/fpu\libgcc.a(_aeabi_uldivmod.o)
                0x00100354                __aeabi_uldivmod
 *fill*         0x00100390       0x10 
 .text          0x001003a0      0x390 c:/devkitpro/devkitarm/bin/../lib/gcc/arm-none-eabi/6.3.0/../../../../arm-none-eabi/lib/armv6k/fpu\libg.a(lib_a-strcmp.o)
                0x001003a8                strcmp
 .text          0x00100730      0x20c c:/devkitpro/devkitarm/bin/../lib/gcc/arm-none-eabi/6.3.0/armv6k/fpu\libgcc.a(_udivsi3.o)
                0x00100730                __aeabi_uidiv
                0x00100730                __udivsi3
                0x0010091c                __aeabi_uidivmod
 *(.text.*)
 .text.deregister_tm_clones
                0x0010093c       0x30 c:/devkitpro/devkitarm/bin/../lib/gcc/arm-none-eabi/6.3.0/armv6k/fpu/crtbegin.o
 .text.register_tm_clones
                0x0010096c       0x38 c:/devkitpro/devkitarm/bin/../lib/gcc/arm-none-eabi/6.3.0/armv6k/fpu/crtbegin.o
 .text.__do_global_dtors_aux
                0x001009a4       0x44 c:/devkitpro/devkitarm/bin/../lib/gcc/arm-none-eabi/6.3.0/armv6k/fpu/crtbegin.o
 .text.frame_dummy
                0x001009e8       0x5c c:/devkitpro/devkitarm/bin/../lib/gcc/arm-none-eabi/6.3.0/armv6k/fpu/crtbegin.o
 .text.refresh  0x00100a44       0xb0 main.o
                0x00100a44                refresh
 .text.setString
                0x00100af4      0x8e4 main.o
                0x00100af4                setString
 .text.startup.main
                0x001013d8      0x3e8 main.o
                0x001013d8                main
 .text.consoleSelect
                0x001017c0       0x18 c:/devkitPro/libctru/lib\libctru.a(console.o)
                0x001017c0                consoleSelect
 .text.consoleDrawChar
                0x001017d8      0x1b0 c:/devkitPro/libctru/lib\libctru.a(console.o)
                0x001017d8                consoleDrawChar
 .text.consolePrintChar
                0x00101988      0x124 c:/devkitPro/libctru/lib\libctru.a(console.o)
                0x00101988                consolePrintChar
 .text.consoleCls
                0x00101aac      0x190 c:/devkitPro/libctru/lib\libctru.a(console.o)
 .text.consoleInit
                0x00101c3c      0x104 c:/devkitPro/libctru/lib\libctru.a(console.o)
                0x00101c3c                consoleInit
 .text.consoleClearLine
                0x00101d40      0x144 c:/devkitPro/libctru/lib\libctru.a(console.o)
 .text.newRow   0x00101e84       0xbc c:/devkitPro/libctru/lib\libctru.a(console.o)
 .text.con_write
                0x00101f40      0x774 c:/devkitPro/libctru/lib\libctru.a(console.o)
                0x00101f40                con_write
 .text.gfxSetFramebufferInfo.part.0
                0x001026b4       0x8c c:/devkitPro/libctru/lib\libctru.a(gfx.o)
 .text.__get_bytes_per_pixel
                0x00102740       0x18 c:/devkitPro/libctru/lib\libctru.a(gfx.o)
                0x00102740                __get_bytes_per_pixel
 .text.gfxSetScreenFormat
                0x00102758      0x180 c:/devkitPro/libctru/lib\libctru.a(gfx.o)
                0x00102758                gfxSetScreenFormat
 .text.gfxSetDoubleBuffering
                0x001028d8       0x10 c:/devkitPro/libctru/lib\libctru.a(gfx.o)
                0x001028d8                gfxSetDoubleBuffering
 .text.gfxSetFramebufferInfo
                0x001028e8       0x70 c:/devkitPro/libctru/lib\libctru.a(gfx.o)
                0x001028e8                gfxSetFramebufferInfo
 .text.gfxWriteFramebufferInfo
                0x00102958       0xb0 c:/devkitPro/libctru/lib\libctru.a(gfx.o)
                0x00102958                gfxWriteFramebufferInfo
 .text.gfxInit  0x00102a08      0x20c c:/devkitPro/libctru/lib\libctru.a(gfx.o)
                0x00102a08                gfxInit
 .text.gfxInitDefault
                0x00102c14       0x10 c:/devkitPro/libctru/lib\libctru.a(gfx.o)
                0x00102c14                gfxInitDefault
 .text.gfxExit  0x00102c24       0xe0 c:/devkitPro/libctru/lib\libctru.a(gfx.o)
                0x00102c24                gfxExit
 .text.gfxGetFramebuffer
                0x00102d04       0xbc c:/devkitPro/libctru/lib\libctru.a(gfx.o)
                0x00102d04                gfxGetFramebuffer
 .text.gfxFlushBuffers
                0x00102dc0       0xe0 c:/devkitPro/libctru/lib\libctru.a(gfx.o)
                0x00102dc0                gfxFlushBuffers
 .text.gfxConfigScreen
                0x00102ea0       0x60 c:/devkitPro/libctru/lib\libctru.a(gfx.o)
                0x00102ea0                gfxConfigScreen
 .text.gfxSwapBuffers
                0x00102f00       0x20 c:/devkitPro/libctru/lib\libctru.a(gfx.o)
                0x00102f00                gfxSwapBuffers
 .text.gfxSwapBuffersGpu
                0x00102f20       0x20 c:/devkitPro/libctru/lib\libctru.a(gfx.o)
                0x00102f20                gfxSwapBuffersGpu
 .text._aptDebug
                0x00102f40        0x4 c:/devkitPro/libctru/lib\libctru.a(apt.o)
                0x00102f40                _aptDebug
 .text.aptSendCommand
                0x00102f44      0x138 c:/devkitPro/libctru/lib\libctru.a(apt.o)
                0x00102f44                aptSendCommand
 .text.aptExitProcess
                0x0010307c       0x3c c:/devkitPro/libctru/lib\libctru.a(apt.o)
 .text.aptSetMessageCallback
                0x001030b8       0x1c c:/devkitPro/libctru/lib\libctru.a(apt.o)
                0x001030b8                aptSetMessageCallback
 .text.APT_InquireNotification
                0x001030d4       0x4c c:/devkitPro/libctru/lib\libctru.a(apt.o)
                0x001030d4                APT_InquireNotification
 .text.aptEventHandler
                0x00103120      0x19c c:/devkitPro/libctru/lib\libctru.a(apt.o)
 .text.APT_AppletUtility
                0x001032bc       0x74 c:/devkitPro/libctru/lib\libctru.a(apt.o)
                0x001032bc                APT_AppletUtility
 .text.aptSetSleepAllowed
                0x00103330       0xb4 c:/devkitPro/libctru/lib\libctru.a(apt.o)
                0x00103330                aptSetSleepAllowed
 .text.APT_GlanceParameter
                0x001033e4       0xb4 c:/devkitPro/libctru/lib\libctru.a(apt.o)
                0x001033e4                APT_GlanceParameter
 .text.APT_ReceiveParameter
                0x00103498       0xc0 c:/devkitPro/libctru/lib\libctru.a(apt.o)
                0x00103498                APT_ReceiveParameter
 .text.aptReceiveParameter.constprop.0
                0x00103558       0xbc c:/devkitPro/libctru/lib\libctru.a(apt.o)
 *fill*         0x00103614        0x4 
 .text.aptScreenTransfer
                0x00103618      0x1ec c:/devkitPro/libctru/lib\libctru.a(apt.o)
 .text.aptWaitForWakeUp
                0x00103804      0x228 c:/devkitPro/libctru/lib\libctru.a(apt.o)
 .text.APT_SendParameter
                0x00103a2c       0x58 c:/devkitPro/libctru/lib\libctru.a(apt.o)
                0x00103a2c                APT_SendParameter
 .text.APT_CancelParameter
                0x00103a84       0x70 c:/devkitPro/libctru/lib\libctru.a(apt.o)
                0x00103a84                APT_CancelParameter
 .text.aptInit  0x00103af4      0x27c c:/devkitPro/libctru/lib\libctru.a(apt.o)
                0x00103af4                aptInit
 .text.aptClearParamQueue
                0x00103d70       0x90 c:/devkitPro/libctru/lib\libctru.a(apt.o)
 .text.aptMainLoop
                0x00103e00      0x210 c:/devkitPro/libctru/lib\libctru.a(apt.o)
                0x00103e00                aptMainLoop
 .text.aptExit  0x00104010      0x21c c:/devkitPro/libctru/lib\libctru.a(apt.o)
                0x00104010                aptExit
 .text.aptLaunchLibraryApplet
                0x0010422c       0xdc c:/devkitPro/libctru/lib\libctru.a(apt.o)
                0x0010422c                aptLaunchLibraryApplet
 .text.APT_CheckNew3DS
                0x00104308       0x7c c:/devkitPro/libctru/lib\libctru.a(apt.o)
                0x00104308                APT_CheckNew3DS
 .text.gspInit  0x00104384       0x74 c:/devkitPro/libctru/lib\libctru.a(gspgpu.o)
                0x00104384                gspInit
 .text.gspExit  0x001043f8       0x3c c:/devkitPro/libctru/lib\libctru.a(gspgpu.o)
                0x001043f8                gspExit
 .text.gspInitEventHandler
                0x00104434       0xa0 c:/devkitPro/libctru/lib\libctru.a(gspgpu.o)
                0x00104434                gspInitEventHandler
 .text.gspExitEventHandler
                0x001044d4       0x40 c:/devkitPro/libctru/lib\libctru.a(gspgpu.o)
                0x001044d4                gspExitEventHandler
 .text.gspWaitForEvent
                0x00104514       0x44 c:/devkitPro/libctru/lib\libctru.a(gspgpu.o)
                0x00104514                gspWaitForEvent
 .text.gxCmdQueueInterrupt
                0x00104558        0x4 c:/devkitPro/libctru/lib\libctru.a(gspgpu.o)
                0x00104558                gxCmdQueueInterrupt
 .text.gspEventThreadMain
                0x0010455c      0x17c c:/devkitPro/libctru/lib\libctru.a(gspgpu.o)
 .text.GSPGPU_SetBufferSwap
                0x001046d8       0x6c c:/devkitPro/libctru/lib\libctru.a(gspgpu.o)
                0x001046d8                GSPGPU_SetBufferSwap
 .text.GSPGPU_FlushDataCache
                0x00104744       0x4c c:/devkitPro/libctru/lib\libctru.a(gspgpu.o)
                0x00104744                GSPGPU_FlushDataCache
 .text.GSPGPU_SetLcdForceBlack
                0x00104790       0x34 c:/devkitPro/libctru/lib\libctru.a(gspgpu.o)
                0x00104790                GSPGPU_SetLcdForceBlack
 .text.GSPGPU_RegisterInterruptRelayQueue
                0x001047c4       0x64 c:/devkitPro/libctru/lib\libctru.a(gspgpu.o)
                0x001047c4                GSPGPU_RegisterInterruptRelayQueue
 .text.GSPGPU_UnregisterInterruptRelayQueue
                0x00104828       0x2c c:/devkitPro/libctru/lib\libctru.a(gspgpu.o)
                0x00104828                GSPGPU_UnregisterInterruptRelayQueue
 .text.GSPGPU_AcquireRight
                0x00104854       0x48 c:/devkitPro/libctru/lib\libctru.a(gspgpu.o)
                0x00104854                GSPGPU_AcquireRight
 .text.GSPGPU_ReleaseRight
                0x0010489c       0x2c c:/devkitPro/libctru/lib\libctru.a(gspgpu.o)
                0x0010489c                GSPGPU_ReleaseRight
 .text.GSPGPU_ImportDisplayCaptureInfo
                0x001048c8       0x80 c:/devkitPro/libctru/lib\libctru.a(gspgpu.o)
                0x001048c8                GSPGPU_ImportDisplayCaptureInfo
 .text.GSPGPU_SaveVramSysArea
                0x00104948       0x2c c:/devkitPro/libctru/lib\libctru.a(gspgpu.o)
                0x00104948                GSPGPU_SaveVramSysArea
 .text.GSPGPU_RestoreVramSysArea
                0x00104974       0x2c c:/devkitPro/libctru/lib\libctru.a(gspgpu.o)
                0x00104974                GSPGPU_RestoreVramSysArea
 .text.hidExit  0x001049a0       0xd0 c:/devkitPro/libctru/lib\libctru.a(hid.o)
                0x001049a0                hidExit
 .text.hidScanInput
                0x00104a70      0x268 c:/devkitPro/libctru/lib\libctru.a(hid.o)
                0x00104a70                hidScanInput
 .text.hidKeysHeld
                0x00104cd8       0x10 c:/devkitPro/libctru/lib\libctru.a(hid.o)
                0x00104cd8                hidKeysHeld
 .text.hidKeysDown
                0x00104ce8       0x10 c:/devkitPro/libctru/lib\libctru.a(hid.o)
                0x00104ce8                hidKeysDown
 .text.HIDUSER_GetHandles
                0x00104cf8       0x90 c:/devkitPro/libctru/lib\libctru.a(hid.o)
                0x00104cf8                HIDUSER_GetHandles
 .text.hidInit  0x00104d88      0x1ac c:/devkitPro/libctru/lib\libctru.a(hid.o)
                0x00104d88                hidInit
 .text.irrstScanInput
                0x00104f34       0xac c:/devkitPro/libctru/lib\libctru.a(irrst.o)
                0x00104f34                irrstScanInput
 .text.irrstKeysHeld
                0x00104fe0       0x24 c:/devkitPro/libctru/lib\libctru.a(irrst.o)
                0x00104fe0                irrstKeysHeld
 .text.IRRST_GetHandles
                0x00105004       0x50 c:/devkitPro/libctru/lib\libctru.a(irrst.o)
                0x00105004                IRRST_GetHandles
 .text.irrstInit
                0x00105054      0x15c c:/devkitPro/libctru/lib\libctru.a(irrst.o)
                0x00105054                irrstInit
 .text.IRRST_Shutdown
                0x001051b0       0x2c c:/devkitPro/libctru/lib\libctru.a(irrst.o)
                0x001051b0                IRRST_Shutdown
 .text.irrstExit
                0x001051dc       0xac c:/devkitPro/libctru/lib\libctru.a(irrst.o)
                0x001051dc                irrstExit
 .text.swkbdConvertToUTF16.part.0
                0x00105288       0x24 c:/devkitPro/libctru/lib\libctru.a(swkbd.o)
 .text.swkbdMessageCallback
                0x001052ac      0x16c c:/devkitPro/libctru/lib\libctru.a(swkbd.o)
 .text.swkbdInit
                0x00105418       0x78 c:/devkitPro/libctru/lib\libctru.a(swkbd.o)
                0x00105418                swkbdInit
 .text.swkbdSetFeatures
                0x00105490       0x3c c:/devkitPro/libctru/lib\libctru.a(swkbd.o)
                0x00105490                swkbdSetFeatures
 .text.swkbdSetHintText
                0x001054cc       0x2c c:/devkitPro/libctru/lib\libctru.a(swkbd.o)
                0x001054cc                swkbdSetHintText
 .text.swkbdSetDictWord
                0x001054f8       0x78 c:/devkitPro/libctru/lib\libctru.a(swkbd.o)
                0x001054f8                swkbdSetDictWord
 .text.swkbdSetDictionary
                0x00105570       0x14 c:/devkitPro/libctru/lib\libctru.a(swkbd.o)
                0x00105570                swkbdSetDictionary
 .text.swkbdInputText
                0x00105584      0x380 c:/devkitPro/libctru/lib\libctru.a(swkbd.o)
                0x00105584                swkbdInputText
 .text.utf16_to_utf8
                0x00105904       0xe8 c:/devkitPro/libctru/lib\libctru.a(utf16_to_utf8.o)
                0x00105904                utf16_to_utf8
 .text.utf8_to_utf16
                0x001059ec       0xc0 c:/devkitPro/libctru/lib\libctru.a(utf8_to_utf16.o)
                0x001059ec                utf8_to_utf16
 .text.__system_initArgv
                0x00105aac       0xe8 c:/devkitPro/libctru/lib\libctru.a(initArgv.o)
                0x00105aac                __system_initArgv
 .text.__libctru_init
                0x00105b94       0x38 c:/devkitPro/libctru/lib\libctru.a(initSystem.o)
                0x00105b94                __libctru_init
 .text.__ctru_get_reent
                0x00105bcc       0x30 c:/devkitPro/libctru/lib\libctru.a(syscalls.o)
 .text.__system_initSyscalls
                0x00105bfc       0xe4 c:/devkitPro/libctru/lib\libctru.a(syscalls.o)
                0x00105bfc                __system_initSyscalls
 .text.svcControlMemory
                0x00105ce0       0x20 c:/devkitPro/libctru/lib\libctru.a(svc.o)
                0x00105ce0                svcControlMemory
 .text.svcExitProcess
                0x00105d00        0x8 c:/devkitPro/libctru/lib\libctru.a(svc.o)
                0x00105d00                svcExitProcess
 .text.svcCreateThread
                0x00105d08       0x20 c:/devkitPro/libctru/lib\libctru.a(svc.o)
                0x00105d08                svcCreateThread
 .text.svcExitThread
                0x00105d28        0x8 c:/devkitPro/libctru/lib\libctru.a(svc.o)
                0x00105d28                svcExitThread
 .text.svcSleepThread
                0x00105d30        0x8 c:/devkitPro/libctru/lib\libctru.a(svc.o)
                0x00105d30                svcSleepThread
 .text.svcReleaseMutex
                0x00105d38        0x8 c:/devkitPro/libctru/lib\libctru.a(svc.o)
                0x00105d38                svcReleaseMutex
 .text.svcCreateEvent
                0x00105d40       0x14 c:/devkitPro/libctru/lib\libctru.a(svc.o)
                0x00105d40                svcCreateEvent
 .text.svcSignalEvent
                0x00105d54        0x8 c:/devkitPro/libctru/lib\libctru.a(svc.o)
                0x00105d54                svcSignalEvent
 .text.svcClearEvent
                0x00105d5c        0x8 c:/devkitPro/libctru/lib\libctru.a(svc.o)
                0x00105d5c                svcClearEvent
 .text.svcCreateMemoryBlock
                0x00105d64       0x18 c:/devkitPro/libctru/lib\libctru.a(svc.o)
                0x00105d64                svcCreateMemoryBlock
 .text.svcMapMemoryBlock
                0x00105d7c        0x8 c:/devkitPro/libctru/lib\libctru.a(svc.o)
                0x00105d7c                svcMapMemoryBlock
 .text.svcUnmapMemoryBlock
                0x00105d84        0x8 c:/devkitPro/libctru/lib\libctru.a(svc.o)
                0x00105d84                svcUnmapMemoryBlock
 .text.svcCreateAddressArbiter
                0x00105d8c       0x14 c:/devkitPro/libctru/lib\libctru.a(svc.o)
                0x00105d8c                svcCreateAddressArbiter
 .text.svcArbitrateAddress
                0x00105da0       0x18 c:/devkitPro/libctru/lib\libctru.a(svc.o)
                0x00105da0                svcArbitrateAddress
 .text.svcCloseHandle
                0x00105db8        0x8 c:/devkitPro/libctru/lib\libctru.a(svc.o)
                0x00105db8                svcCloseHandle
 .text.svcWaitSynchronization
                0x00105dc0        0x8 c:/devkitPro/libctru/lib\libctru.a(svc.o)
                0x00105dc0                svcWaitSynchronization
 .text.svcWaitSynchronizationN
                0x00105dc8       0x28 c:/devkitPro/libctru/lib\libctru.a(svc.o)
                0x00105dc8                svcWaitSynchronizationN
 .text.svcDuplicateHandle
                0x00105df0       0x14 c:/devkitPro/libctru/lib\libctru.a(svc.o)
                0x00105df0                svcDuplicateHandle
 .text.svcGetSystemTick
                0x00105e04        0x8 c:/devkitPro/libctru/lib\libctru.a(svc.o)
                0x00105e04                svcGetSystemTick
 .text.svcGetSystemInfo
                0x00105e0c       0x18 c:/devkitPro/libctru/lib\libctru.a(svc.o)
                0x00105e0c                svcGetSystemInfo
 .text.svcConnectToPort
                0x00105e24       0x14 c:/devkitPro/libctru/lib\libctru.a(svc.o)
                0x00105e24                svcConnectToPort
 .text.svcSendSyncRequest
                0x00105e38        0x8 c:/devkitPro/libctru/lib\libctru.a(svc.o)
                0x00105e38                svcSendSyncRequest
 .text.svcBreak
                0x00105e40        0x8 c:/devkitPro/libctru/lib\libctru.a(svc.o)
                0x00105e40                svcBreak
 .text._ZL21addrMapNodeComparatorPK11rbtree_nodeS1_
                0x00105e48       0x24 c:/devkitPro/libctru/lib\libctru.a(linear.o)
 .text._ZL21addrMapNodeDestructorP11rbtree_node
                0x00105e6c        0x4 c:/devkitPro/libctru/lib\libctru.a(linear.o)
 .text.linearMemAlign
                0x00105e70      0x13c c:/devkitPro/libctru/lib\libctru.a(linear.o)
                0x00105e70                linearMemAlign
 .text.linearAlloc
                0x00105fac        0x8 c:/devkitPro/libctru/lib\libctru.a(linear.o)
                0x00105fac                linearAlloc
 .text.linearFree
                0x00105fb4       0x50 c:/devkitPro/libctru/lib\libctru.a(linear.o)
                0x00105fb4                linearFree
 .text._ZL21addrMapNodeComparatorPK11rbtree_nodeS1_
                0x00106004       0x24 c:/devkitPro/libctru/lib\libctru.a(mappable.o)
 .text._ZL21addrMapNodeDestructorP11rbtree_node
                0x00106028        0x4 c:/devkitPro/libctru/lib\libctru.a(mappable.o)
 .text.mappableAlloc
                0x0010602c       0xf4 c:/devkitPro/libctru/lib\libctru.a(mappable.o)
                0x0010602c                mappableAlloc
 .text.mappableFree
                0x00106120       0x50 c:/devkitPro/libctru/lib\libctru.a(mappable.o)
                0x00106120                mappableFree
 .text._ZN7MemPool13CoalesceRightEP8MemBlock
                0x00106170       0x98 c:/devkitPro/libctru/lib\libctru.a(mem_pool.o)
                0x00106170                MemPool::CoalesceRight(MemBlock*)
 .text._ZN7MemPool8AllocateER8MemChunkmi
                0x00106208      0x178 c:/devkitPro/libctru/lib\libctru.a(mem_pool.o)
                0x00106208                MemPool::Allocate(MemChunk&, unsigned long, int)
 .text._ZN7MemPool10DeallocateERK8MemChunk
                0x00106380      0x100 c:/devkitPro/libctru/lib\libctru.a(mem_pool.o)
                0x00106380                MemPool::Deallocate(MemChunk const&)
 .text._ZL21addrMapNodeComparatorPK11rbtree_nodeS1_
                0x00106480       0x24 c:/devkitPro/libctru/lib\libctru.a(vram.o)
 .text._ZL21addrMapNodeDestructorP11rbtree_node
                0x001064a4        0x4 c:/devkitPro/libctru/lib\libctru.a(vram.o)
 .text.vramMemAlign
                0x001064a8      0x12c c:/devkitPro/libctru/lib\libctru.a(vram.o)
                0x001064a8                vramMemAlign
 .text.vramAlloc
                0x001065d4        0x8 c:/devkitPro/libctru/lib\libctru.a(vram.o)
                0x001065d4                vramAlloc
 .text.vramFree
                0x001065dc       0x50 c:/devkitPro/libctru/lib\libctru.a(vram.o)
                0x001065dc                vramFree
 .text.envGetHandle
                0x0010662c       0x84 c:/devkitPro/libctru/lib\libctru.a(env.o)
                0x0010662c                envGetHandle
 .text.envDestroyHandles
                0x001066b0       0x4c c:/devkitPro/libctru/lib\libctru.a(env.o)
                0x001066b0                envDestroyHandles
 .text.getSysTime
                0x001066fc       0x58 c:/devkitPro/libctru/lib\libctru.a(os.o)
 .text.osGetMemRegionUsed
                0x00106754       0x24 c:/devkitPro/libctru/lib\libctru.a(os.o)
                0x00106754                osGetMemRegionUsed
 .text.__libctru_gtod
                0x00106778       0xf4 c:/devkitPro/libctru/lib\libctru.a(os.o)
                0x00106778                __libctru_gtod
 .text.__ctru_speedup_config
                0x0010686c       0x34 c:/devkitPro/libctru/lib\libctru.a(os.o)
                0x0010686c                __ctru_speedup_config
 .text.srvExit  0x001068a0       0x58 c:/devkitPro/libctru/lib\libctru.a(srv.o)
                0x001068a0                srvExit
 .text.srvRegisterClient
                0x001068f8       0x38 c:/devkitPro/libctru/lib\libctru.a(srv.o)
                0x001068f8                srvRegisterClient
 .text.srvInit  0x00106930       0x7c c:/devkitPro/libctru/lib\libctru.a(srv.o)
                0x00106930                srvInit
 .text.srvGetServiceHandleDirect
                0x001069ac       0x68 c:/devkitPro/libctru/lib\libctru.a(srv.o)
                0x001069ac                srvGetServiceHandleDirect
 .text.srvGetServiceHandle
                0x00106a14       0x38 c:/devkitPro/libctru/lib\libctru.a(srv.o)
                0x00106a14                srvGetServiceHandle
 .text.LightLock_Unlock.part.1
                0x00106a4c       0x34 c:/devkitPro/libctru/lib\libctru.a(synchronization.o)
 .text.__sync_init
                0x00106a80        0xc c:/devkitPro/libctru/lib\libctru.a(synchronization.o)
                0x00106a80                __sync_init
 .text.__sync_fini
                0x00106a8c       0x18 c:/devkitPro/libctru/lib\libctru.a(synchronization.o)
                0x00106a8c                __sync_fini
 .text.__sync_get_arbiter
                0x00106aa4       0x10 c:/devkitPro/libctru/lib\libctru.a(synchronization.o)
                0x00106aa4                __sync_get_arbiter
 .text.LightLock_Init
                0x00106ab4       0x18 c:/devkitPro/libctru/lib\libctru.a(synchronization.o)
                0x00106ab4                LightLock_Init
 .text.LightLock_Lock
                0x00106acc       0xa0 c:/devkitPro/libctru/lib\libctru.a(synchronization.o)
                0x00106acc                LightLock_Lock
 .text.LightLock_TryLock
                0x00106b6c       0x34 c:/devkitPro/libctru/lib\libctru.a(synchronization.o)
                0x00106b6c                LightLock_TryLock
 .text.LightLock_Unlock
                0x00106ba0       0x20 c:/devkitPro/libctru/lib\libctru.a(synchronization.o)
                0x00106ba0                LightLock_Unlock
 .text.RecursiveLock_Init
                0x00106bc0       0x24 c:/devkitPro/libctru/lib\libctru.a(synchronization.o)
                0x00106bc0                RecursiveLock_Init
 .text.RecursiveLock_Lock
                0x00106be4       0x30 c:/devkitPro/libctru/lib\libctru.a(synchronization.o)
                0x00106be4                RecursiveLock_Lock
 .text.RecursiveLock_TryLock
                0x00106c14       0x58 c:/devkitPro/libctru/lib\libctru.a(synchronization.o)
                0x00106c14                RecursiveLock_TryLock
 .text.RecursiveLock_Unlock
                0x00106c6c       0x38 c:/devkitPro/libctru/lib\libctru.a(synchronization.o)
                0x00106c6c                RecursiveLock_Unlock
 .text.LightEvent_Init
                0x00106ca4       0x38 c:/devkitPro/libctru/lib\libctru.a(synchronization.o)
                0x00106ca4                LightEvent_Init
 .text.LightEvent_Clear
                0x00106cdc       0x7c c:/devkitPro/libctru/lib\libctru.a(synchronization.o)
                0x00106cdc                LightEvent_Clear
 .text.LightEvent_Signal
                0x00106d58       0xdc c:/devkitPro/libctru/lib\libctru.a(synchronization.o)
                0x00106d58                LightEvent_Signal
 .text.LightEvent_Wait
                0x00106e34       0xd0 c:/devkitPro/libctru/lib\libctru.a(synchronization.o)
                0x00106e34                LightEvent_Wait
 .text.threadFree.part.0
                0x00106f04       0x1c c:/devkitPro/libctru/lib\libctru.a(thread.o)
 .text.threadCreate
                0x00106f20      0x1bc c:/devkitPro/libctru/lib\libctru.a(thread.o)
                0x00106f20                threadCreate
 .text.threadJoin
                0x001070dc       0x24 c:/devkitPro/libctru/lib\libctru.a(thread.o)
                0x001070dc                threadJoin
 .text.threadExit
                0x00107100       0x64 c:/devkitPro/libctru/lib\libctru.a(thread.o)
                0x00107100                threadExit
 .text._thread_begin
                0x00107164       0x40 c:/devkitPro/libctru/lib\libctru.a(thread.o)
 .text.ptmSysmInit
                0x001071a4       0x74 c:/devkitPro/libctru/lib\libctru.a(ptmsysm.o)
                0x001071a4                ptmSysmInit
 .text.ptmSysmExit
                0x00107218       0x3c c:/devkitPro/libctru/lib\libctru.a(ptmsysm.o)
                0x00107218                ptmSysmExit
 .text.PTMSYSM_ConfigureNew3DSCPU
                0x00107254       0x34 c:/devkitPro/libctru/lib\libctru.a(ptmsysm.o)
                0x00107254                PTMSYSM_ConfigureNew3DSCPU
 .text.rbtree_find
                0x00107288       0x70 c:/devkitPro/libctru/lib\libctru.a(rbtree_find.o)
                0x00107288                rbtree_find
 .text.rbtree_init
                0x001072f8       0x14 c:/devkitPro/libctru/lib\libctru.a(rbtree_init.o)
                0x001072f8                rbtree_init
 .text.do_insert
                0x0010730c      0x18c c:/devkitPro/libctru/lib\libctru.a(rbtree_insert.o)
 .text.rbtree_insert
                0x00107498        0x8 c:/devkitPro/libctru/lib\libctru.a(rbtree_insert.o)
                0x00107498                rbtree_insert
 .text.rbtree_remove
                0x001074a0      0x324 c:/devkitPro/libctru/lib\libctru.a(rbtree_remove.o)
                0x001074a0                rbtree_remove
 .text.rbtree_rotate
                0x001077c4       0x94 c:/devkitPro/libctru/lib\libctru.a(rbtree_rotate.o)
                0x001077c4                rbtree_rotate
 .text.decode_utf16
                0x00107858       0x60 c:/devkitPro/libctru/lib\libctru.a(decode_utf16.o)
                0x00107858                decode_utf16
 .text.decode_utf8
                0x001078b8      0x138 c:/devkitPro/libctru/lib\libctru.a(decode_utf8.o)
                0x001078b8                decode_utf8
 .text.encode_utf16
                0x001079f0       0x68 c:/devkitPro/libctru/lib\libctru.a(encode_utf16.o)
                0x001079f0                encode_utf16
 .text.encode_utf8
                0x00107a58      0x104 c:/devkitPro/libctru/lib\libctru.a(encode_utf8.o)
                0x00107a58                encode_utf8
 .text.osGetMemRegionSize
                0x00107b5c       0x58 c:/devkitPro/libctru/lib\libctru.a(allocateHeaps.o)
 .text.__system_allocateHeaps
                0x00107bb4      0x104 c:/devkitPro/libctru/lib\libctru.a(allocateHeaps.o)
                0x00107bb4                __system_allocateHeaps
 .text.__appExit
                0x00107cb8       0x1c c:/devkitPro/libctru/lib\libctru.a(appExit.o)
                0x00107cb8                __appExit
 .text.__appInit
                0x00107cd4       0x1c c:/devkitPro/libctru/lib\libctru.a(appInit.o)
                0x00107cd4                __appInit
 .text.__libctru_exit
                0x00107cf0       0xa4 c:/devkitPro/libctru/lib\libctru.a(ctru_exit.o)
                0x00107cf0                __libctru_exit
 .text.sdmc_link
                0x00107d94       0x10 c:/devkitPro/libctru/lib\libctru.a(sdmc_dev.o)
 .text.sdmc_dirreset
                0x00107da4       0x10 c:/devkitPro/libctru/lib\libctru.a(sdmc_dev.o)
 .text.sdmc_fchmod
                0x00107db4       0x10 c:/devkitPro/libctru/lib\libctru.a(sdmc_dev.o)
 .text.error_cmp
                0x00107dc4       0x24 c:/devkitPro/libctru/lib\libctru.a(sdmc_dev.o)
 .text.sdmc_translate_error
                0x00107de8       0x50 c:/devkitPro/libctru/lib\libctru.a(sdmc_dev.o)
 .text.sdmc_fsync
                0x00107e38       0x34 c:/devkitPro/libctru/lib\libctru.a(sdmc_dev.o)
 .text.sdmc_ftruncate
                0x00107e6c       0x54 c:/devkitPro/libctru/lib\libctru.a(sdmc_dev.o)
 .text.sdmc_statvfs
                0x00107ec0       0xb8 c:/devkitPro/libctru/lib\libctru.a(sdmc_dev.o)
 .text.sdmc_dirclose
                0x00107f78       0x38 c:/devkitPro/libctru/lib\libctru.a(sdmc_dev.o)
 .text.sdmc_dirnext
                0x00107fb0      0x138 c:/devkitPro/libctru/lib\libctru.a(sdmc_dev.o)
 .text.sdmc_close
                0x001080e8       0x34 c:/devkitPro/libctru/lib\libctru.a(sdmc_dev.o)
 .text.sdmc_fstat
                0x0010811c       0x74 c:/devkitPro/libctru/lib\libctru.a(sdmc_dev.o)
 .text.sdmc_seek
                0x00108190       0xd8 c:/devkitPro/libctru/lib\libctru.a(sdmc_dev.o)
 .text.sdmc_read
                0x00108268       0x84 c:/devkitPro/libctru/lib\libctru.a(sdmc_dev.o)
 .text.sdmc_write
                0x001082ec       0xb8 c:/devkitPro/libctru/lib\libctru.a(sdmc_dev.o)
 .text.sdmc_utf16path
                0x001083a4      0x1ac c:/devkitPro/libctru/lib\libctru.a(sdmc_dev.o)
 .text.sdmc_rmdir
                0x00108550       0x74 c:/devkitPro/libctru/lib\libctru.a(sdmc_dev.o)
 .text.sdmc_diropen
                0x001085c4       0xa4 c:/devkitPro/libctru/lib\libctru.a(sdmc_dev.o)
 .text.sdmc_chdir
                0x00108668       0xa0 c:/devkitPro/libctru/lib\libctru.a(sdmc_dev.o)
 .text.sdmc_mkdir
                0x00108708       0x98 c:/devkitPro/libctru/lib\libctru.a(sdmc_dev.o)
 .text.sdmc_rename
                0x001087a0      0x108 c:/devkitPro/libctru/lib\libctru.a(sdmc_dev.o)
 .text.sdmc_unlink
                0x001088a8       0x74 c:/devkitPro/libctru/lib\libctru.a(sdmc_dev.o)
 .text.sdmc_stat
                0x0010891c      0x108 c:/devkitPro/libctru/lib\libctru.a(sdmc_dev.o)
 .text.sdmc_open
                0x00108a24      0x188 c:/devkitPro/libctru/lib\libctru.a(sdmc_dev.o)
 .text.sdmc_chmod
                0x00108bac       0x10 c:/devkitPro/libctru/lib\libctru.a(sdmc_dev.o)
 .text.sdmcInit
                0x00108bbc      0x160 c:/devkitPro/libctru/lib\libctru.a(sdmc_dev.o)
                0x00108bbc                sdmcInit
 .text.sdmcExit
                0x00108d1c       0x60 c:/devkitPro/libctru/lib\libctru.a(sdmc_dev.o)
                0x00108d1c                sdmcExit
 .text.fsSessionForArchive.part.0
                0x00108d7c       0x28 c:/devkitPro/libctru/lib\libctru.a(fs.o)
 .text.fsInit   0x00108da4       0xcc c:/devkitPro/libctru/lib\libctru.a(fs.o)
                0x00108da4                fsInit
 .text.fsExit   0x00108e70       0x3c c:/devkitPro/libctru/lib\libctru.a(fs.o)
                0x00108e70                fsExit
 .text.fsExemptFromSession
                0x00108eac       0xa0 c:/devkitPro/libctru/lib\libctru.a(fs.o)
                0x00108eac                fsExemptFromSession
 .text.fsUnexemptFromSession
                0x00108f4c       0x50 c:/devkitPro/libctru/lib\libctru.a(fs.o)
                0x00108f4c                fsUnexemptFromSession
 .text.FSUSER_OpenFile
                0x00108f9c       0xbc c:/devkitPro/libctru/lib\libctru.a(fs.o)
                0x00108f9c                FSUSER_OpenFile
 .text.FSUSER_DeleteFile
                0x00109058       0xa4 c:/devkitPro/libctru/lib\libctru.a(fs.o)
                0x00109058                FSUSER_DeleteFile
 .text.FSUSER_RenameFile
                0x001090fc       0xe0 c:/devkitPro/libctru/lib\libctru.a(fs.o)
                0x001090fc                FSUSER_RenameFile
 .text.FSUSER_DeleteDirectory
                0x001091dc       0xa4 c:/devkitPro/libctru/lib\libctru.a(fs.o)
                0x001091dc                FSUSER_DeleteDirectory
 .text.FSUSER_CreateFile
                0x00109280       0xbc c:/devkitPro/libctru/lib\libctru.a(fs.o)
                0x00109280                FSUSER_CreateFile
 .text.FSUSER_CreateDirectory
                0x0010933c       0xac c:/devkitPro/libctru/lib\libctru.a(fs.o)
                0x0010933c                FSUSER_CreateDirectory
 .text.FSUSER_RenameDirectory
                0x001093e8       0xe0 c:/devkitPro/libctru/lib\libctru.a(fs.o)
                0x001093e8                FSUSER_RenameDirectory
 .text.FSUSER_OpenDirectory
                0x001094c8       0xa4 c:/devkitPro/libctru/lib\libctru.a(fs.o)
                0x001094c8                FSUSER_OpenDirectory
 .text.FSUSER_OpenArchive
                0x0010956c       0x98 c:/devkitPro/libctru/lib\libctru.a(fs.o)
                0x0010956c                FSUSER_OpenArchive
 .text.FSUSER_CloseArchive
                0x00109604       0x74 c:/devkitPro/libctru/lib\libctru.a(fs.o)
                0x00109604                FSUSER_CloseArchive
 .text.FSUSER_GetSdmcArchiveResource
                0x00109678       0x78 c:/devkitPro/libctru/lib\libctru.a(fs.o)
                0x00109678                FSUSER_GetSdmcArchiveResource
 .text.FSUSER_IsSdmcWritable
                0x001096f0       0x64 c:/devkitPro/libctru/lib\libctru.a(fs.o)
                0x001096f0                FSUSER_IsSdmcWritable
 .text.FSFILE_Read
                0x00109754       0x5c c:/devkitPro/libctru/lib\libctru.a(fs.o)
                0x00109754                FSFILE_Read
 .text.FSFILE_Write
                0x001097b0       0x64 c:/devkitPro/libctru/lib\libctru.a(fs.o)
                0x001097b0                FSFILE_Write
 .text.FSFILE_GetSize
                0x00109814       0x3c c:/devkitPro/libctru/lib\libctru.a(fs.o)
                0x00109814                FSFILE_GetSize
 .text.FSFILE_SetSize
                0x00109850       0x2c c:/devkitPro/libctru/lib\libctru.a(fs.o)
                0x00109850                FSFILE_SetSize
 .text.FSFILE_Close
                0x0010987c       0x3c c:/devkitPro/libctru/lib\libctru.a(fs.o)
                0x0010987c                FSFILE_Close
 .text.FSFILE_Flush
                0x001098b8       0x24 c:/devkitPro/libctru/lib\libctru.a(fs.o)
                0x001098b8                FSFILE_Flush
 .text.FSDIR_Read
                0x001098dc       0x54 c:/devkitPro/libctru/lib\libctru.a(fs.o)
                0x001098dc                FSDIR_Read
 .text.FSDIR_Close
                0x00109930       0x3c c:/devkitPro/libctru/lib\libctru.a(fs.o)
                0x00109930                FSDIR_Close
 .text.rbtree_node_next
                0x0010996c       0x74 c:/devkitPro/libctru/lib\libctru.a(rbtree_iterator.o)
                0x0010996c                rbtree_node_next
 .text.__aeabi_read_tp
                0x001099e0        0xc c:/devkitPro/libctru/lib\libctru.a(readtp.o)
                0x001099e0                __aeabi_read_tp
 .text.__udivmoddi4
                0x001099ec      0x128 c:/devkitpro/devkitarm/bin/../lib/gcc/arm-none-eabi/6.3.0/armv6k/fpu\libgcc.a(_udivmoddi4.o)
                0x001099ec                __udivmoddi4
 .text.bsearch  0x00109b14       0x74 c:/devkitpro/devkitarm/bin/../lib/gcc/arm-none-eabi/6.3.0/../../../../arm-none-eabi/lib/armv6k/fpu\libg.a(lib_a-bsearch.o)
                0x00109b14                bsearch
 .text.__errno  0x00109b88        0xc c:/devkitpro/devkitarm/bin/../lib/gcc/arm-none-eabi/6.3.0/../../../../arm-none-eabi/lib/armv6k/fpu\libg.a(lib_a-errno.o)
                0x00109b88                __errno
 .text._fclose_r
                0x00109b94      0x154 c:/devkitpro/devkitarm/bin/../lib/gcc/arm-none-eabi/6.3.0/../../../../arm-none-eabi/lib/armv6k/fpu\libg.a(lib_a-fclose.o)
                0x00109b94                _fclose_r
 .text.fclose   0x00109ce8       0x18 c:/devkitpro/devkitarm/bin/../lib/gcc/arm-none-eabi/6.3.0/../../../../arm-none-eabi/lib/armv6k/fpu\libg.a(lib_a-fclose.o)
                0x00109ce8                fclose
 .text.__sflush_r
                0x00109d00      0x254 c:/devkitpro/devkitarm/bin/../lib/gcc/arm-none-eabi/6.3.0/../../../../arm-none-eabi/lib/armv6k/fpu\libg.a(lib_a-fflush.o)
                0x00109d00                __sflush_r
 .text._fflush_r
                0x00109f54       0x94 c:/devkitpro/devkitarm/bin/../lib/gcc/arm-none-eabi/6.3.0/../../../../arm-none-eabi/lib/armv6k/fpu\libg.a(lib_a-fflush.o)
                0x00109f54                _fflush_r
 .text.fflush   0x00109fe8       0x38 c:/devkitpro/devkitarm/bin/../lib/gcc/arm-none-eabi/6.3.0/../../../../arm-none-eabi/lib/armv6k/fpu\libg.a(lib_a-fflush.o)
                0x00109fe8                fflush
 .text._cleanup_r
                0x0010a020        0xc c:/devkitpro/devkitarm/bin/../lib/gcc/arm-none-eabi/6.3.0/../../../../arm-none-eabi/lib/armv6k/fpu\libg.a(lib_a-findfp.o)
                0x0010a020                _cleanup_r
 .text.std.isra.0
                0x0010a02c       0x80 c:/devkitpro/devkitarm/bin/../lib/gcc/arm-none-eabi/6.3.0/../../../../arm-none-eabi/lib/armv6k/fpu\libg.a(lib_a-findfp.o)
 .text.__sfmoreglue
                0x0010a0ac       0x48 c:/devkitpro/devkitarm/bin/../lib/gcc/arm-none-eabi/6.3.0/../../../../arm-none-eabi/lib/armv6k/fpu\libg.a(lib_a-findfp.o)
                0x0010a0ac                __sfmoreglue
 .text.__sinit  0x0010a0f4       0x8c c:/devkitpro/devkitarm/bin/../lib/gcc/arm-none-eabi/6.3.0/../../../../arm-none-eabi/lib/armv6k/fpu\libg.a(lib_a-findfp.o)
                0x0010a0f4                __sinit
 .text.__sfp    0x0010a180      0x118 c:/devkitpro/devkitarm/bin/../lib/gcc/arm-none-eabi/6.3.0/../../../../arm-none-eabi/lib/armv6k/fpu\libg.a(lib_a-findfp.o)
                0x0010a180                __sfp
 .text.__sfp_lock_acquire
                0x0010a298        0xc c:/devkitpro/devkitarm/bin/../lib/gcc/arm-none-eabi/6.3.0/../../../../arm-none-eabi/lib/armv6k/fpu\libg.a(lib_a-findfp.o)
                0x0010a298                __sfp_lock_acquire
 .text.__sfp_lock_release
                0x0010a2a4        0xc c:/devkitpro/devkitarm/bin/../lib/gcc/arm-none-eabi/6.3.0/../../../../arm-none-eabi/lib/armv6k/fpu\libg.a(lib_a-findfp.o)
                0x0010a2a4                __sfp_lock_release
 .text.__libc_fini_array
                0x0010a2b0       0x40 c:/devkitpro/devkitarm/bin/../lib/gcc/arm-none-eabi/6.3.0/../../../../arm-none-eabi/lib/armv6k/fpu\libg.a(lib_a-fini.o)
                0x0010a2b0                __libc_fini_array
 .text._fopen_r
                0x0010a2f0      0x148 c:/devkitpro/devkitarm/bin/../lib/gcc/arm-none-eabi/6.3.0/../../../../arm-none-eabi/lib/armv6k/fpu\libg.a(lib_a-fopen.o)
                0x0010a2f0                _fopen_r
 .text.fopen    0x0010a438       0x20 c:/devkitpro/devkitarm/bin/../lib/gcc/arm-none-eabi/6.3.0/../../../../arm-none-eabi/lib/armv6k/fpu\libg.a(lib_a-fopen.o)
                0x0010a438                fopen
 .text._malloc_trim_r
                0x0010a458       0xf8 c:/devkitpro/devkitarm/bin/../lib/gcc/arm-none-eabi/6.3.0/../../../../arm-none-eabi/lib/armv6k/fpu\libg.a(lib_a-freer.o)
                0x0010a458                _malloc_trim_r
 .text._free_r  0x0010a550      0x2e4 c:/devkitpro/devkitarm/bin/../lib/gcc/arm-none-eabi/6.3.0/../../../../arm-none-eabi/lib/armv6k/fpu\libg.a(lib_a-freer.o)
                0x0010a550                _free_r
 .text._fseek_r
                0x0010a834        0x4 c:/devkitpro/devkitarm/bin/../lib/gcc/arm-none-eabi/6.3.0/../../../../arm-none-eabi/lib/armv6k/fpu\libg.a(lib_a-fseek.o)
                0x0010a834                _fseek_r
 .text._fseeko_r
                0x0010a838      0x5d4 c:/devkitpro/devkitarm/bin/../lib/gcc/arm-none-eabi/6.3.0/../../../../arm-none-eabi/lib/armv6k/fpu\libg.a(lib_a-fseeko.o)
                0x0010a838                _fseeko_r
 .text._fwalk   0x0010ae0c       0x78 c:/devkitpro/devkitarm/bin/../lib/gcc/arm-none-eabi/6.3.0/../../../../arm-none-eabi/lib/armv6k/fpu\libg.a(lib_a-fwalk.o)
                0x0010ae0c                _fwalk
 .text._fwalk_reent
                0x0010ae84       0x80 c:/devkitpro/devkitarm/bin/../lib/gcc/arm-none-eabi/6.3.0/../../../../arm-none-eabi/lib/armv6k/fpu\libg.a(lib_a-fwalk.o)
                0x0010ae84                _fwalk_reent
 .text._fwrite_r
                0x0010af04       0xf4 c:/devkitpro/devkitarm/bin/../lib/gcc/arm-none-eabi/6.3.0/../../../../arm-none-eabi/lib/armv6k/fpu\libg.a(lib_a-fwrite.o)
                0x0010af04                _fwrite_r
 .text.fwrite   0x0010aff8       0x38 c:/devkitpro/devkitarm/bin/../lib/gcc/arm-none-eabi/6.3.0/../../../../arm-none-eabi/lib/armv6k/fpu\libg.a(lib_a-fwrite.o)
                0x0010aff8                fwrite
 .text.__libc_init_array
                0x0010b030       0x78 c:/devkitpro/devkitarm/bin/../lib/gcc/arm-none-eabi/6.3.0/../../../../arm-none-eabi/lib/armv6k/fpu\libg.a(lib_a-init.o)
                0x0010b030                __libc_init_array
 .text.__swhatbuf_r
                0x0010b0a8       0x94 c:/devkitpro/devkitarm/bin/../lib/gcc/arm-none-eabi/6.3.0/../../../../arm-none-eabi/lib/armv6k/fpu\libg.a(lib_a-makebuf.o)
                0x0010b0a8                __swhatbuf_r
 .text.__smakebuf_r
                0x0010b13c       0xf4 c:/devkitpro/devkitarm/bin/../lib/gcc/arm-none-eabi/6.3.0/../../../../arm-none-eabi/lib/armv6k/fpu\libg.a(lib_a-makebuf.o)
                0x0010b13c                __smakebuf_r
 .text.memalign
                0x0010b230       0x20 c:/devkitpro/devkitarm/bin/../lib/gcc/arm-none-eabi/6.3.0/../../../../arm-none-eabi/lib/armv6k/fpu\libg.a(lib_a-malign.o)
                0x0010b230                memalign
 .text._memalign_r
                0x0010b250      0x158 c:/devkitpro/devkitarm/bin/../lib/gcc/arm-none-eabi/6.3.0/../../../../arm-none-eabi/lib/armv6k/fpu\libg.a(lib_a-malignr.o)
                0x0010b250                _memalign_r
 .text.malloc   0x0010b3a8       0x18 c:/devkitpro/devkitarm/bin/../lib/gcc/arm-none-eabi/6.3.0/../../../../arm-none-eabi/lib/armv6k/fpu\libg.a(lib_a-malloc.o)
                0x0010b3a8                malloc
 .text.free     0x0010b3c0       0x18 c:/devkitpro/devkitarm/bin/../lib/gcc/arm-none-eabi/6.3.0/../../../../arm-none-eabi/lib/armv6k/fpu\libg.a(lib_a-malloc.o)
                0x0010b3c0                free
 .text._malloc_r
                0x0010b3d8      0x78c c:/devkitpro/devkitarm/bin/../lib/gcc/arm-none-eabi/6.3.0/../../../../arm-none-eabi/lib/armv6k/fpu\libg.a(lib_a-mallocr.o)
                0x0010b3d8                _malloc_r
 .text.memchr   0x0010bb64      0x104 c:/devkitpro/devkitarm/bin/../lib/gcc/arm-none-eabi/6.3.0/../../../../arm-none-eabi/lib/armv6k/fpu\libg.a(lib_a-memchr-stub.o)
                0x0010bb64                memchr
 .text.memcpy   0x0010bc68      0x114 c:/devkitpro/devkitarm/bin/../lib/gcc/arm-none-eabi/6.3.0/../../../../arm-none-eabi/lib/armv6k/fpu\libg.a(lib_a-memcpy-stub.o)
                0x0010bc68                memcpy
 .text.memset   0x0010bd7c      0x110 c:/devkitpro/devkitarm/bin/../lib/gcc/arm-none-eabi/6.3.0/../../../../arm-none-eabi/lib/armv6k/fpu\libg.a(lib_a-memset.o)
                0x0010bd7c                memset
 .text.__malloc_lock
                0x0010be8c        0xc c:/devkitpro/devkitarm/bin/../lib/gcc/arm-none-eabi/6.3.0/../../../../arm-none-eabi/lib/armv6k/fpu\libg.a(lib_a-mlock.o)
                0x0010be8c                __malloc_lock
 .text.__malloc_unlock
                0x0010be98        0xc c:/devkitpro/devkitarm/bin/../lib/gcc/arm-none-eabi/6.3.0/../../../../arm-none-eabi/lib/armv6k/fpu\libg.a(lib_a-mlock.o)
                0x0010be98                __malloc_unlock
 .text.printf   0x0010bea4       0x38 c:/devkitpro/devkitarm/bin/../lib/gcc/arm-none-eabi/6.3.0/../../../../arm-none-eabi/lib/armv6k/fpu\libg.a(lib_a-printf.o)
                0x0010bea4                printf
 .text.lflush   0x0010bedc       0x1c c:/devkitpro/devkitarm/bin/../lib/gcc/arm-none-eabi/6.3.0/../../../../arm-none-eabi/lib/armv6k/fpu\libg.a(lib_a-refill.o)
 .text.__srefill_r
                0x0010bef8      0x1b4 c:/devkitpro/devkitarm/bin/../lib/gcc/arm-none-eabi/6.3.0/../../../../arm-none-eabi/lib/armv6k/fpu\libg.a(lib_a-refill.o)
                0x0010bef8                __srefill_r
 .text.remove   0x0010c0ac       0x28 c:/devkitpro/devkitarm/bin/../lib/gcc/arm-none-eabi/6.3.0/../../../../arm-none-eabi/lib/armv6k/fpu\libg.a(lib_a-remove.o)
                0x0010c0ac                remove
 .text.setvbuf  0x0010c0d4      0x258 c:/devkitpro/devkitarm/bin/../lib/gcc/arm-none-eabi/6.3.0/../../../../arm-none-eabi/lib/armv6k/fpu\libg.a(lib_a-setvbuf.o)
                0x0010c0d4                setvbuf
 .text.sscanf   0x0010c32c       0x74 c:/devkitpro/devkitarm/bin/../lib/gcc/arm-none-eabi/6.3.0/../../../../arm-none-eabi/lib/armv6k/fpu\libg.a(lib_a-sscanf.o)
                0x0010c32c                sscanf
 .text.__sread  0x0010c3a0       0x3c c:/devkitpro/devkitarm/bin/../lib/gcc/arm-none-eabi/6.3.0/../../../../arm-none-eabi/lib/armv6k/fpu\libg.a(lib_a-stdio.o)
                0x0010c3a0                __sread
 .text.__seofread
                0x0010c3dc        0x8 c:/devkitpro/devkitarm/bin/../lib/gcc/arm-none-eabi/6.3.0/../../../../arm-none-eabi/lib/armv6k/fpu\libg.a(lib_a-stdio.o)
                0x0010c3dc                __seofread
 .text.__swrite
                0x0010c3e4       0x64 c:/devkitpro/devkitarm/bin/../lib/gcc/arm-none-eabi/6.3.0/../../../../arm-none-eabi/lib/armv6k/fpu\libg.a(lib_a-stdio.o)
                0x0010c3e4                __swrite
 .text.__sseek  0x0010c448       0x4c c:/devkitpro/devkitarm/bin/../lib/gcc/arm-none-eabi/6.3.0/../../../../arm-none-eabi/lib/armv6k/fpu\libg.a(lib_a-stdio.o)
                0x0010c448                __sseek
 .text.__sclose
                0x0010c494        0x8 c:/devkitpro/devkitarm/bin/../lib/gcc/arm-none-eabi/6.3.0/../../../../arm-none-eabi/lib/armv6k/fpu\libg.a(lib_a-stdio.o)
                0x0010c494                __sclose
 .text.strlen   0x0010c49c       0x5c c:/devkitpro/devkitarm/bin/../lib/gcc/arm-none-eabi/6.3.0/../../../../arm-none-eabi/lib/armv6k/fpu\libg.a(lib_a-strlen-stub.o)
                0x0010c49c                strlen
 .text.strncat  0x0010c4f8       0x9c c:/devkitpro/devkitarm/bin/../lib/gcc/arm-none-eabi/6.3.0/../../../../arm-none-eabi/lib/armv6k/fpu\libg.a(lib_a-strncat.o)
                0x0010c4f8                strncat
 .text.strncpy  0x0010c594       0xd8 c:/devkitpro/devkitarm/bin/../lib/gcc/arm-none-eabi/6.3.0/../../../../arm-none-eabi/lib/armv6k/fpu\libg.a(lib_a-strncpy.o)
                0x0010c594                strncpy
 .text.__ssvfscanf_r
                0x0010c66c     0x290c c:/devkitpro/devkitarm/bin/../lib/gcc/arm-none-eabi/6.3.0/../../../../arm-none-eabi/lib/armv6k/fpu\libg.a(lib_a-svfscanf.o)
                0x0010c66c                __ssvfscanf_r
 .text.__sprint_r.part.0
                0x0010ef78       0x1c c:/devkitpro/devkitarm/bin/../lib/gcc/arm-none-eabi/6.3.0/../../../../arm-none-eabi/lib/armv6k/fpu\libg.a(lib_a-vfiprintf.o)
 .text.__sprint_r
                0x0010ef94       0x1c c:/devkitpro/devkitarm/bin/../lib/gcc/arm-none-eabi/6.3.0/../../../../arm-none-eabi/lib/armv6k/fpu\libg.a(lib_a-vfiprintf.o)
                0x0010ef94                __sprint_r
 .text.get_arg  0x0010efb0     0x1624 c:/devkitpro/devkitarm/bin/../lib/gcc/arm-none-eabi/6.3.0/../../../../arm-none-eabi/lib/armv6k/fpu\libg.a(lib_a-vfprintf.o)
 *fill*         0x001105d4        0x4 
 .text._vfprintf_r
                0x001105d8     0x4314 c:/devkitpro/devkitarm/bin/../lib/gcc/arm-none-eabi/6.3.0/../../../../arm-none-eabi/lib/armv6k/fpu\libg.a(lib_a-vfprintf.o)
                0x001105d8                _vfprintf_r
 .text.__sbprintf
                0x001148ec       0xcc c:/devkitpro/devkitarm/bin/../lib/gcc/arm-none-eabi/6.3.0/../../../../arm-none-eabi/lib/armv6k/fpu\libg.a(lib_a-vfprintf.o)
 .text._wcrtomb_r
                0x001149b8       0xa0 c:/devkitpro/devkitarm/bin/../lib/gcc/arm-none-eabi/6.3.0/../../../../arm-none-eabi/lib/armv6k/fpu\libg.a(lib_a-wcrtomb.o)
                0x001149b8                _wcrtomb_r
 .text._wcsrtombs_r
                0x00114a58       0x20 c:/devkitpro/devkitarm/bin/../lib/gcc/arm-none-eabi/6.3.0/../../../../arm-none-eabi/lib/armv6k/fpu\libg.a(lib_a-wcsrtombs.o)
                0x00114a58                _wcsrtombs_r
 .text.__swsetup_r
                0x00114a78      0x144 c:/devkitpro/devkitarm/bin/../lib/gcc/arm-none-eabi/6.3.0/../../../../arm-none-eabi/lib/armv6k/fpu\libg.a(lib_a-wsetup.o)
                0x00114a78                __swsetup_r
 .text.quorem   0x00114bbc      0x1d0 c:/devkitpro/devkitarm/bin/../lib/gcc/arm-none-eabi/6.3.0/../../../../arm-none-eabi/lib/armv6k/fpu\libg.a(lib_a-dtoa.o)
 *fill*         0x00114d8c        0x4 
 .text._dtoa_r  0x00114d90     0x1260 c:/devkitpro/devkitarm/bin/../lib/gcc/arm-none-eabi/6.3.0/../../../../arm-none-eabi/lib/armv6k/fpu\libg.a(lib_a-dtoa.o)
                0x00114d90                _dtoa_r
 .text.__sflags
                0x00115ff0       0xb0 c:/devkitpro/devkitarm/bin/../lib/gcc/arm-none-eabi/6.3.0/../../../../arm-none-eabi/lib/armv6k/fpu\libg.a(lib_a-flags.o)
                0x00115ff0                __sflags
 .text.__sfvwrite_r
                0x001160a0      0x4ac c:/devkitpro/devkitarm/bin/../lib/gcc/arm-none-eabi/6.3.0/../../../../arm-none-eabi/lib/armv6k/fpu\libg.a(lib_a-fvwrite.o)
                0x001160a0                __sfvwrite_r
 .text.iswspace
                0x0011654c       0x74 c:/devkitpro/devkitarm/bin/../lib/gcc/arm-none-eabi/6.3.0/../../../../arm-none-eabi/lib/armv6k/fpu\libg.a(lib_a-iswspace.o)
                0x0011654c                iswspace
 .text.__jp2uc  0x001165c0      0x204 c:/devkitpro/devkitarm/bin/../lib/gcc/arm-none-eabi/6.3.0/../../../../arm-none-eabi/lib/armv6k/fpu\libg.a(lib_a-jp2uc.o)
 .text._jp2uc   0x001167c4       0xc8 c:/devkitpro/devkitarm/bin/../lib/gcc/arm-none-eabi/6.3.0/../../../../arm-none-eabi/lib/armv6k/fpu\libg.a(lib_a-jp2uc.o)
                0x001167c4                _jp2uc
 .text.__localeconv_l
                0x0011688c        0x8 c:/devkitpro/devkitarm/bin/../lib/gcc/arm-none-eabi/6.3.0/../../../../arm-none-eabi/lib/armv6k/fpu\libg.a(lib_a-localeconv.o)
                0x0011688c                __localeconv_l
 .text._localeconv_r
                0x00116894       0x24 c:/devkitpro/devkitarm/bin/../lib/gcc/arm-none-eabi/6.3.0/../../../../arm-none-eabi/lib/armv6k/fpu\libg.a(lib_a-localeconv.o)
                0x00116894                _localeconv_r
 .text.__locale_mb_cur_max
                0x001168b8       0x24 c:/devkitpro/devkitarm/bin/../lib/gcc/arm-none-eabi/6.3.0/../../../../arm-none-eabi/lib/armv6k/fpu\libg.a(lib_a-locale.o)
                0x001168b8                __locale_mb_cur_max
 .text.__locale_ctype_ptr_l
                0x001168dc        0x8 c:/devkitpro/devkitarm/bin/../lib/gcc/arm-none-eabi/6.3.0/../../../../arm-none-eabi/lib/armv6k/fpu\libg.a(lib_a-locale.o)
                0x001168dc                __locale_ctype_ptr_l
 .text.__locale_ctype_ptr
                0x001168e4       0x24 c:/devkitpro/devkitarm/bin/../lib/gcc/arm-none-eabi/6.3.0/../../../../arm-none-eabi/lib/armv6k/fpu\libg.a(lib_a-locale.o)
                0x001168e4                __locale_ctype_ptr
 .text._mbrtowc_r
                0x00116908       0xb4 c:/devkitpro/devkitarm/bin/../lib/gcc/arm-none-eabi/6.3.0/../../../../arm-none-eabi/lib/armv6k/fpu\libg.a(lib_a-mbrtowc.o)
                0x00116908                _mbrtowc_r
 .text.__utf8_mbtowc
                0x001169bc      0x300 c:/devkitpro/devkitarm/bin/../lib/gcc/arm-none-eabi/6.3.0/../../../../arm-none-eabi/lib/armv6k/fpu\libg.a(lib_a-mbtowc_r.o)
                0x001169bc                __utf8_mbtowc
 .text.memmove  0x00116cbc      0x148 c:/devkitpro/devkitarm/bin/../lib/gcc/arm-none-eabi/6.3.0/../../../../arm-none-eabi/lib/armv6k/fpu\libg.a(lib_a-memmove.o)
                0x00116cbc                memmove
 .text._Balloc  0x00116e04       0x88 c:/devkitpro/devkitarm/bin/../lib/gcc/arm-none-eabi/6.3.0/../../../../arm-none-eabi/lib/armv6k/fpu\libg.a(lib_a-mprec.o)
                0x00116e04                _Balloc
 .text._Bfree   0x00116e8c       0x1c c:/devkitpro/devkitarm/bin/../lib/gcc/arm-none-eabi/6.3.0/../../../../arm-none-eabi/lib/armv6k/fpu\libg.a(lib_a-mprec.o)
                0x00116e8c                _Bfree
 .text.__multadd
                0x00116ea8       0xd8 c:/devkitpro/devkitarm/bin/../lib/gcc/arm-none-eabi/6.3.0/../../../../arm-none-eabi/lib/armv6k/fpu\libg.a(lib_a-mprec.o)
                0x00116ea8                __multadd
 .text.__s2b    0x00116f80       0xf0 c:/devkitpro/devkitarm/bin/../lib/gcc/arm-none-eabi/6.3.0/../../../../arm-none-eabi/lib/armv6k/fpu\libg.a(lib_a-mprec.o)
                0x00116f80                __s2b
 .text.__hi0bits
                0x00117070       0x58 c:/devkitpro/devkitarm/bin/../lib/gcc/arm-none-eabi/6.3.0/../../../../arm-none-eabi/lib/armv6k/fpu\libg.a(lib_a-mprec.o)
                0x00117070                __hi0bits
 .text.__lo0bits
                0x001170c8       0x9c c:/devkitpro/devkitarm/bin/../lib/gcc/arm-none-eabi/6.3.0/../../../../arm-none-eabi/lib/armv6k/fpu\libg.a(lib_a-mprec.o)
                0x001170c8                __lo0bits
 .text.__i2b    0x00117164       0x20 c:/devkitpro/devkitarm/bin/../lib/gcc/arm-none-eabi/6.3.0/../../../../arm-none-eabi/lib/armv6k/fpu\libg.a(lib_a-mprec.o)
                0x00117164                __i2b
 .text.__multiply
                0x00117184      0x1cc c:/devkitpro/devkitarm/bin/../lib/gcc/arm-none-eabi/6.3.0/../../../../arm-none-eabi/lib/armv6k/fpu\libg.a(lib_a-mprec.o)
                0x00117184                __multiply
 .text.__pow5mult
                0x00117350      0x100 c:/devkitpro/devkitarm/bin/../lib/gcc/arm-none-eabi/6.3.0/../../../../arm-none-eabi/lib/armv6k/fpu\libg.a(lib_a-mprec.o)
                0x00117350                __pow5mult
 .text.__lshift
                0x00117450       0xe4 c:/devkitpro/devkitarm/bin/../lib/gcc/arm-none-eabi/6.3.0/../../../../arm-none-eabi/lib/armv6k/fpu\libg.a(lib_a-mprec.o)
                0x00117450                __lshift
 .text.__mcmp   0x00117534       0x60 c:/devkitpro/devkitarm/bin/../lib/gcc/arm-none-eabi/6.3.0/../../../../arm-none-eabi/lib/armv6k/fpu\libg.a(lib_a-mprec.o)
                0x00117534                __mcmp
 .text.__mdiff  0x00117594      0x198 c:/devkitpro/devkitarm/bin/../lib/gcc/arm-none-eabi/6.3.0/../../../../arm-none-eabi/lib/armv6k/fpu\libg.a(lib_a-mprec.o)
                0x00117594                __mdiff
 .text.__ulp    0x0011772c       0x78 c:/devkitpro/devkitarm/bin/../lib/gcc/arm-none-eabi/6.3.0/../../../../arm-none-eabi/lib/armv6k/fpu\libg.a(lib_a-mprec.o)
                0x0011772c                __ulp
 .text.__b2d    0x001177a4       0xd4 c:/devkitpro/devkitarm/bin/../lib/gcc/arm-none-eabi/6.3.0/../../../../arm-none-eabi/lib/armv6k/fpu\libg.a(lib_a-mprec.o)
                0x001177a4                __b2d
 .text.__d2b    0x00117878      0x108 c:/devkitpro/devkitarm/bin/../lib/gcc/arm-none-eabi/6.3.0/../../../../arm-none-eabi/lib/armv6k/fpu\libg.a(lib_a-mprec.o)
                0x00117878                __d2b
 .text.__ratio  0x00117980       0x7c c:/devkitpro/devkitarm/bin/../lib/gcc/arm-none-eabi/6.3.0/../../../../arm-none-eabi/lib/armv6k/fpu\libg.a(lib_a-mprec.o)
                0x00117980                __ratio
 .text.__copybits
                0x001179fc       0x6c c:/devkitpro/devkitarm/bin/../lib/gcc/arm-none-eabi/6.3.0/../../../../arm-none-eabi/lib/armv6k/fpu\libg.a(lib_a-mprec.o)
                0x001179fc                __copybits
 .text.__any_on
                0x00117a68       0x80 c:/devkitpro/devkitarm/bin/../lib/gcc/arm-none-eabi/6.3.0/../../../../arm-none-eabi/lib/armv6k/fpu\libg.a(lib_a-mprec.o)
                0x00117a68                __any_on
 .text._realloc_r
                0x00117ae8      0x4cc c:/devkitpro/devkitarm/bin/../lib/gcc/arm-none-eabi/6.3.0/../../../../arm-none-eabi/lib/armv6k/fpu\libg.a(lib_a-reallocr.o)
                0x00117ae8                _realloc_r
 .text.__sccl   0x00117fb4       0xcc c:/devkitpro/devkitarm/bin/../lib/gcc/arm-none-eabi/6.3.0/../../../../arm-none-eabi/lib/armv6k/fpu\libg.a(lib_a-sccl.o)
                0x00117fb4                __sccl
 .text.nanf     0x00118080        0xc c:/devkitpro/devkitarm/bin/../lib/gcc/arm-none-eabi/6.3.0/../../../../arm-none-eabi/lib/armv6k/fpu\libg.a(lib_a-sf_nan.o)
                0x00118080                nanf
 *fill*         0x0011808c        0x4 
 .text.frexp    0x00118090       0x9c c:/devkitpro/devkitarm/bin/../lib/gcc/arm-none-eabi/6.3.0/../../../../arm-none-eabi/lib/armv6k/fpu\libg.a(lib_a-s_frexp.o)
                0x00118090                frexp
 .text.sprintf  0x0011812c       0x68 c:/devkitpro/devkitarm/bin/../lib/gcc/arm-none-eabi/6.3.0/../../../../arm-none-eabi/lib/armv6k/fpu\libg.a(lib_a-sprintf.o)
                0x0011812c                sprintf
 .text.stpncpy  0x00118194      0x100 c:/devkitpro/devkitarm/bin/../lib/gcc/arm-none-eabi/6.3.0/../../../../arm-none-eabi/lib/armv6k/fpu\libg.a(lib_a-stpncpy.o)
                0x00118194                stpncpy
 .text.strchr   0x00118294      0x1ac c:/devkitpro/devkitarm/bin/../lib/gcc/arm-none-eabi/6.3.0/../../../../arm-none-eabi/lib/armv6k/fpu\libg.a(lib_a-strchr.o)
                0x00118294                strchr
 .text.strncmp  0x00118440      0x108 c:/devkitpro/devkitarm/bin/../lib/gcc/arm-none-eabi/6.3.0/../../../../arm-none-eabi/lib/armv6k/fpu\libg.a(lib_a-strncmp.o)
                0x00118440                strncmp
 .text.unlikely.sulp
                0x00118548       0x54 c:/devkitpro/devkitarm/bin/../lib/gcc/arm-none-eabi/6.3.0/../../../../arm-none-eabi/lib/armv6k/fpu\libg.a(lib_a-strtod.o)
 *fill*         0x0011859c        0x4 
 .text._strtod_l
                0x001185a0     0x1434 c:/devkitpro/devkitarm/bin/../lib/gcc/arm-none-eabi/6.3.0/../../../../arm-none-eabi/lib/armv6k/fpu\libg.a(lib_a-strtod.o)
                0x001185a0                _strtod_l
 .text._strtod_r
                0x001199d4       0x3c c:/devkitpro/devkitarm/bin/../lib/gcc/arm-none-eabi/6.3.0/../../../../arm-none-eabi/lib/armv6k/fpu\libg.a(lib_a-strtod.o)
                0x001199d4                _strtod_r
 .text._strtoll_l.isra.0
                0x00119a10      0x2dc c:/devkitpro/devkitarm/bin/../lib/gcc/arm-none-eabi/6.3.0/../../../../arm-none-eabi/lib/armv6k/fpu\libg.a(lib_a-strtoll.o)
 .text._strtoll_r
                0x00119cec       0x50 c:/devkitpro/devkitarm/bin/../lib/gcc/arm-none-eabi/6.3.0/../../../../arm-none-eabi/lib/armv6k/fpu\libg.a(lib_a-strtoll.o)
                0x00119cec                _strtoll_r
 .text._strtol_l.isra.0
                0x00119d3c      0x220 c:/devkitpro/devkitarm/bin/../lib/gcc/arm-none-eabi/6.3.0/../../../../arm-none-eabi/lib/armv6k/fpu\libg.a(lib_a-strtol.o)
 .text._strtol_r
                0x00119f5c       0x50 c:/devkitpro/devkitarm/bin/../lib/gcc/arm-none-eabi/6.3.0/../../../../arm-none-eabi/lib/armv6k/fpu\libg.a(lib_a-strtol.o)
                0x00119f5c                _strtol_r
 *fill*         0x00119fac        0x4 
 .text._strtoull_l.isra.0
                0x00119fb0      0x268 c:/devkitpro/devkitarm/bin/../lib/gcc/arm-none-eabi/6.3.0/../../../../arm-none-eabi/lib/armv6k/fpu\libg.a(lib_a-strtoull.o)
 .text._strtoull_r
                0x0011a218       0x50 c:/devkitpro/devkitarm/bin/../lib/gcc/arm-none-eabi/6.3.0/../../../../arm-none-eabi/lib/armv6k/fpu\libg.a(lib_a-strtoull.o)
                0x0011a218                _strtoull_r
 .text._strtoul_l.isra.0
                0x0011a268      0x1e4 c:/devkitpro/devkitarm/bin/../lib/gcc/arm-none-eabi/6.3.0/../../../../arm-none-eabi/lib/armv6k/fpu\libg.a(lib_a-strtoul.o)
 .text._strtoul_r
                0x0011a44c       0x50 c:/devkitpro/devkitarm/bin/../lib/gcc/arm-none-eabi/6.3.0/../../../../arm-none-eabi/lib/armv6k/fpu\libg.a(lib_a-strtoul.o)
                0x0011a44c                _strtoul_r
 .text.__ssprint_r
                0x0011a49c      0x188 c:/devkitpro/devkitarm/bin/../lib/gcc/arm-none-eabi/6.3.0/../../../../arm-none-eabi/lib/armv6k/fpu\libg.a(lib_a-svfiprintf.o)
                0x0011a49c                __ssprint_r
 .text._sungetc_r
                0x0011a624       0xe8 c:/devkitpro/devkitarm/bin/../lib/gcc/arm-none-eabi/6.3.0/../../../../arm-none-eabi/lib/armv6k/fpu\libg.a(lib_a-svfiscanf.o)
                0x0011a624                _sungetc_r
 .text.__ssrefill_r
                0x0011a70c       0x6c c:/devkitpro/devkitarm/bin/../lib/gcc/arm-none-eabi/6.3.0/../../../../arm-none-eabi/lib/armv6k/fpu\libg.a(lib_a-svfiscanf.o)
                0x0011a70c                __ssrefill_r
 .text._sfread_r
                0x0011a778       0xd0 c:/devkitpro/devkitarm/bin/../lib/gcc/arm-none-eabi/6.3.0/../../../../arm-none-eabi/lib/armv6k/fpu\libg.a(lib_a-svfiscanf.o)
                0x0011a778                _sfread_r
 .text.get_arg  0x0011a848     0x1624 c:/devkitpro/devkitarm/bin/../lib/gcc/arm-none-eabi/6.3.0/../../../../arm-none-eabi/lib/armv6k/fpu\libg.a(lib_a-svfprintf.o)
 *fill*         0x0011be6c        0x4 
 .text._svfprintf_r
                0x0011be70     0x41c4 c:/devkitpro/devkitarm/bin/../lib/gcc/arm-none-eabi/6.3.0/../../../../arm-none-eabi/lib/armv6k/fpu\libg.a(lib_a-svfprintf.o)
                0x0011be70                _svfprintf_r
 .text.__submore
                0x00120034       0xa8 c:/devkitpro/devkitarm/bin/../lib/gcc/arm-none-eabi/6.3.0/../../../../arm-none-eabi/lib/armv6k/fpu\libg.a(lib_a-ungetc.o)
                0x00120034                __submore
 .text._wcsnrtombs_l
                0x001200dc      0x174 c:/devkitpro/devkitarm/bin/../lib/gcc/arm-none-eabi/6.3.0/../../../../arm-none-eabi/lib/armv6k/fpu\libg.a(lib_a-wcsnrtombs.o)
                0x001200dc                _wcsnrtombs_l
 .text._wcsnrtombs_r
                0x00120250       0x64 c:/devkitpro/devkitarm/bin/../lib/gcc/arm-none-eabi/6.3.0/../../../../arm-none-eabi/lib/armv6k/fpu\libg.a(lib_a-wcsnrtombs.o)
                0x00120250                _wcsnrtombs_r
 .text.__utf8_wctomb
                0x001202b4       0xe8 c:/devkitpro/devkitarm/bin/../lib/gcc/arm-none-eabi/6.3.0/../../../../arm-none-eabi/lib/armv6k/fpu\libg.a(lib_a-wctomb_r.o)
                0x001202b4                __utf8_wctomb
 .text._calloc_r
                0x0012039c       0x90 c:/devkitpro/devkitarm/bin/../lib/gcc/arm-none-eabi/6.3.0/../../../../arm-none-eabi/lib/armv6k/fpu\libg.a(lib_a-callocr.o)
                0x0012039c                _calloc_r
 .text.rshift   0x0012042c       0xf0 c:/devkitpro/devkitarm/bin/../lib/gcc/arm-none-eabi/6.3.0/../../../../arm-none-eabi/lib/armv6k/fpu\libg.a(lib_a-gdtoa-gethex.o)
 .text.__gethex
                0x0012051c      0x7f4 c:/devkitpro/devkitarm/bin/../lib/gcc/arm-none-eabi/6.3.0/../../../../arm-none-eabi/lib/armv6k/fpu\libg.a(lib_a-gdtoa-gethex.o)
                0x0012051c                __gethex
 .text.__match  0x00120d10       0x64 c:/devkitpro/devkitarm/bin/../lib/gcc/arm-none-eabi/6.3.0/../../../../arm-none-eabi/lib/armv6k/fpu\libg.a(lib_a-gdtoa-hexnan.o)
                0x00120d10                __match
 .text.__hexnan
                0x00120d74      0x264 c:/devkitpro/devkitarm/bin/../lib/gcc/arm-none-eabi/6.3.0/../../../../arm-none-eabi/lib/armv6k/fpu\libg.a(lib_a-gdtoa-hexnan.o)
                0x00120d74                __hexnan
 .text.null_write
                0x00120fd8        0x8 c:/devkitpro/devkitarm/bin/../lib/gcc/arm-none-eabi/6.3.0/../../../../arm-none-eabi/lib/armv6k/fpu\libsysbase.a(iosupport.o)
 .text.setDefaultDevice
                0x00120fe0       0x18 c:/devkitpro/devkitarm/bin/../lib/gcc/arm-none-eabi/6.3.0/../../../../arm-none-eabi/lib/armv6k/fpu\libsysbase.a(iosupport.o)
                0x00120fe0                setDefaultDevice
 .text.FindDevice
                0x00120ff8       0xcc c:/devkitpro/devkitarm/bin/../lib/gcc/arm-none-eabi/6.3.0/../../../../arm-none-eabi/lib/armv6k/fpu\libsysbase.a(iosupport.o)
                0x00120ff8                FindDevice
 .text.RemoveDevice
                0x001210c4       0x28 c:/devkitpro/devkitarm/bin/../lib/gcc/arm-none-eabi/6.3.0/../../../../arm-none-eabi/lib/armv6k/fpu\libsysbase.a(iosupport.o)
                0x001210c4                RemoveDevice
 .text.AddDevice
                0x001210ec       0x98 c:/devkitpro/devkitarm/bin/../lib/gcc/arm-none-eabi/6.3.0/../../../../arm-none-eabi/lib/armv6k/fpu\libsysbase.a(iosupport.o)
                0x001210ec                AddDevice
 .text._close_r
                0x00121184       0x84 c:/devkitpro/devkitarm/bin/../lib/gcc/arm-none-eabi/6.3.0/../../../../arm-none-eabi/lib/armv6k/fpu\libsysbase.a(close.o)
                0x00121184                _close_r
 .text._fstat_r
                0x00121208       0x7c c:/devkitpro/devkitarm/bin/../lib/gcc/arm-none-eabi/6.3.0/../../../../arm-none-eabi/lib/armv6k/fpu\libsysbase.a(fstat.o)
                0x00121208                _fstat_r
 .text._isatty_r
                0x00121284        0x8 c:/devkitpro/devkitarm/bin/../lib/gcc/arm-none-eabi/6.3.0/../../../../arm-none-eabi/lib/armv6k/fpu\libsysbase.a(isatty.o)
                0x00121284                _isatty_r
 .text._lseek_r
                0x0012128c       0x90 c:/devkitpro/devkitarm/bin/../lib/gcc/arm-none-eabi/6.3.0/../../../../arm-none-eabi/lib/armv6k/fpu\libsysbase.a(lseek.o)
                0x0012128c                _lseek_r
 .text._open_r  0x0012131c       0xc0 c:/devkitpro/devkitarm/bin/../lib/gcc/arm-none-eabi/6.3.0/../../../../arm-none-eabi/lib/armv6k/fpu\libsysbase.a(open.o)
                0x0012131c                _open_r
 .text._read_r  0x001213dc       0x88 c:/devkitpro/devkitarm/bin/../lib/gcc/arm-none-eabi/6.3.0/../../../../arm-none-eabi/lib/armv6k/fpu\libsysbase.a(read.o)
                0x001213dc                _read_r
 .text._sbrk_r  0x00121464       0x70 c:/devkitpro/devkitarm/bin/../lib/gcc/arm-none-eabi/6.3.0/../../../../arm-none-eabi/lib/armv6k/fpu\libsysbase.a(sbrk.o)
                0x00121464                _sbrk_r
 .text._unlink_r
                0x001214d4       0x6c c:/devkitpro/devkitarm/bin/../lib/gcc/arm-none-eabi/6.3.0/../../../../arm-none-eabi/lib/armv6k/fpu\libsysbase.a(unlink.o)
                0x001214d4                _unlink_r
 .text._write_r
                0x00121540       0x88 c:/devkitpro/devkitarm/bin/../lib/gcc/arm-none-eabi/6.3.0/../../../../arm-none-eabi/lib/armv6k/fpu\libsysbase.a(write.o)
                0x00121540                _write_r
 .text._concatenate_path
                0x001215c8      0x1d4 c:/devkitpro/devkitarm/bin/../lib/gcc/arm-none-eabi/6.3.0/../../../../arm-none-eabi/lib/armv6k/fpu\libsysbase.a(chdir.o)
                0x001215c8                _concatenate_path
 .text.chdir    0x0012179c      0x15c c:/devkitpro/devkitarm/bin/../lib/gcc/arm-none-eabi/6.3.0/../../../../arm-none-eabi/lib/armv6k/fpu\libsysbase.a(chdir.o)
                0x0012179c                chdir
 .text.mkdir    0x001218f8       0x60 c:/devkitpro/devkitarm/bin/../lib/gcc/arm-none-eabi/6.3.0/../../../../arm-none-eabi/lib/armv6k/fpu\libsysbase.a(mkdir.o)
                0x001218f8                mkdir
 .text.__flockfile
                0x00121958        0x8 c:/devkitpro/devkitarm/bin/../lib/gcc/arm-none-eabi/6.3.0/../../../../arm-none-eabi/lib/armv6k/fpu\libsysbase.a(flock.o)
                0x00121958                __flockfile
 .text.__funlockfile
                0x00121960        0x8 c:/devkitpro/devkitarm/bin/../lib/gcc/arm-none-eabi/6.3.0/../../../../arm-none-eabi/lib/armv6k/fpu\libsysbase.a(flock.o)
                0x00121960                __funlockfile
 .text.__libc_lock_acquire
                0x00121968       0x18 c:/devkitpro/devkitarm/bin/../lib/gcc/arm-none-eabi/6.3.0/../../../../arm-none-eabi/lib/armv6k/fpu\libsysbase.a(syscall_support.o)
                0x00121968                __libc_lock_acquire
 .text.__libc_lock_release
                0x00121980       0x18 c:/devkitpro/devkitarm/bin/../lib/gcc/arm-none-eabi/6.3.0/../../../../arm-none-eabi/lib/armv6k/fpu\libsysbase.a(syscall_support.o)
                0x00121980                __libc_lock_release
 .text.__libc_lock_init_recursive
                0x00121998       0x18 c:/devkitpro/devkitarm/bin/../lib/gcc/arm-none-eabi/6.3.0/../../../../arm-none-eabi/lib/armv6k/fpu\libsysbase.a(syscall_support.o)
                0x00121998                __libc_lock_init_recursive
 .text.__libc_lock_acquire_recursive
                0x001219b0       0x18 c:/devkitpro/devkitarm/bin/../lib/gcc/arm-none-eabi/6.3.0/../../../../arm-none-eabi/lib/armv6k/fpu\libsysbase.a(syscall_support.o)
                0x001219b0                __libc_lock_acquire_recursive
 .text.__libc_lock_release_recursive
                0x001219c8       0x18 c:/devkitpro/devkitarm/bin/../lib/gcc/arm-none-eabi/6.3.0/../../../../arm-none-eabi/lib/armv6k/fpu\libsysbase.a(syscall_support.o)
                0x001219c8                __libc_lock_release_recursive
 .text.__libc_lock_close_recursive
                0x001219e0       0x18 c:/devkitpro/devkitarm/bin/../lib/gcc/arm-none-eabi/6.3.0/../../../../arm-none-eabi/lib/armv6k/fpu\libsysbase.a(syscall_support.o)
                0x001219e0                __libc_lock_close_recursive
 .text.__free_handle
                0x001219f8       0x4c c:/devkitpro/devkitarm/bin/../lib/gcc/arm-none-eabi/6.3.0/../../../../arm-none-eabi/lib/armv6k/fpu\libsysbase.a(handle_manager.o)
                0x001219f8                __free_handle
 .text.__release_handle
                0x00121a44       0x40 c:/devkitpro/devkitarm/bin/../lib/gcc/arm-none-eabi/6.3.0/../../../../arm-none-eabi/lib/armv6k/fpu\libsysbase.a(handle_manager.o)
                0x00121a44                __release_handle
 .text.__alloc_handle
                0x00121a84       0xb4 c:/devkitpro/devkitarm/bin/../lib/gcc/arm-none-eabi/6.3.0/../../../../arm-none-eabi/lib/armv6k/fpu\libsysbase.a(handle_manager.o)
                0x00121a84                __alloc_handle
 .text.__get_handle
                0x00121b38       0x18 c:/devkitpro/devkitarm/bin/../lib/gcc/arm-none-eabi/6.3.0/../../../../arm-none-eabi/lib/armv6k/fpu\libsysbase.a(handle_manager.o)
                0x00121b38                __get_handle
 .text.__getreent
                0x00121b50       0x28 c:/devkitpro/devkitarm/bin/../lib/gcc/arm-none-eabi/6.3.0/../../../../arm-none-eabi/lib/armv6k/fpu\libsysbase.a(getreent.o)
                0x00121b50                __getreent
 .text.strnlen  0x00121b78       0x5c c:/devkitpro/devkitarm/bin/../lib/gcc/arm-none-eabi/6.3.0/../../../../arm-none-eabi/lib/armv6k/fpu\libg.a(lib_a-strnlen.o)
                0x00121b78                strnlen
 .text.strrchr  0x00121bd4       0x44 c:/devkitpro/devkitarm/bin/../lib/gcc/arm-none-eabi/6.3.0/../../../../arm-none-eabi/lib/armv6k/fpu\libg.a(lib_a-strrchr.o)
                0x00121bd4                strrchr
 *(.glue_7)
 .glue_7        0x00121c18        0x0 linker stubs
 *(.glue_7t)
 .glue_7t       0x00121c18        0x0 linker stubs
 *(.stub)
 *(.gnu.warning)
 *(.gnu.linkonce.t*)
                0x00121c18                . = ALIGN (0x4)
 *(.fini)
 .fini          0x00121c18        0xc c:/devkitpro/devkitarm/bin/../lib/gcc/arm-none-eabi/6.3.0/armv6k/fpu/crti.o
                0x00121c18                _fini
 .fini          0x00121c24        0xc c:/devkitpro/devkitarm/bin/../lib/gcc/arm-none-eabi/6.3.0/armv6k/fpu/crtn.o
                0x00121c30                . = ALIGN (0x4)

.vfp11_veneer   0x00121c30        0x0
 .vfp11_veneer  0x00121c30        0x0 linker stubs

.v4_bx          0x00121c30        0x0
 .v4_bx         0x00121c30        0x0 linker stubs

.iplt           0x00121c30        0x0
 .iplt          0x00121c30        0x0 c:/devkitpro/devkitarm/bin/../lib/gcc/arm-none-eabi/6.3.0/../../../../arm-none-eabi/lib/armv6k/fpu/3dsx_crt0.o

.rodata         0x00122000     0x4c90
 *(.rodata)
 .rodata        0x00122000       0x18 main.o
 .rodata        0x00122018      0x804 c:/devkitPro/libctru/lib\libctru.a(default_font.bin.o)
                0x00122018                default_font_bin
                0x00122818                default_font_bin_size
                0x00122818                default_font_bin_end
 .rodata        0x0012281c        0xc c:/devkitPro/libctru/lib\libctru.a(sdmc_dev.o)
 *(.roda)
 *(.rodata.*)
 .rodata.str1.4
                0x00122828      0x6e8 main.o
 .rodata.colorTable
                0x00122f10       0x30 c:/devkitPro/libctru/lib\libctru.a(console.o)
 .rodata.con_write.str1.4
                0x00122f40       0x52 c:/devkitPro/libctru/lib\libctru.a(console.o)
 *fill*         0x00122f92        0x2 
 .rodata.dotab_stdout
                0x00122f94       0x68 c:/devkitPro/libctru/lib\libctru.a(console.o)
 .rodata.str1.4
                0x00122ffc       0x14 c:/devkitPro/libctru/lib\libctru.a(console.o)
 .rodata.CSWTCH.28
                0x00123010       0x14 c:/devkitPro/libctru/lib\libctru.a(gfx.o)
 .rodata.framebufferInfoSt
                0x00123024        0x8 c:/devkitPro/libctru/lib\libctru.a(gfx.o)
 .rodata.aptSendCommand.str1.4
                0x0012302c        0x6 c:/devkitPro/libctru/lib\libctru.a(apt.o)
 *fill*         0x00123032        0x2 
 .rodata.serviceNameTable.7459
                0x00123034        0xc c:/devkitPro/libctru/lib\libctru.a(apt.o)
 .rodata.str1.4
                0x00123040        0xe c:/devkitPro/libctru/lib\libctru.a(apt.o)
 *fill*         0x0012304e        0x2 
 .rodata.gspInit.str1.4
                0x00123050        0x9 c:/devkitPro/libctru/lib\libctru.a(gspgpu.o)
 *fill*         0x00123059        0x3 
 .rodata.hidInit.str1.4
                0x0012305c       0x15 c:/devkitPro/libctru/lib\libctru.a(hid.o)
 *fill*         0x00123071        0x3 
 .rodata.irrstInit.str1.4
                0x00123074        0x7 c:/devkitPro/libctru/lib\libctru.a(irrst.o)
 *fill*         0x0012307b        0x1 
 .rodata.swkbdFeatures
                0x0012307c       0x14 c:/devkitPro/libctru/lib\libctru.a(swkbd.o)
 .rodata.srvInit.str1.4
                0x00123090        0x5 c:/devkitPro/libctru/lib\libctru.a(srv.o)
 *fill*         0x00123095        0x3 
 .rodata.ptmSysmInit.str1.4
                0x00123098        0x9 c:/devkitPro/libctru/lib\libctru.a(ptmsysm.o)
 *fill*         0x001230a1        0x3 
 .rodata.error_table
                0x001230a4       0x30 c:/devkitPro/libctru/lib\libctru.a(sdmc_dev.o)
 .rodata.sdmcExit.str1.4
                0x001230d4        0x6 c:/devkitPro/libctru/lib\libctru.a(sdmc_dev.o)
 *fill*         0x001230da        0x2 
 .rodata.str1.4
                0x001230dc        0x5 c:/devkitPro/libctru/lib\libctru.a(sdmc_dev.o)
                                  0x9 (size before relaxing)
 *fill*         0x001230e1        0x3 
 .rodata.fsInit.str1.4
                0x001230e4        0x8 c:/devkitPro/libctru/lib\libctru.a(fs.o)
 .rodata._global_impure_ptr
                0x001230ec        0x4 c:/devkitpro/devkitarm/bin/../lib/gcc/arm-none-eabi/6.3.0/../../../../arm-none-eabi/lib/armv6k/fpu\libg.a(lib_a-impure.o)
                0x001230ec                _global_impure_ptr
 .rodata.__ssvfscanf_r.str1.4
                0x001230f0        0x5 c:/devkitpro/devkitarm/bin/../lib/gcc/arm-none-eabi/6.3.0/../../../../arm-none-eabi/lib/armv6k/fpu\libg.a(lib_a-svfscanf.o)
 *fill*         0x001230f5        0x3 
 .rodata.basefix.8441
                0x001230f8       0x22 c:/devkitpro/devkitarm/bin/../lib/gcc/arm-none-eabi/6.3.0/../../../../arm-none-eabi/lib/armv6k/fpu\libg.a(lib_a-svfscanf.o)
 *fill*         0x0012311a        0x2 
 .rodata._vfprintf_r.str1.4
                0x0012311c       0x42 c:/devkitpro/devkitarm/bin/../lib/gcc/arm-none-eabi/6.3.0/../../../../arm-none-eabi/lib/armv6k/fpu\libg.a(lib_a-vfprintf.o)
 *fill*         0x0012315e        0x2 
 .rodata.blanks.8415
                0x00123160       0x10 c:/devkitpro/devkitarm/bin/../lib/gcc/arm-none-eabi/6.3.0/../../../../arm-none-eabi/lib/armv6k/fpu\libg.a(lib_a-vfprintf.o)
 .rodata.zeroes.8416
                0x00123170       0x10 c:/devkitpro/devkitarm/bin/../lib/gcc/arm-none-eabi/6.3.0/../../../../arm-none-eabi/lib/armv6k/fpu\libg.a(lib_a-vfprintf.o)
 .rodata._dtoa_r.str1.4
                0x00123180       0x10 c:/devkitpro/devkitarm/bin/../lib/gcc/arm-none-eabi/6.3.0/../../../../arm-none-eabi/lib/armv6k/fpu\libg.a(lib_a-dtoa.o)
                                 0x12 (size before relaxing)
 .rodata._jp2uc.str1.4
                0x00123190       0x12 c:/devkitpro/devkitarm/bin/../lib/gcc/arm-none-eabi/6.3.0/../../../../arm-none-eabi/lib/armv6k/fpu\libg.a(lib_a-jp2uc.o)
 *fill*         0x001231a2        0x2 
 .rodata.a1     0x001231a4       0xbc c:/devkitpro/devkitarm/bin/../lib/gcc/arm-none-eabi/6.3.0/../../../../arm-none-eabi/lib/armv6k/fpu\libg.a(lib_a-jp2uc.o)
 .rodata.a2     0x00123260       0xbc c:/devkitpro/devkitarm/bin/../lib/gcc/arm-none-eabi/6.3.0/../../../../arm-none-eabi/lib/armv6k/fpu\libg.a(lib_a-jp2uc.o)
 .rodata.a3     0x0012331c       0x5b c:/devkitpro/devkitarm/bin/../lib/gcc/arm-none-eabi/6.3.0/../../../../arm-none-eabi/lib/armv6k/fpu\libg.a(lib_a-jp2uc.o)
 *fill*         0x00123377        0x1 
 .rodata.a6     0x00123378       0x70 c:/devkitpro/devkitarm/bin/../lib/gcc/arm-none-eabi/6.3.0/../../../../arm-none-eabi/lib/armv6k/fpu\libg.a(lib_a-jp2uc.o)
 .rodata.a7     0x001233e8       0xa2 c:/devkitpro/devkitarm/bin/../lib/gcc/arm-none-eabi/6.3.0/../../../../arm-none-eabi/lib/armv6k/fpu\libg.a(lib_a-jp2uc.o)
 *fill*         0x0012348a        0x2 
 .rodata.a8     0x0012348c       0x40 c:/devkitpro/devkitarm/bin/../lib/gcc/arm-none-eabi/6.3.0/../../../../arm-none-eabi/lib/armv6k/fpu\libg.a(lib_a-jp2uc.o)
 .rodata.b02cf  0x001234cc     0x172a c:/devkitpro/devkitarm/bin/../lib/gcc/arm-none-eabi/6.3.0/../../../../arm-none-eabi/lib/armv6k/fpu\libg.a(lib_a-jp2uc.o)
 *fill*         0x00124bf6        0x2 
 .rodata.d02f4  0x00124bf8     0x1a7c c:/devkitpro/devkitarm/bin/../lib/gcc/arm-none-eabi/6.3.0/../../../../arm-none-eabi/lib/armv6k/fpu\libg.a(lib_a-jp2uc.o)
 .rodata.str1.4
                0x00126674       0x48 c:/devkitpro/devkitarm/bin/../lib/gcc/arm-none-eabi/6.3.0/../../../../arm-none-eabi/lib/armv6k/fpu\libg.a(lib_a-locale.o)
                                 0x4c (size before relaxing)
 .rodata._mbrtowc_r.str1.4
                0x001266bc        0x1 c:/devkitpro/devkitarm/bin/../lib/gcc/arm-none-eabi/6.3.0/../../../../arm-none-eabi/lib/armv6k/fpu\libg.a(lib_a-mbrtowc.o)
 *fill*         0x001266bc        0x4 
 .rodata.__mprec_bigtens
                0x001266c0       0x28 c:/devkitpro/devkitarm/bin/../lib/gcc/arm-none-eabi/6.3.0/../../../../arm-none-eabi/lib/armv6k/fpu\libg.a(lib_a-mprec.o)
                0x001266c0                __mprec_bigtens
 .rodata.__mprec_tens
                0x001266e8       0xc8 c:/devkitpro/devkitarm/bin/../lib/gcc/arm-none-eabi/6.3.0/../../../../arm-none-eabi/lib/armv6k/fpu\libg.a(lib_a-mprec.o)
                0x001266e8                __mprec_tens
 .rodata.p05.7191
                0x001267b0        0xc c:/devkitpro/devkitarm/bin/../lib/gcc/arm-none-eabi/6.3.0/../../../../arm-none-eabi/lib/armv6k/fpu\libg.a(lib_a-mprec.o)
 .rodata._strtod_l.str1.4
                0x001267bc        0xf c:/devkitpro/devkitarm/bin/../lib/gcc/arm-none-eabi/6.3.0/../../../../arm-none-eabi/lib/armv6k/fpu\libg.a(lib_a-strtod.o)
 *fill*         0x001267cb        0x1 
 .rodata.fpi.7277
                0x001267cc       0x14 c:/devkitpro/devkitarm/bin/../lib/gcc/arm-none-eabi/6.3.0/../../../../arm-none-eabi/lib/armv6k/fpu\libg.a(lib_a-strtod.o)
 .rodata.fpinan.7313
                0x001267e0       0x14 c:/devkitpro/devkitarm/bin/../lib/gcc/arm-none-eabi/6.3.0/../../../../arm-none-eabi/lib/armv6k/fpu\libg.a(lib_a-strtod.o)
 *fill*         0x001267f4        0x4 
 .rodata.tinytens
                0x001267f8       0x28 c:/devkitpro/devkitarm/bin/../lib/gcc/arm-none-eabi/6.3.0/../../../../arm-none-eabi/lib/armv6k/fpu\libg.a(lib_a-strtod.o)
 .rodata.__action_table
                0x00126820       0x6c c:/devkitpro/devkitarm/bin/../lib/gcc/arm-none-eabi/6.3.0/../../../../arm-none-eabi/lib/armv6k/fpu\libg.a(lib_a-svfiprintf.o)
                0x00126820                __action_table
 .rodata.__chclass
                0x0012688c      0x100 c:/devkitpro/devkitarm/bin/../lib/gcc/arm-none-eabi/6.3.0/../../../../arm-none-eabi/lib/armv6k/fpu\libg.a(lib_a-svfiprintf.o)
                0x0012688c                __chclass
 .rodata.__state_table
                0x0012698c       0x6c c:/devkitpro/devkitarm/bin/../lib/gcc/arm-none-eabi/6.3.0/../../../../arm-none-eabi/lib/armv6k/fpu\libg.a(lib_a-svfiprintf.o)
                0x0012698c                __state_table
 .rodata._svfprintf_r.str1.4
                0x001269f8       0x42 c:/devkitpro/devkitarm/bin/../lib/gcc/arm-none-eabi/6.3.0/../../../../arm-none-eabi/lib/armv6k/fpu\libg.a(lib_a-svfprintf.o)
 .rodata.blanks.8400
                0x001269f8       0x10 c:/devkitpro/devkitarm/bin/../lib/gcc/arm-none-eabi/6.3.0/../../../../arm-none-eabi/lib/armv6k/fpu\libg.a(lib_a-svfprintf.o)
 .rodata.zeroes.8401
                0x00126a08       0x10 c:/devkitpro/devkitarm/bin/../lib/gcc/arm-none-eabi/6.3.0/../../../../arm-none-eabi/lib/armv6k/fpu\libg.a(lib_a-svfprintf.o)
 .rodata._ctype_
                0x00126a18      0x101 c:/devkitpro/devkitarm/bin/../lib/gcc/arm-none-eabi/6.3.0/../../../../arm-none-eabi/lib/armv6k/fpu\libg.a(lib_a-ctype_.o)
                0x00126a18                _ctype_
 *fill*         0x00126b19        0x3 
 .rodata.__hexdig
                0x00126b1c      0x100 c:/devkitpro/devkitarm/bin/../lib/gcc/arm-none-eabi/6.3.0/../../../../arm-none-eabi/lib/armv6k/fpu\libg.a(lib_a-gdtoa-gethex.o)
                0x00126b1c                __hexdig
 .rodata.AddDevice.str1.4
                0x00126c1c        0x8 c:/devkitpro/devkitarm/bin/../lib/gcc/arm-none-eabi/6.3.0/../../../../arm-none-eabi/lib/armv6k/fpu\libsysbase.a(iosupport.o)
 .rodata.dotab_stdnull
                0x00126c24       0x68 c:/devkitpro/devkitarm/bin/../lib/gcc/arm-none-eabi/6.3.0/../../../../arm-none-eabi/lib/armv6k/fpu\libsysbase.a(iosupport.o)
                0x00126c24                dotab_stdnull
 .rodata.DIRECTORY_PARENT
                0x00126c8c        0x3 c:/devkitpro/devkitarm/bin/../lib/gcc/arm-none-eabi/6.3.0/../../../../arm-none-eabi/lib/armv6k/fpu\libsysbase.a(chdir.o)
                0x00126c8c                DIRECTORY_PARENT
 *all.rodata*(*)
 *(.gnu.linkonce.r*)
                0x00126c90                . = ALIGN (0x4)
 *fill*         0x00126c8f        0x1 

.eh_frame       0x00126c90        0x0
 .eh_frame      0x00126c90        0x0 c:/devkitpro/devkitarm/bin/../lib/gcc/arm-none-eabi/6.3.0/armv6k/fpu/crtbegin.o

.rel.dyn        0x00126c90        0x0
 .rel.iplt      0x00126c90        0x0 c:/devkitpro/devkitarm/bin/../lib/gcc/arm-none-eabi/6.3.0/../../../../arm-none-eabi/lib/armv6k/fpu/3dsx_crt0.o

.ARM.extab
 *(.ARM.extab* .gnu.linkonce.armextab.*)
                0x00126c90                __exidx_start = .

ARM.exidx
 *(.ARM.exidx* .gnu.linkonce.armexidx.*)
                0x00126c90                __exidx_end = .

.data           0x00127000     0x2f4c
 *(.data)
 .data          0x00127000        0x4 c:/devkitPro/libctru/lib\libctru.a(stack_adjust.o)
                0x00127000                __stacksize__
 *(.data.*)
 .data.currentConsole
                0x00127004        0x4 c:/devkitPro/libctru/lib\libctru.a(console.o)
                0x00127004                currentConsole
 .data.defaultConsole
                0x00127008       0x4c c:/devkitPro/libctru/lib\libctru.a(console.o)
                0x00127008                defaultConsole
 .data.firstConsoleInit.7767
                0x00127054        0x1 c:/devkitPro/libctru/lib\libctru.a(console.o)
 .data.botFormat
                0x00127055        0x1 c:/devkitPro/libctru/lib\libctru.a(gfx.o)
 *fill*         0x00127056        0x2 
 .data.doubleBuf
                0x00127058        0x8 c:/devkitPro/libctru/lib\libctru.a(gfx.o)
 .data.topFormat
                0x00127060        0x1 c:/devkitPro/libctru/lib\libctru.a(gfx.o)
 *fill*         0x00127061        0x3 
 .data.aptFlags
                0x00127064        0x4 c:/devkitPro/libctru/lib\libctru.a(apt.o)
 .data.gspLastEvent
                0x00127068        0x4 c:/devkitPro/libctru/lib\libctru.a(gspgpu.o)
 .data.__ctru_linear_heap_size
                0x0012706c        0x4 c:/devkitPro/libctru/lib\libctru.a(allocateHeaps.o)
                0x0012706c                __ctru_linear_heap_size
 .data.__cwd    0x00127070      0x401 c:/devkitPro/libctru/lib\libctru.a(sdmc_dev.o)
 *fill*         0x00127471        0x3 
 .data.sdmc_devoptab
                0x00127474       0x68 c:/devkitPro/libctru/lib\libctru.a(sdmc_dev.o)
 .data.__sfp_lock
                0x001274dc        0xc c:/devkitpro/devkitarm/bin/../lib/gcc/arm-none-eabi/6.3.0/../../../../arm-none-eabi/lib/armv6k/fpu\libg.a(lib_a-findfp.o)
 .data.__sinit_lock
                0x001274e8        0xc c:/devkitpro/devkitarm/bin/../lib/gcc/arm-none-eabi/6.3.0/../../../../arm-none-eabi/lib/armv6k/fpu\libg.a(lib_a-findfp.o)
 .data._impure_ptr
                0x001274f4        0x4 c:/devkitpro/devkitarm/bin/../lib/gcc/arm-none-eabi/6.3.0/../../../../arm-none-eabi/lib/armv6k/fpu\libg.a(lib_a-impure.o)
                0x001274f4                _impure_ptr
 .data.impure_data
                0x001274f8      0x460 c:/devkitpro/devkitarm/bin/../lib/gcc/arm-none-eabi/6.3.0/../../../../arm-none-eabi/lib/armv6k/fpu\libg.a(lib_a-impure.o)
 .data.__malloc_av_
                0x00127958      0x408 c:/devkitpro/devkitarm/bin/../lib/gcc/arm-none-eabi/6.3.0/../../../../arm-none-eabi/lib/armv6k/fpu\libg.a(lib_a-mallocr.o)
                0x00127958                __malloc_av_
 .data.__malloc_sbrk_base
                0x00127d60        0x4 c:/devkitpro/devkitarm/bin/../lib/gcc/arm-none-eabi/6.3.0/../../../../arm-none-eabi/lib/armv6k/fpu\libg.a(lib_a-mallocr.o)
                0x00127d60                __malloc_sbrk_base
 .data.__malloc_trim_threshold
                0x00127d64        0x4 c:/devkitpro/devkitarm/bin/../lib/gcc/arm-none-eabi/6.3.0/../../../../arm-none-eabi/lib/armv6k/fpu\libg.a(lib_a-mallocr.o)
                0x00127d64                __malloc_trim_threshold
 .data.__malloc_lock_object
                0x00127d68        0xc c:/devkitpro/devkitarm/bin/../lib/gcc/arm-none-eabi/6.3.0/../../../../arm-none-eabi/lib/armv6k/fpu\libg.a(lib_a-mlock.o)
 .data.__global_locale
                0x00127d74      0x16c c:/devkitpro/devkitarm/bin/../lib/gcc/arm-none-eabi/6.3.0/../../../../arm-none-eabi/lib/armv6k/fpu\libg.a(lib_a-locale.o)
                0x00127d74                __global_locale
 .data.defaultDevice
                0x00127ee0        0x4 c:/devkitpro/devkitarm/bin/../lib/gcc/arm-none-eabi/6.3.0/../../../../arm-none-eabi/lib/armv6k/fpu\libsysbase.a(iosupport.o)
 .data.devoptab_list
                0x00127ee4       0x40 c:/devkitpro/devkitarm/bin/../lib/gcc/arm-none-eabi/6.3.0/../../../../arm-none-eabi/lib/armv6k/fpu\libsysbase.a(iosupport.o)
                0x00127ee4                devoptab_list
 .data._current_working_directory
                0x00127f24     0x1000 c:/devkitpro/devkitarm/bin/../lib/gcc/arm-none-eabi/6.3.0/../../../../arm-none-eabi/lib/armv6k/fpu\libsysbase.a(chdir.o)
 .data.__hndl_lock
                0x00128f24        0x4 c:/devkitpro/devkitarm/bin/../lib/gcc/arm-none-eabi/6.3.0/../../../../arm-none-eabi/lib/armv6k/fpu\libsysbase.a(handle_manager.o)
 .data.__stderr_handle
                0x00128f28        0xc c:/devkitpro/devkitarm/bin/../lib/gcc/arm-none-eabi/6.3.0/../../../../arm-none-eabi/lib/armv6k/fpu\libsysbase.a(handle_manager.o)
 .data.__stdin_handle
                0x00128f34        0xc c:/devkitpro/devkitarm/bin/../lib/gcc/arm-none-eabi/6.3.0/../../../../arm-none-eabi/lib/armv6k/fpu\libsysbase.a(handle_manager.o)
 .data.__stdout_handle
                0x00128f40        0xc c:/devkitpro/devkitarm/bin/../lib/gcc/arm-none-eabi/6.3.0/../../../../arm-none-eabi/lib/armv6k/fpu\libsysbase.a(handle_manager.o)
 .data.handles  0x00128f4c     0x1000 c:/devkitpro/devkitarm/bin/../lib/gcc/arm-none-eabi/6.3.0/../../../../arm-none-eabi/lib/armv6k/fpu\libsysbase.a(handle_manager.o)
 *(.gnu.linkonce.d*)
                0x00129f4c                . = ALIGN (0x4)

.igot.plt       0x00129f4c        0x0
 .igot.plt      0x00129f4c        0x0 c:/devkitpro/devkitarm/bin/../lib/gcc/arm-none-eabi/6.3.0/../../../../arm-none-eabi/lib/armv6k/fpu/3dsx_crt0.o

.jcr            0x00129f4c        0x0
 .jcr           0x00129f4c        0x0 c:/devkitpro/devkitarm/bin/../lib/gcc/arm-none-eabi/6.3.0/armv6k/fpu/crtbegin.o

.tm_clone_table
                0x00129f4c        0x0
 .tm_clone_table
                0x00129f4c        0x0 c:/devkitpro/devkitarm/bin/../lib/gcc/arm-none-eabi/6.3.0/armv6k/fpu/crtbegin.o
 .tm_clone_table
                0x00129f4c        0x0 c:/devkitpro/devkitarm/bin/../lib/gcc/arm-none-eabi/6.3.0/armv6k/fpu/crtend.o
                0x00129f4c                __TMC_END__

.tdata          0x00129f4c        0x0
                0x00129f4c                __tdata_lma = .
 *(.tdata)
 *(.tdata.*)
 *(.gnu.linkonce.td.*)
                0x00129f4c                . = ALIGN (0x4)
                0x00129f4c                __tdata_lma_end = .

.tbss           0x00129f4c     0x140c
 *(.tbss)
 *(.tbss.*)
 .tbss.__fixedpath
                0x00129f4c      0x401 c:/devkitPro/libctru/lib\libctru.a(sdmc_dev.o)
 *fill*         0x0012a34d        0x3 
 .tbss.__utf16path
                0x0012a350      0x802 c:/devkitPro/libctru/lib\libctru.a(sdmc_dev.o)
 *fill*         0x0012ab52        0x2 
 .tbss.__utf16path_old.7945
                0x0012ab54      0x802 c:/devkitPro/libctru/lib\libctru.a(sdmc_dev.o)
 *(.gnu.linkonce.tb.*)
 *(.tcommon)
                0x0012b358                . = ALIGN (0x4)
 *fill*         0x0012b356        0x2 

.preinit_array  0x00129f4c        0x0
                0x00129f4c                PROVIDE (__preinit_array_start, .)
 *(.preinit_array)